[2024-02-15T15:26:55.988+0900][gc,init] CardTable entry size: 512
[2024-02-15T15:26:55.988+0900][gc     ] Using G1
[2024-02-15T15:26:55.989+0900][gc,init] Version: 19.0.2+7-44 (release)
[2024-02-15T15:26:55.989+0900][gc,init] CPUs: 8 total, 8 available
[2024-02-15T15:26:55.989+0900][gc,init] Memory: 8192M
[2024-02-15T15:26:55.989+0900][gc,init] Large Page Support: Disabled
[2024-02-15T15:26:55.989+0900][gc,init] NUMA Support: Disabled
[2024-02-15T15:26:55.989+0900][gc,init] Compressed Oops: Enabled (Zero based)
[2024-02-15T15:26:55.989+0900][gc,init] Heap Region Size: 1M
[2024-02-15T15:26:55.989+0900][gc,init] Heap Min Capacity: 1G
[2024-02-15T15:26:55.989+0900][gc,init] Heap Initial Capacity: 1G
[2024-02-15T15:26:55.989+0900][gc,init] Heap Max Capacity: 1G
[2024-02-15T15:26:55.989+0900][gc,init] Pre-touch: Disabled
[2024-02-15T15:26:55.989+0900][gc,init] Parallel Workers: 8
[2024-02-15T15:26:55.989+0900][gc,init] Concurrent Workers: 2
[2024-02-15T15:26:55.989+0900][gc,init] Concurrent Refinement Workers: 8
[2024-02-15T15:26:55.989+0900][gc,init] Periodic GC: Disabled
[2024-02-15T15:26:55.989+0900][gc,metaspace] CDS archive(s) mapped at: [0x0000000800000000-0x0000000800c48000-0x0000000800c48000), size 12877824, SharedBaseAddress: 0x0000000800000000, ArchiveRelocationMode: 0.
[2024-02-15T15:26:55.989+0900][gc,metaspace] Compressed class space mapped at: 0x0000000801000000-0x0000000841000000, reserved size: 1073741824
[2024-02-15T15:26:55.989+0900][gc,metaspace] Narrow klass base: 0x0000000800000000, Narrow klass shift: 0, Narrow klass range: 0x100000000
[2024-02-15T15:26:56.859+0900][gc,start    ] GC(0) Pause Young (Normal) (G1 Evacuation Pause)
[2024-02-15T15:26:56.859+0900][gc,task     ] GC(0) Using 8 workers of 8 for evacuation
[2024-02-15T15:26:56.863+0900][gc,phases   ] GC(0)   Pre Evacuate Collection Set: 0.1ms
[2024-02-15T15:26:56.863+0900][gc,phases   ] GC(0)   Merge Heap Roots: 0.2ms
[2024-02-15T15:26:56.863+0900][gc,phases   ] GC(0)   Evacuate Collection Set: 2.4ms
[2024-02-15T15:26:56.863+0900][gc,phases   ] GC(0)   Post Evacuate Collection Set: 0.3ms
[2024-02-15T15:26:56.863+0900][gc,phases   ] GC(0)   Other: 0.4ms
[2024-02-15T15:26:56.863+0900][gc,heap     ] GC(0) Eden regions: 51->0(44)
[2024-02-15T15:26:56.863+0900][gc,heap     ] GC(0) Survivor regions: 0->7(7)
[2024-02-15T15:26:56.863+0900][gc,heap     ] GC(0) Old regions: 0->1
[2024-02-15T15:26:56.863+0900][gc,heap     ] GC(0) Archive regions: 2->2
[2024-02-15T15:26:56.863+0900][gc,heap     ] GC(0) Humongous regions: 0->0
[2024-02-15T15:26:56.863+0900][gc,metaspace] GC(0) Metaspace: 18301K(18560K)->18301K(18560K) NonClass: 16246K(16384K)->16246K(16384K) Class: 2055K(2176K)->2055K(2176K)
[2024-02-15T15:26:56.863+0900][gc          ] GC(0) Pause Young (Normal) (G1 Evacuation Pause) 51M->8M(1024M) 3.663ms
[2024-02-15T15:26:56.863+0900][gc,cpu      ] GC(0) User=0.02s Sys=0.01s Real=0.01s
[2024-02-15T15:26:56.988+0900][gc,start    ] GC(1) Pause Young (Concurrent Start) (Metadata GC Threshold)
[2024-02-15T15:26:56.988+0900][gc,task     ] GC(1) Using 8 workers of 8 for evacuation
[2024-02-15T15:26:56.992+0900][gc,phases   ] GC(1)   Pre Evacuate Collection Set: 0.2ms
[2024-02-15T15:26:56.992+0900][gc,phases   ] GC(1)   Merge Heap Roots: 0.1ms
[2024-02-15T15:26:56.992+0900][gc,phases   ] GC(1)   Evacuate Collection Set: 3.3ms
[2024-02-15T15:26:56.992+0900][gc,phases   ] GC(1)   Post Evacuate Collection Set: 0.4ms
[2024-02-15T15:26:56.992+0900][gc,phases   ] GC(1)   Other: 0.0ms
[2024-02-15T15:26:56.992+0900][gc,heap     ] GC(1) Eden regions: 12->0(49)
[2024-02-15T15:26:56.992+0900][gc,heap     ] GC(1) Survivor regions: 7->2(7)
[2024-02-15T15:26:56.992+0900][gc,heap     ] GC(1) Old regions: 1->8
[2024-02-15T15:26:56.992+0900][gc,heap     ] GC(1) Archive regions: 2->2
[2024-02-15T15:26:56.992+0900][gc,heap     ] GC(1) Humongous regions: 0->0
[2024-02-15T15:26:56.992+0900][gc,metaspace] GC(1) Metaspace: 21264K(21504K)->21264K(21504K) NonClass: 18824K(19008K)->18824K(19008K) Class: 2440K(2496K)->2440K(2496K)
[2024-02-15T15:26:56.992+0900][gc          ] GC(1) Pause Young (Concurrent Start) (Metadata GC Threshold) 20M->9M(1024M) 4.148ms
[2024-02-15T15:26:56.992+0900][gc,cpu      ] GC(1) User=0.02s Sys=0.00s Real=0.01s
[2024-02-15T15:26:56.992+0900][gc          ] GC(2) Concurrent Mark Cycle
[2024-02-15T15:26:56.992+0900][gc,marking  ] GC(2) Concurrent Clear Claimed Marks
[2024-02-15T15:26:56.992+0900][gc,marking  ] GC(2) Concurrent Clear Claimed Marks 0.013ms
[2024-02-15T15:26:56.992+0900][gc,marking  ] GC(2) Concurrent Scan Root Regions
[2024-02-15T15:26:56.993+0900][gc,marking  ] GC(2) Concurrent Scan Root Regions 1.305ms
[2024-02-15T15:26:56.993+0900][gc,marking  ] GC(2) Concurrent Mark
[2024-02-15T15:26:56.993+0900][gc,marking  ] GC(2) Concurrent Mark From Roots
[2024-02-15T15:26:56.993+0900][gc,task     ] GC(2) Using 2 workers of 2 for marking
[2024-02-15T15:26:56.995+0900][gc,marking  ] GC(2) Concurrent Mark From Roots 1.643ms
[2024-02-15T15:26:56.995+0900][gc,marking  ] GC(2) Concurrent Preclean
[2024-02-15T15:26:56.995+0900][gc,marking  ] GC(2) Concurrent Preclean 0.008ms
[2024-02-15T15:26:56.995+0900][gc,start    ] GC(2) Pause Remark
[2024-02-15T15:26:56.996+0900][gc          ] GC(2) Pause Remark 10M->10M(1024M) 1.239ms
[2024-02-15T15:26:56.996+0900][gc,cpu      ] GC(2) User=0.00s Sys=0.00s Real=0.00s
[2024-02-15T15:26:56.997+0900][gc,marking  ] GC(2) Concurrent Mark 3.962ms
[2024-02-15T15:26:56.997+0900][gc,marking  ] GC(2) Concurrent Rebuild Remembered Sets
[2024-02-15T15:26:56.999+0900][gc,marking  ] GC(2) Concurrent Rebuild Remembered Sets 1.812ms
[2024-02-15T15:26:56.999+0900][gc,start    ] GC(2) Pause Cleanup
[2024-02-15T15:26:56.999+0900][gc          ] GC(2) Pause Cleanup 10M->10M(1024M) 0.084ms
[2024-02-15T15:26:56.999+0900][gc,cpu      ] GC(2) User=0.00s Sys=0.00s Real=0.00s
[2024-02-15T15:26:56.999+0900][gc,marking  ] GC(2) Concurrent Cleanup for Next Mark
[2024-02-15T15:26:57.001+0900][gc,marking  ] GC(2) Concurrent Cleanup for Next Mark 1.960ms
[2024-02-15T15:26:57.001+0900][gc          ] GC(2) Concurrent Mark Cycle 9.493ms
[2024-02-15T15:26:57.426+0900][gc,start    ] GC(3) Pause Young (Normal) (G1 Evacuation Pause)
[2024-02-15T15:26:57.426+0900][gc,task     ] GC(3) Using 8 workers of 8 for evacuation
[2024-02-15T15:26:57.429+0900][gc,phases   ] GC(3)   Pre Evacuate Collection Set: 0.1ms
[2024-02-15T15:26:57.429+0900][gc,phases   ] GC(3)   Merge Heap Roots: 0.0ms
[2024-02-15T15:26:57.429+0900][gc,phases   ] GC(3)   Evacuate Collection Set: 2.4ms
[2024-02-15T15:26:57.429+0900][gc,phases   ] GC(3)   Post Evacuate Collection Set: 0.3ms
[2024-02-15T15:26:57.429+0900][gc,phases   ] GC(3)   Other: 0.0ms
[2024-02-15T15:26:57.429+0900][gc,heap     ] GC(3) Eden regions: 49->0(44)
[2024-02-15T15:26:57.429+0900][gc,heap     ] GC(3) Survivor regions: 2->7(7)
[2024-02-15T15:26:57.429+0900][gc,heap     ] GC(3) Old regions: 8->8
[2024-02-15T15:26:57.429+0900][gc,heap     ] GC(3) Archive regions: 2->2
[2024-02-15T15:26:57.429+0900][gc,heap     ] GC(3) Humongous regions: 129->129
[2024-02-15T15:26:57.429+0900][gc,metaspace] GC(3) Metaspace: 32922K(33152K)->32922K(33152K) NonClass: 29450K(29568K)->29450K(29568K) Class: 3472K(3584K)->3472K(3584K)
[2024-02-15T15:26:57.429+0900][gc          ] GC(3) Pause Young (Normal) (G1 Evacuation Pause) 187M->143M(1024M) 3.084ms
[2024-02-15T15:26:57.430+0900][gc,cpu      ] GC(3) User=0.01s Sys=0.00s Real=0.00s
[2024-02-15T15:39:13.886+0900][gc,start    ] GC(4) Pause Young (Concurrent Start) (Metadata GC Threshold)
[2024-02-15T15:39:13.889+0900][gc,task     ] GC(4) Using 8 workers of 8 for evacuation
[2024-02-15T15:39:13.902+0900][gc,phases   ] GC(4)   Pre Evacuate Collection Set: 0.9ms
[2024-02-15T15:39:13.902+0900][gc,phases   ] GC(4)   Merge Heap Roots: 0.2ms
[2024-02-15T15:39:13.902+0900][gc,phases   ] GC(4)   Evacuate Collection Set: 10.7ms
[2024-02-15T15:39:13.902+0900][gc,phases   ] GC(4)   Post Evacuate Collection Set: 0.7ms
[2024-02-15T15:39:13.902+0900][gc,phases   ] GC(4)   Other: 0.6ms
[2024-02-15T15:39:13.902+0900][gc,heap     ] GC(4) Eden regions: 20->0(50)
[2024-02-15T15:39:13.902+0900][gc,heap     ] GC(4) Survivor regions: 7->1(7)
[2024-02-15T15:39:13.902+0900][gc,heap     ] GC(4) Old regions: 8->14
[2024-02-15T15:39:13.902+0900][gc,heap     ] GC(4) Archive regions: 2->2
[2024-02-15T15:39:13.902+0900][gc,heap     ] GC(4) Humongous regions: 129->129
[2024-02-15T15:39:13.902+0900][gc,metaspace] GC(4) Metaspace: 35730K(35968K)->35730K(35968K) NonClass: 31864K(32000K)->31864K(32000K) Class: 3865K(3968K)->3865K(3968K)
[2024-02-15T15:39:13.902+0900][gc          ] GC(4) Pause Young (Concurrent Start) (Metadata GC Threshold) 162M->144M(1024M) 16.672ms
[2024-02-15T15:39:13.902+0900][gc,cpu      ] GC(4) User=0.02s Sys=0.01s Real=0.02s
[2024-02-15T15:39:13.902+0900][gc          ] GC(5) Concurrent Mark Cycle
[2024-02-15T15:39:13.902+0900][gc,marking  ] GC(5) Concurrent Clear Claimed Marks
[2024-02-15T15:39:13.902+0900][gc,marking  ] GC(5) Concurrent Clear Claimed Marks 0.058ms
[2024-02-15T15:39:13.902+0900][gc,marking  ] GC(5) Concurrent Scan Root Regions
[2024-02-15T15:39:13.906+0900][gc,marking  ] GC(5) Concurrent Scan Root Regions 3.326ms
[2024-02-15T15:39:13.906+0900][gc,marking  ] GC(5) Concurrent Mark
[2024-02-15T15:39:13.906+0900][gc,marking  ] GC(5) Concurrent Mark From Roots
[2024-02-15T15:39:13.906+0900][gc,task     ] GC(5) Using 2 workers of 2 for marking
[2024-02-15T15:39:13.915+0900][gc,marking  ] GC(5) Concurrent Mark From Roots 9.425ms
[2024-02-15T15:39:13.915+0900][gc,marking  ] GC(5) Concurrent Preclean
[2024-02-15T15:39:13.915+0900][gc,marking  ] GC(5) Concurrent Preclean 0.095ms
[2024-02-15T15:39:13.919+0900][gc,start    ] GC(5) Pause Remark
[2024-02-15T15:39:13.921+0900][gc          ] GC(5) Pause Remark 144M->144M(1024M) 1.963ms
[2024-02-15T15:39:13.921+0900][gc,cpu      ] GC(5) User=0.00s Sys=0.00s Real=0.01s
[2024-02-15T15:39:13.921+0900][gc,marking  ] GC(5) Concurrent Mark 15.198ms
[2024-02-15T15:39:13.921+0900][gc,marking  ] GC(5) Concurrent Rebuild Remembered Sets
[2024-02-15T15:39:13.924+0900][gc,marking  ] GC(5) Concurrent Rebuild Remembered Sets 3.557ms
[2024-02-15T15:39:13.925+0900][gc,start    ] GC(5) Pause Cleanup
[2024-02-15T15:39:13.925+0900][gc          ] GC(5) Pause Cleanup 144M->144M(1024M) 0.095ms
[2024-02-15T15:39:13.925+0900][gc,cpu      ] GC(5) User=0.00s Sys=0.00s Real=0.00s
[2024-02-15T15:39:13.925+0900][gc,marking  ] GC(5) Concurrent Cleanup for Next Mark
[2024-02-15T15:39:13.927+0900][gc,marking  ] GC(5) Concurrent Cleanup for Next Mark 1.854ms
[2024-02-15T15:39:13.927+0900][gc          ] GC(5) Concurrent Mark Cycle 24.578ms
[2024-02-15T15:39:14.096+0900][gc,heap,exit] Heap
[2024-02-15T15:39:14.096+0900][gc,heap,exit]  garbage-first heap   total 1048576K, used 154771K [0x00000007c0000000, 0x0000000800000000)
[2024-02-15T15:39:14.096+0900][gc,heap,exit]   region size 1024K, 9 young (9216K), 1 survivors (1024K)
[2024-02-15T15:39:14.096+0900][gc,heap,exit]  Metaspace       used 36147K, committed 36480K, reserved 1114112K
[2024-02-15T15:39:14.096+0900][gc,heap,exit]   class space    used 3946K, committed 4096K, reserved 1048576K
