[2024-02-16T09:27:01.806+0900][gc,init] CardTable entry size: 512
[2024-02-16T09:27:01.806+0900][gc     ] Using G1
[2024-02-16T09:27:01.808+0900][gc,init] Version: 19.0.2+7-44 (release)
[2024-02-16T09:27:01.808+0900][gc,init] CPUs: 8 total, 8 available
[2024-02-16T09:27:01.808+0900][gc,init] Memory: 8192M
[2024-02-16T09:27:01.808+0900][gc,init] Large Page Support: Disabled
[2024-02-16T09:27:01.808+0900][gc,init] NUMA Support: Disabled
[2024-02-16T09:27:01.808+0900][gc,init] Compressed Oops: Enabled (Zero based)
[2024-02-16T09:27:01.808+0900][gc,init] Heap Region Size: 1M
[2024-02-16T09:27:01.808+0900][gc,init] Heap Min Capacity: 1G
[2024-02-16T09:27:01.808+0900][gc,init] Heap Initial Capacity: 1G
[2024-02-16T09:27:01.808+0900][gc,init] Heap Max Capacity: 1G
[2024-02-16T09:27:01.808+0900][gc,init] Pre-touch: Disabled
[2024-02-16T09:27:01.808+0900][gc,init] Parallel Workers: 8
[2024-02-16T09:27:01.808+0900][gc,init] Concurrent Workers: 2
[2024-02-16T09:27:01.808+0900][gc,init] Concurrent Refinement Workers: 8
[2024-02-16T09:27:01.808+0900][gc,init] Periodic GC: Disabled
[2024-02-16T09:27:01.808+0900][gc,metaspace] CDS archive(s) mapped at: [0x0000000800000000-0x0000000800c48000-0x0000000800c48000), size 12877824, SharedBaseAddress: 0x0000000800000000, ArchiveRelocationMode: 0.
[2024-02-16T09:27:01.808+0900][gc,metaspace] Compressed class space mapped at: 0x0000000801000000-0x0000000841000000, reserved size: 1073741824
[2024-02-16T09:27:01.808+0900][gc,metaspace] Narrow klass base: 0x0000000800000000, Narrow klass shift: 0, Narrow klass range: 0x100000000
[2024-02-16T09:27:02.567+0900][gc,start    ] GC(0) Pause Young (Normal) (G1 Evacuation Pause)
[2024-02-16T09:27:02.567+0900][gc,task     ] GC(0) Using 8 workers of 8 for evacuation
[2024-02-16T09:27:02.570+0900][gc,phases   ] GC(0)   Pre Evacuate Collection Set: 0.1ms
[2024-02-16T09:27:02.570+0900][gc,phases   ] GC(0)   Merge Heap Roots: 0.0ms
[2024-02-16T09:27:02.570+0900][gc,phases   ] GC(0)   Evacuate Collection Set: 2.1ms
[2024-02-16T09:27:02.570+0900][gc,phases   ] GC(0)   Post Evacuate Collection Set: 0.3ms
[2024-02-16T09:27:02.570+0900][gc,phases   ] GC(0)   Other: 0.2ms
[2024-02-16T09:27:02.570+0900][gc,heap     ] GC(0) Eden regions: 51->0(44)
[2024-02-16T09:27:02.570+0900][gc,heap     ] GC(0) Survivor regions: 0->7(7)
[2024-02-16T09:27:02.570+0900][gc,heap     ] GC(0) Old regions: 0->1
[2024-02-16T09:27:02.570+0900][gc,heap     ] GC(0) Archive regions: 2->2
[2024-02-16T09:27:02.570+0900][gc,heap     ] GC(0) Humongous regions: 0->0
[2024-02-16T09:27:02.570+0900][gc,metaspace] GC(0) Metaspace: 18260K(18496K)->18260K(18496K) NonClass: 16206K(16320K)->16206K(16320K) Class: 2053K(2176K)->2053K(2176K)
[2024-02-16T09:27:02.570+0900][gc          ] GC(0) Pause Young (Normal) (G1 Evacuation Pause) 51M->8M(1024M) 2.889ms
[2024-02-16T09:27:02.570+0900][gc,cpu      ] GC(0) User=0.01s Sys=0.00s Real=0.01s
[2024-02-16T09:27:02.690+0900][gc,start    ] GC(1) Pause Young (Concurrent Start) (Metadata GC Threshold)
[2024-02-16T09:27:02.690+0900][gc,task     ] GC(1) Using 8 workers of 8 for evacuation
[2024-02-16T09:27:02.693+0900][gc,phases   ] GC(1)   Pre Evacuate Collection Set: 0.1ms
[2024-02-16T09:27:02.693+0900][gc,phases   ] GC(1)   Merge Heap Roots: 0.0ms
[2024-02-16T09:27:02.693+0900][gc,phases   ] GC(1)   Evacuate Collection Set: 2.6ms
[2024-02-16T09:27:02.693+0900][gc,phases   ] GC(1)   Post Evacuate Collection Set: 0.2ms
[2024-02-16T09:27:02.693+0900][gc,phases   ] GC(1)   Other: 0.0ms
[2024-02-16T09:27:02.693+0900][gc,heap     ] GC(1) Eden regions: 12->0(49)
[2024-02-16T09:27:02.693+0900][gc,heap     ] GC(1) Survivor regions: 7->2(7)
[2024-02-16T09:27:02.693+0900][gc,heap     ] GC(1) Old regions: 1->8
[2024-02-16T09:27:02.693+0900][gc,heap     ] GC(1) Archive regions: 2->2
[2024-02-16T09:27:02.693+0900][gc,heap     ] GC(1) Humongous regions: 0->0
[2024-02-16T09:27:02.693+0900][gc,metaspace] GC(1) Metaspace: 21291K(21504K)->21291K(21504K) NonClass: 18850K(18944K)->18850K(18944K) Class: 2441K(2560K)->2441K(2560K)
[2024-02-16T09:27:02.693+0900][gc          ] GC(1) Pause Young (Concurrent Start) (Metadata GC Threshold) 20M->9M(1024M) 3.125ms
[2024-02-16T09:27:02.693+0900][gc          ] GC(2) Concurrent Mark Cycle
[2024-02-16T09:27:02.693+0900][gc,cpu      ] GC(1) User=0.01s Sys=0.01s Real=0.00s
[2024-02-16T09:27:02.693+0900][gc,marking  ] GC(2) Concurrent Clear Claimed Marks
[2024-02-16T09:27:02.693+0900][gc,marking  ] GC(2) Concurrent Clear Claimed Marks 0.022ms
[2024-02-16T09:27:02.693+0900][gc,marking  ] GC(2) Concurrent Scan Root Regions
[2024-02-16T09:27:02.694+0900][gc,marking  ] GC(2) Concurrent Scan Root Regions 1.447ms
[2024-02-16T09:27:02.694+0900][gc,marking  ] GC(2) Concurrent Mark
[2024-02-16T09:27:02.694+0900][gc,marking  ] GC(2) Concurrent Mark From Roots
[2024-02-16T09:27:02.694+0900][gc,task     ] GC(2) Using 2 workers of 2 for marking
[2024-02-16T09:27:02.695+0900][gc,marking  ] GC(2) Concurrent Mark From Roots 1.148ms
[2024-02-16T09:27:02.695+0900][gc,marking  ] GC(2) Concurrent Preclean
[2024-02-16T09:27:02.695+0900][gc,marking  ] GC(2) Concurrent Preclean 0.008ms
[2024-02-16T09:27:02.695+0900][gc,start    ] GC(2) Pause Remark
[2024-02-16T09:27:02.696+0900][gc          ] GC(2) Pause Remark 9M->9M(1024M) 0.892ms
[2024-02-16T09:27:02.696+0900][gc,cpu      ] GC(2) User=0.00s Sys=0.00s Real=0.00s
[2024-02-16T09:27:02.696+0900][gc,marking  ] GC(2) Concurrent Mark 2.196ms
[2024-02-16T09:27:02.696+0900][gc,marking  ] GC(2) Concurrent Rebuild Remembered Sets
[2024-02-16T09:27:02.698+0900][gc,marking  ] GC(2) Concurrent Rebuild Remembered Sets 1.523ms
[2024-02-16T09:27:02.698+0900][gc,start    ] GC(2) Pause Cleanup
[2024-02-16T09:27:02.698+0900][gc          ] GC(2) Pause Cleanup 10M->10M(1024M) 0.053ms
[2024-02-16T09:27:02.698+0900][gc,cpu      ] GC(2) User=0.00s Sys=0.00s Real=0.00s
[2024-02-16T09:27:02.698+0900][gc,marking  ] GC(2) Concurrent Cleanup for Next Mark
[2024-02-16T09:27:02.700+0900][gc,marking  ] GC(2) Concurrent Cleanup for Next Mark 1.498ms
[2024-02-16T09:27:02.700+0900][gc          ] GC(2) Concurrent Mark Cycle 6.908ms
[2024-02-16T09:27:03.533+0900][gc,start    ] GC(3) Pause Young (Normal) (G1 Evacuation Pause)
[2024-02-16T09:27:03.533+0900][gc,task     ] GC(3) Using 8 workers of 8 for evacuation
[2024-02-16T09:27:03.536+0900][gc,phases   ] GC(3)   Pre Evacuate Collection Set: 0.1ms
[2024-02-16T09:27:03.536+0900][gc,phases   ] GC(3)   Merge Heap Roots: 0.0ms
[2024-02-16T09:27:03.536+0900][gc,phases   ] GC(3)   Evacuate Collection Set: 2.8ms
[2024-02-16T09:27:03.536+0900][gc,phases   ] GC(3)   Post Evacuate Collection Set: 0.2ms
[2024-02-16T09:27:03.536+0900][gc,phases   ] GC(3)   Other: 0.0ms
[2024-02-16T09:27:03.536+0900][gc,heap     ] GC(3) Eden regions: 49->0(45)
[2024-02-16T09:27:03.536+0900][gc,heap     ] GC(3) Survivor regions: 2->6(7)
[2024-02-16T09:27:03.536+0900][gc,heap     ] GC(3) Old regions: 8->8
[2024-02-16T09:27:03.536+0900][gc,heap     ] GC(3) Archive regions: 2->2
[2024-02-16T09:27:03.536+0900][gc,heap     ] GC(3) Humongous regions: 129->129
[2024-02-16T09:27:03.536+0900][gc,metaspace] GC(3) Metaspace: 30875K(31168K)->30875K(31168K) NonClass: 27506K(27648K)->27506K(27648K) Class: 3368K(3520K)->3368K(3520K)
[2024-02-16T09:27:03.536+0900][gc          ] GC(3) Pause Young (Normal) (G1 Evacuation Pause) 187M->142M(1024M) 3.319ms
[2024-02-16T09:27:03.536+0900][gc,cpu      ] GC(3) User=0.01s Sys=0.00s Real=0.00s
[2024-02-16T09:27:04.214+0900][gc,heap,exit] Heap
[2024-02-16T09:27:04.214+0900][gc,heap,exit]  garbage-first heap   total 1048576K, used 157412K [0x00000007c0000000, 0x0000000800000000)
[2024-02-16T09:27:04.214+0900][gc,heap,exit]   region size 1024K, 17 young (17408K), 6 survivors (6144K)
[2024-02-16T09:27:04.214+0900][gc,heap,exit]  Metaspace       used 32267K, committed 32576K, reserved 1114112K
[2024-02-16T09:27:04.214+0900][gc,heap,exit]   class space    used 3593K, committed 3776K, reserved 1048576K
