[2024-02-16T09:07:28.377+0900][gc,init] CardTable entry size: 512
[2024-02-16T09:07:28.377+0900][gc     ] Using G1
[2024-02-16T09:07:28.379+0900][gc,init] Version: 19.0.2+7-44 (release)
[2024-02-16T09:07:28.379+0900][gc,init] CPUs: 8 total, 8 available
[2024-02-16T09:07:28.379+0900][gc,init] Memory: 8192M
[2024-02-16T09:07:28.379+0900][gc,init] Large Page Support: Disabled
[2024-02-16T09:07:28.379+0900][gc,init] NUMA Support: Disabled
[2024-02-16T09:07:28.379+0900][gc,init] Compressed Oops: Enabled (Zero based)
[2024-02-16T09:07:28.379+0900][gc,init] Heap Region Size: 1M
[2024-02-16T09:07:28.379+0900][gc,init] Heap Min Capacity: 1G
[2024-02-16T09:07:28.379+0900][gc,init] Heap Initial Capacity: 1G
[2024-02-16T09:07:28.379+0900][gc,init] Heap Max Capacity: 1G
[2024-02-16T09:07:28.379+0900][gc,init] Pre-touch: Disabled
[2024-02-16T09:07:28.379+0900][gc,init] Parallel Workers: 8
[2024-02-16T09:07:28.379+0900][gc,init] Concurrent Workers: 2
[2024-02-16T09:07:28.379+0900][gc,init] Concurrent Refinement Workers: 8
[2024-02-16T09:07:28.379+0900][gc,init] Periodic GC: Disabled
[2024-02-16T09:07:28.379+0900][gc,metaspace] CDS archive(s) mapped at: [0x0000000800000000-0x0000000800c48000-0x0000000800c48000), size 12877824, SharedBaseAddress: 0x0000000800000000, ArchiveRelocationMode: 0.
[2024-02-16T09:07:28.379+0900][gc,metaspace] Compressed class space mapped at: 0x0000000801000000-0x0000000841000000, reserved size: 1073741824
[2024-02-16T09:07:28.379+0900][gc,metaspace] Narrow klass base: 0x0000000800000000, Narrow klass shift: 0, Narrow klass range: 0x100000000
[2024-02-16T09:07:29.223+0900][gc,start    ] GC(0) Pause Young (Normal) (G1 Evacuation Pause)
[2024-02-16T09:07:29.224+0900][gc,task     ] GC(0) Using 8 workers of 8 for evacuation
[2024-02-16T09:07:29.229+0900][gc,phases   ] GC(0)   Pre Evacuate Collection Set: 0.6ms
[2024-02-16T09:07:29.229+0900][gc,phases   ] GC(0)   Merge Heap Roots: 0.1ms
[2024-02-16T09:07:29.229+0900][gc,phases   ] GC(0)   Evacuate Collection Set: 4.5ms
[2024-02-16T09:07:29.229+0900][gc,phases   ] GC(0)   Post Evacuate Collection Set: 0.4ms
[2024-02-16T09:07:29.229+0900][gc,phases   ] GC(0)   Other: 0.3ms
[2024-02-16T09:07:29.229+0900][gc,heap     ] GC(0) Eden regions: 51->0(44)
[2024-02-16T09:07:29.229+0900][gc,heap     ] GC(0) Survivor regions: 0->7(7)
[2024-02-16T09:07:29.229+0900][gc,heap     ] GC(0) Old regions: 0->1
[2024-02-16T09:07:29.229+0900][gc,heap     ] GC(0) Archive regions: 2->2
[2024-02-16T09:07:29.229+0900][gc,heap     ] GC(0) Humongous regions: 0->0
[2024-02-16T09:07:29.229+0900][gc,metaspace] GC(0) Metaspace: 18252K(18496K)->18252K(18496K) NonClass: 16197K(16320K)->16197K(16320K) Class: 2054K(2176K)->2054K(2176K)
[2024-02-16T09:07:29.229+0900][gc          ] GC(0) Pause Young (Normal) (G1 Evacuation Pause) 51M->8M(1024M) 6.003ms
[2024-02-16T09:07:29.229+0900][gc,cpu      ] GC(0) User=0.02s Sys=0.00s Real=0.00s
[2024-02-16T09:07:29.350+0900][gc,start    ] GC(1) Pause Young (Concurrent Start) (Metadata GC Threshold)
[2024-02-16T09:07:29.350+0900][gc,task     ] GC(1) Using 8 workers of 8 for evacuation
[2024-02-16T09:07:29.353+0900][gc,phases   ] GC(1)   Pre Evacuate Collection Set: 0.2ms
[2024-02-16T09:07:29.353+0900][gc,phases   ] GC(1)   Merge Heap Roots: 0.0ms
[2024-02-16T09:07:29.353+0900][gc,phases   ] GC(1)   Evacuate Collection Set: 2.4ms
[2024-02-16T09:07:29.353+0900][gc,phases   ] GC(1)   Post Evacuate Collection Set: 0.2ms
[2024-02-16T09:07:29.353+0900][gc,phases   ] GC(1)   Other: 0.0ms
[2024-02-16T09:07:29.353+0900][gc,heap     ] GC(1) Eden regions: 12->0(50)
[2024-02-16T09:07:29.353+0900][gc,heap     ] GC(1) Survivor regions: 7->1(7)
[2024-02-16T09:07:29.353+0900][gc,heap     ] GC(1) Old regions: 1->8
[2024-02-16T09:07:29.353+0900][gc,heap     ] GC(1) Archive regions: 2->2
[2024-02-16T09:07:29.353+0900][gc,heap     ] GC(1) Humongous regions: 0->0
[2024-02-16T09:07:29.353+0900][gc,metaspace] GC(1) Metaspace: 21318K(21504K)->21318K(21504K) NonClass: 18869K(18944K)->18869K(18944K) Class: 2448K(2560K)->2448K(2560K)
[2024-02-16T09:07:29.353+0900][gc          ] GC(1) Pause Young (Concurrent Start) (Metadata GC Threshold) 20M->9M(1024M) 3.008ms
[2024-02-16T09:07:29.353+0900][gc          ] GC(2) Concurrent Mark Cycle
[2024-02-16T09:07:29.353+0900][gc,cpu      ] GC(1) User=0.01s Sys=0.01s Real=0.00s
[2024-02-16T09:07:29.353+0900][gc,marking  ] GC(2) Concurrent Clear Claimed Marks
[2024-02-16T09:07:29.353+0900][gc,marking  ] GC(2) Concurrent Clear Claimed Marks 0.021ms
[2024-02-16T09:07:29.353+0900][gc,marking  ] GC(2) Concurrent Scan Root Regions
[2024-02-16T09:07:29.354+0900][gc,marking  ] GC(2) Concurrent Scan Root Regions 1.234ms
[2024-02-16T09:07:29.354+0900][gc,marking  ] GC(2) Concurrent Mark
[2024-02-16T09:07:29.354+0900][gc,marking  ] GC(2) Concurrent Mark From Roots
[2024-02-16T09:07:29.354+0900][gc,task     ] GC(2) Using 2 workers of 2 for marking
[2024-02-16T09:07:29.355+0900][gc,marking  ] GC(2) Concurrent Mark From Roots 0.740ms
[2024-02-16T09:07:29.355+0900][gc,marking  ] GC(2) Concurrent Preclean
[2024-02-16T09:07:29.355+0900][gc,marking  ] GC(2) Concurrent Preclean 0.006ms
[2024-02-16T09:07:29.355+0900][gc,start    ] GC(2) Pause Remark
[2024-02-16T09:07:29.356+0900][gc          ] GC(2) Pause Remark 10M->10M(1024M) 1.496ms
[2024-02-16T09:07:29.356+0900][gc,cpu      ] GC(2) User=0.00s Sys=0.00s Real=0.00s
[2024-02-16T09:07:29.356+0900][gc,marking  ] GC(2) Concurrent Mark 2.332ms
[2024-02-16T09:07:29.356+0900][gc,marking  ] GC(2) Concurrent Rebuild Remembered Sets
[2024-02-16T09:07:29.358+0900][gc,marking  ] GC(2) Concurrent Rebuild Remembered Sets 1.966ms
[2024-02-16T09:07:29.358+0900][gc,start    ] GC(2) Pause Cleanup
[2024-02-16T09:07:29.358+0900][gc          ] GC(2) Pause Cleanup 10M->10M(1024M) 0.058ms
[2024-02-16T09:07:29.358+0900][gc,cpu      ] GC(2) User=0.00s Sys=0.00s Real=0.00s
[2024-02-16T09:07:29.358+0900][gc,marking  ] GC(2) Concurrent Cleanup for Next Mark
[2024-02-16T09:07:29.360+0900][gc,marking  ] GC(2) Concurrent Cleanup for Next Mark 1.533ms
[2024-02-16T09:07:29.360+0900][gc          ] GC(2) Concurrent Mark Cycle 7.315ms
[2024-02-16T09:07:29.801+0900][gc,start    ] GC(3) Pause Young (Normal) (G1 Evacuation Pause)
[2024-02-16T09:07:29.801+0900][gc,task     ] GC(3) Using 8 workers of 8 for evacuation
[2024-02-16T09:07:29.805+0900][gc,phases   ] GC(3)   Pre Evacuate Collection Set: 0.1ms
[2024-02-16T09:07:29.805+0900][gc,phases   ] GC(3)   Merge Heap Roots: 0.1ms
[2024-02-16T09:07:29.805+0900][gc,phases   ] GC(3)   Evacuate Collection Set: 3.3ms
[2024-02-16T09:07:29.805+0900][gc,phases   ] GC(3)   Post Evacuate Collection Set: 0.4ms
[2024-02-16T09:07:29.805+0900][gc,phases   ] GC(3)   Other: 0.0ms
[2024-02-16T09:07:29.805+0900][gc,heap     ] GC(3) Eden regions: 50->0(44)
[2024-02-16T09:07:29.805+0900][gc,heap     ] GC(3) Survivor regions: 1->7(7)
[2024-02-16T09:07:29.805+0900][gc,heap     ] GC(3) Old regions: 8->8
[2024-02-16T09:07:29.805+0900][gc,heap     ] GC(3) Archive regions: 2->2
[2024-02-16T09:07:29.805+0900][gc,heap     ] GC(3) Humongous regions: 129->129
[2024-02-16T09:07:29.805+0900][gc,metaspace] GC(3) Metaspace: 33022K(33280K)->33022K(33280K) NonClass: 29545K(29696K)->29545K(29696K) Class: 3477K(3584K)->3477K(3584K)
[2024-02-16T09:07:29.805+0900][gc          ] GC(3) Pause Young (Normal) (G1 Evacuation Pause) 188M->143M(1024M) 4.126ms
[2024-02-16T09:07:29.805+0900][gc,cpu      ] GC(3) User=0.02s Sys=0.01s Real=0.00s
[2024-02-16T09:11:59.143+0900][gc,start    ] GC(4) Pause Young (Concurrent Start) (Metadata GC Threshold)
[2024-02-16T09:11:59.144+0900][gc,task     ] GC(4) Using 8 workers of 8 for evacuation
[2024-02-16T09:11:59.159+0900][gc,phases   ] GC(4)   Pre Evacuate Collection Set: 0.6ms
[2024-02-16T09:11:59.159+0900][gc,phases   ] GC(4)   Merge Heap Roots: 0.1ms
[2024-02-16T09:11:59.159+0900][gc,phases   ] GC(4)   Evacuate Collection Set: 13.7ms
[2024-02-16T09:11:59.159+0900][gc,phases   ] GC(4)   Post Evacuate Collection Set: 0.8ms
[2024-02-16T09:11:59.159+0900][gc,phases   ] GC(4)   Other: 0.1ms
[2024-02-16T09:11:59.159+0900][gc,heap     ] GC(4) Eden regions: 15->0(50)
[2024-02-16T09:11:59.159+0900][gc,heap     ] GC(4) Survivor regions: 7->1(7)
[2024-02-16T09:11:59.159+0900][gc,heap     ] GC(4) Old regions: 8->14
[2024-02-16T09:11:59.159+0900][gc,heap     ] GC(4) Archive regions: 2->2
[2024-02-16T09:11:59.159+0900][gc,heap     ] GC(4) Humongous regions: 129->129
[2024-02-16T09:11:59.159+0900][gc,metaspace] GC(4) Metaspace: 35669K(35968K)->35669K(35968K) NonClass: 31787K(31936K)->31787K(31936K) Class: 3881K(4032K)->3881K(4032K)
[2024-02-16T09:11:59.159+0900][gc          ] GC(4) Pause Young (Concurrent Start) (Metadata GC Threshold) 157M->144M(1024M) 15.861ms
[2024-02-16T09:11:59.159+0900][gc,cpu      ] GC(4) User=0.02s Sys=0.02s Real=0.01s
[2024-02-16T09:11:59.159+0900][gc          ] GC(5) Concurrent Mark Cycle
[2024-02-16T09:11:59.159+0900][gc,marking  ] GC(5) Concurrent Clear Claimed Marks
[2024-02-16T09:11:59.159+0900][gc,marking  ] GC(5) Concurrent Clear Claimed Marks 0.022ms
[2024-02-16T09:11:59.159+0900][gc,marking  ] GC(5) Concurrent Scan Root Regions
[2024-02-16T09:11:59.163+0900][gc,marking  ] GC(5) Concurrent Scan Root Regions 3.172ms
[2024-02-16T09:11:59.163+0900][gc,marking  ] GC(5) Concurrent Mark
[2024-02-16T09:11:59.163+0900][gc,marking  ] GC(5) Concurrent Mark From Roots
[2024-02-16T09:11:59.163+0900][gc,task     ] GC(5) Using 2 workers of 2 for marking
[2024-02-16T09:11:59.168+0900][gc,marking  ] GC(5) Concurrent Mark From Roots 5.120ms
[2024-02-16T09:11:59.168+0900][gc,marking  ] GC(5) Concurrent Preclean
[2024-02-16T09:11:59.168+0900][gc,marking  ] GC(5) Concurrent Preclean 0.114ms
[2024-02-16T09:11:59.168+0900][gc,start    ] GC(5) Pause Remark
[2024-02-16T09:11:59.172+0900][gc          ] GC(5) Pause Remark 144M->144M(1024M) 3.348ms
[2024-02-16T09:11:59.172+0900][gc,cpu      ] GC(5) User=0.01s Sys=0.00s Real=0.01s
[2024-02-16T09:11:59.172+0900][gc,marking  ] GC(5) Concurrent Mark 9.232ms
[2024-02-16T09:11:59.172+0900][gc,marking  ] GC(5) Concurrent Rebuild Remembered Sets
[2024-02-16T09:11:59.177+0900][gc,marking  ] GC(5) Concurrent Rebuild Remembered Sets 4.657ms
[2024-02-16T09:11:59.177+0900][gc,start    ] GC(5) Pause Cleanup
[2024-02-16T09:11:59.178+0900][gc          ] GC(5) Pause Cleanup 144M->144M(1024M) 0.803ms
[2024-02-16T09:11:59.178+0900][gc,cpu      ] GC(5) User=0.00s Sys=0.00s Real=0.00s
[2024-02-16T09:11:59.178+0900][gc,marking  ] GC(5) Concurrent Cleanup for Next Mark
[2024-02-16T09:11:59.180+0900][gc,marking  ] GC(5) Concurrent Cleanup for Next Mark 2.536ms
[2024-02-16T09:11:59.180+0900][gc          ] GC(5) Concurrent Mark Cycle 20.887ms
[2024-02-16T09:25:26.540+0900][gc,heap,exit] Heap
[2024-02-16T09:25:26.541+0900][gc,heap,exit]  garbage-first heap   total 1048576K, used 185690K [0x00000007c0000000, 0x0000000800000000)
[2024-02-16T09:25:26.541+0900][gc,heap,exit]   region size 1024K, 39 young (39936K), 1 survivors (1024K)
[2024-02-16T09:25:26.541+0900][gc,heap,exit]  Metaspace       used 40130K, committed 40704K, reserved 1114112K
[2024-02-16T09:25:26.541+0900][gc,heap,exit]   class space    used 4614K, committed 4864K, reserved 1048576K
