[2024-02-15T15:27:12.919+0900][gc,init] CardTable entry size: 512
[2024-02-15T15:27:12.919+0900][gc     ] Using G1
[2024-02-15T15:27:12.920+0900][gc,init] Version: 19.0.2+7-44 (release)
[2024-02-15T15:27:12.920+0900][gc,init] CPUs: 8 total, 8 available
[2024-02-15T15:27:12.920+0900][gc,init] Memory: 8192M
[2024-02-15T15:27:12.920+0900][gc,init] Large Page Support: Disabled
[2024-02-15T15:27:12.920+0900][gc,init] NUMA Support: Disabled
[2024-02-15T15:27:12.920+0900][gc,init] Compressed Oops: Enabled (Zero based)
[2024-02-15T15:27:12.920+0900][gc,init] Heap Region Size: 1M
[2024-02-15T15:27:12.920+0900][gc,init] Heap Min Capacity: 1G
[2024-02-15T15:27:12.920+0900][gc,init] Heap Initial Capacity: 1G
[2024-02-15T15:27:12.920+0900][gc,init] Heap Max Capacity: 1G
[2024-02-15T15:27:12.920+0900][gc,init] Pre-touch: Disabled
[2024-02-15T15:27:12.920+0900][gc,init] Parallel Workers: 8
[2024-02-15T15:27:12.920+0900][gc,init] Concurrent Workers: 2
[2024-02-15T15:27:12.920+0900][gc,init] Concurrent Refinement Workers: 8
[2024-02-15T15:27:12.920+0900][gc,init] Periodic GC: Disabled
[2024-02-15T15:27:12.920+0900][gc,metaspace] CDS archive(s) mapped at: [0x0000000800000000-0x0000000800c48000-0x0000000800c48000), size 12877824, SharedBaseAddress: 0x0000000800000000, ArchiveRelocationMode: 0.
[2024-02-15T15:27:12.920+0900][gc,metaspace] Compressed class space mapped at: 0x0000000801000000-0x0000000841000000, reserved size: 1073741824
[2024-02-15T15:27:12.920+0900][gc,metaspace] Narrow klass base: 0x0000000800000000, Narrow klass shift: 0, Narrow klass range: 0x100000000
[2024-02-15T15:27:13.580+0900][gc,start    ] GC(0) Pause Young (Normal) (G1 Evacuation Pause)
[2024-02-15T15:27:13.581+0900][gc,task     ] GC(0) Using 8 workers of 8 for evacuation
[2024-02-15T15:27:13.584+0900][gc,phases   ] GC(0)   Pre Evacuate Collection Set: 0.2ms
[2024-02-15T15:27:13.584+0900][gc,phases   ] GC(0)   Merge Heap Roots: 0.0ms
[2024-02-15T15:27:13.584+0900][gc,phases   ] GC(0)   Evacuate Collection Set: 3.0ms
[2024-02-15T15:27:13.584+0900][gc,phases   ] GC(0)   Post Evacuate Collection Set: 0.3ms
[2024-02-15T15:27:13.584+0900][gc,phases   ] GC(0)   Other: 0.2ms
[2024-02-15T15:27:13.584+0900][gc,heap     ] GC(0) Eden regions: 51->0(44)
[2024-02-15T15:27:13.584+0900][gc,heap     ] GC(0) Survivor regions: 0->7(7)
[2024-02-15T15:27:13.584+0900][gc,heap     ] GC(0) Old regions: 0->1
[2024-02-15T15:27:13.584+0900][gc,heap     ] GC(0) Archive regions: 2->2
[2024-02-15T15:27:13.584+0900][gc,heap     ] GC(0) Humongous regions: 0->0
[2024-02-15T15:27:13.584+0900][gc,metaspace] GC(0) Metaspace: 18260K(18496K)->18260K(18496K) NonClass: 16201K(16320K)->16201K(16320K) Class: 2059K(2176K)->2059K(2176K)
[2024-02-15T15:27:13.584+0900][gc          ] GC(0) Pause Young (Normal) (G1 Evacuation Pause) 51M->8M(1024M) 3.849ms
[2024-02-15T15:27:13.584+0900][gc,cpu      ] GC(0) User=0.02s Sys=0.01s Real=0.00s
[2024-02-15T15:27:13.696+0900][gc,start    ] GC(1) Pause Young (Concurrent Start) (Metadata GC Threshold)
[2024-02-15T15:27:13.696+0900][gc,task     ] GC(1) Using 8 workers of 8 for evacuation
[2024-02-15T15:27:13.699+0900][gc,phases   ] GC(1)   Pre Evacuate Collection Set: 0.1ms
[2024-02-15T15:27:13.699+0900][gc,phases   ] GC(1)   Merge Heap Roots: 0.1ms
[2024-02-15T15:27:13.699+0900][gc,phases   ] GC(1)   Evacuate Collection Set: 2.8ms
[2024-02-15T15:27:13.699+0900][gc,phases   ] GC(1)   Post Evacuate Collection Set: 0.3ms
[2024-02-15T15:27:13.699+0900][gc,phases   ] GC(1)   Other: 0.0ms
[2024-02-15T15:27:13.699+0900][gc,heap     ] GC(1) Eden regions: 13->0(50)
[2024-02-15T15:27:13.699+0900][gc,heap     ] GC(1) Survivor regions: 7->1(7)
[2024-02-15T15:27:13.699+0900][gc,heap     ] GC(1) Old regions: 1->8
[2024-02-15T15:27:13.699+0900][gc,heap     ] GC(1) Archive regions: 2->2
[2024-02-15T15:27:13.699+0900][gc,heap     ] GC(1) Humongous regions: 0->0
[2024-02-15T15:27:13.699+0900][gc,metaspace] GC(1) Metaspace: 21272K(21504K)->21272K(21504K) NonClass: 18826K(18944K)->18826K(18944K) Class: 2446K(2560K)->2446K(2560K)
[2024-02-15T15:27:13.699+0900][gc          ] GC(1) Pause Young (Concurrent Start) (Metadata GC Threshold) 20M->9M(1024M) 3.505ms
[2024-02-15T15:27:13.699+0900][gc,cpu      ] GC(1) User=0.02s Sys=0.00s Real=0.00s
[2024-02-15T15:27:13.699+0900][gc          ] GC(2) Concurrent Mark Cycle
[2024-02-15T15:27:13.699+0900][gc,marking  ] GC(2) Concurrent Clear Claimed Marks
[2024-02-15T15:27:13.699+0900][gc,marking  ] GC(2) Concurrent Clear Claimed Marks 0.015ms
[2024-02-15T15:27:13.699+0900][gc,marking  ] GC(2) Concurrent Scan Root Regions
[2024-02-15T15:27:13.701+0900][gc,marking  ] GC(2) Concurrent Scan Root Regions 1.811ms
[2024-02-15T15:27:13.701+0900][gc,marking  ] GC(2) Concurrent Mark
[2024-02-15T15:27:13.701+0900][gc,marking  ] GC(2) Concurrent Mark From Roots
[2024-02-15T15:27:13.701+0900][gc,task     ] GC(2) Using 2 workers of 2 for marking
[2024-02-15T15:27:13.702+0900][gc,marking  ] GC(2) Concurrent Mark From Roots 0.645ms
[2024-02-15T15:27:13.702+0900][gc,marking  ] GC(2) Concurrent Preclean
[2024-02-15T15:27:13.702+0900][gc,marking  ] GC(2) Concurrent Preclean 0.009ms
[2024-02-15T15:27:13.702+0900][gc,start    ] GC(2) Pause Remark
[2024-02-15T15:27:13.703+0900][gc          ] GC(2) Pause Remark 10M->10M(1024M) 0.965ms
[2024-02-15T15:27:13.703+0900][gc,cpu      ] GC(2) User=0.01s Sys=0.00s Real=0.00s
[2024-02-15T15:27:13.703+0900][gc,marking  ] GC(2) Concurrent Mark 1.763ms
[2024-02-15T15:27:13.703+0900][gc,marking  ] GC(2) Concurrent Rebuild Remembered Sets
[2024-02-15T15:27:13.704+0900][gc,marking  ] GC(2) Concurrent Rebuild Remembered Sets 1.398ms
[2024-02-15T15:27:13.704+0900][gc,start    ] GC(2) Pause Cleanup
[2024-02-15T15:27:13.705+0900][gc          ] GC(2) Pause Cleanup 10M->10M(1024M) 0.079ms
[2024-02-15T15:27:13.705+0900][gc,cpu      ] GC(2) User=0.00s Sys=0.00s Real=0.00s
[2024-02-15T15:27:13.705+0900][gc,marking  ] GC(2) Concurrent Cleanup for Next Mark
[2024-02-15T15:27:13.706+0900][gc,marking  ] GC(2) Concurrent Cleanup for Next Mark 1.687ms
[2024-02-15T15:27:13.706+0900][gc          ] GC(2) Concurrent Mark Cycle 6.934ms
[2024-02-15T15:27:14.096+0900][gc,start    ] GC(3) Pause Young (Normal) (G1 Evacuation Pause)
[2024-02-15T15:27:14.097+0900][gc,task     ] GC(3) Using 8 workers of 8 for evacuation
[2024-02-15T15:27:14.101+0900][gc,phases   ] GC(3)   Pre Evacuate Collection Set: 0.2ms
[2024-02-15T15:27:14.101+0900][gc,phases   ] GC(3)   Merge Heap Roots: 0.8ms
[2024-02-15T15:27:14.101+0900][gc,phases   ] GC(3)   Evacuate Collection Set: 3.2ms
[2024-02-15T15:27:14.101+0900][gc,phases   ] GC(3)   Post Evacuate Collection Set: 0.4ms
[2024-02-15T15:27:14.101+0900][gc,phases   ] GC(3)   Other: 0.1ms
[2024-02-15T15:27:14.101+0900][gc,heap     ] GC(3) Eden regions: 50->0(44)
[2024-02-15T15:27:14.101+0900][gc,heap     ] GC(3) Survivor regions: 1->7(7)
[2024-02-15T15:27:14.101+0900][gc,heap     ] GC(3) Old regions: 8->8
[2024-02-15T15:27:14.101+0900][gc,heap     ] GC(3) Archive regions: 2->2
[2024-02-15T15:27:14.101+0900][gc,heap     ] GC(3) Humongous regions: 129->129
[2024-02-15T15:27:14.101+0900][gc,metaspace] GC(3) Metaspace: 33041K(33344K)->33041K(33344K) NonClass: 29554K(29696K)->29554K(29696K) Class: 3486K(3648K)->3486K(3648K)
[2024-02-15T15:27:14.101+0900][gc          ] GC(3) Pause Young (Normal) (G1 Evacuation Pause) 188M->143M(1024M) 4.959ms
[2024-02-15T15:27:14.101+0900][gc,cpu      ] GC(3) User=0.02s Sys=0.00s Real=0.01s
[2024-02-15T15:39:16.390+0900][gc,start    ] GC(4) Pause Young (Concurrent Start) (Metadata GC Threshold)
[2024-02-15T15:39:16.390+0900][gc,task     ] GC(4) Using 8 workers of 8 for evacuation
[2024-02-15T15:39:16.399+0900][gc,phases   ] GC(4)   Pre Evacuate Collection Set: 0.3ms
[2024-02-15T15:39:16.399+0900][gc,phases   ] GC(4)   Merge Heap Roots: 0.1ms
[2024-02-15T15:39:16.399+0900][gc,phases   ] GC(4)   Evacuate Collection Set: 7.4ms
[2024-02-15T15:39:16.399+0900][gc,phases   ] GC(4)   Post Evacuate Collection Set: 0.8ms
[2024-02-15T15:39:16.399+0900][gc,phases   ] GC(4)   Other: 0.2ms
[2024-02-15T15:39:16.399+0900][gc,heap     ] GC(4) Eden regions: 19->0(50)
[2024-02-15T15:39:16.399+0900][gc,heap     ] GC(4) Survivor regions: 7->1(7)
[2024-02-15T15:39:16.399+0900][gc,heap     ] GC(4) Old regions: 8->14
[2024-02-15T15:39:16.399+0900][gc,heap     ] GC(4) Archive regions: 2->2
[2024-02-15T15:39:16.399+0900][gc,heap     ] GC(4) Humongous regions: 129->129
[2024-02-15T15:39:16.399+0900][gc,metaspace] GC(4) Metaspace: 35687K(35968K)->35687K(35968K) NonClass: 31823K(32000K)->31823K(32000K) Class: 3864K(3968K)->3864K(3968K)
[2024-02-15T15:39:16.399+0900][gc          ] GC(4) Pause Young (Concurrent Start) (Metadata GC Threshold) 161M->144M(1024M) 9.387ms
[2024-02-15T15:39:16.399+0900][gc,cpu      ] GC(4) User=0.02s Sys=0.01s Real=0.00s
[2024-02-15T15:39:16.399+0900][gc          ] GC(5) Concurrent Mark Cycle
[2024-02-15T15:39:16.399+0900][gc,marking  ] GC(5) Concurrent Clear Claimed Marks
[2024-02-15T15:39:16.399+0900][gc,marking  ] GC(5) Concurrent Clear Claimed Marks 0.072ms
[2024-02-15T15:39:16.399+0900][gc,marking  ] GC(5) Concurrent Scan Root Regions
[2024-02-15T15:39:16.403+0900][gc,marking  ] GC(5) Concurrent Scan Root Regions 3.416ms
[2024-02-15T15:39:16.403+0900][gc,marking  ] GC(5) Concurrent Mark
[2024-02-15T15:39:16.403+0900][gc,marking  ] GC(5) Concurrent Mark From Roots
[2024-02-15T15:39:16.403+0900][gc,task     ] GC(5) Using 2 workers of 2 for marking
[2024-02-15T15:39:16.417+0900][gc,marking  ] GC(5) Concurrent Mark From Roots 14.672ms
[2024-02-15T15:39:16.417+0900][gc,marking  ] GC(5) Concurrent Preclean
[2024-02-15T15:39:16.417+0900][gc,marking  ] GC(5) Concurrent Preclean 0.094ms
[2024-02-15T15:39:16.418+0900][gc,start    ] GC(5) Pause Remark
[2024-02-15T15:39:16.421+0900][gc          ] GC(5) Pause Remark 145M->145M(1024M) 2.701ms
[2024-02-15T15:39:16.421+0900][gc,cpu      ] GC(5) User=0.01s Sys=0.01s Real=0.01s
[2024-02-15T15:39:16.421+0900][gc,marking  ] GC(5) Concurrent Mark 18.204ms
[2024-02-15T15:39:16.421+0900][gc,marking  ] GC(5) Concurrent Rebuild Remembered Sets
[2024-02-15T15:39:16.427+0900][gc,marking  ] GC(5) Concurrent Rebuild Remembered Sets 6.537ms
[2024-02-15T15:39:16.429+0900][gc,start    ] GC(5) Pause Cleanup
[2024-02-15T15:39:16.429+0900][gc          ] GC(5) Pause Cleanup 145M->145M(1024M) 0.237ms
[2024-02-15T15:39:16.429+0900][gc,cpu      ] GC(5) User=0.00s Sys=0.00s Real=0.00s
[2024-02-15T15:39:16.435+0900][gc,marking  ] GC(5) Concurrent Cleanup for Next Mark
[2024-02-15T15:39:16.437+0900][gc,marking  ] GC(5) Concurrent Cleanup for Next Mark 1.990ms
[2024-02-15T15:39:16.437+0900][gc          ] GC(5) Concurrent Mark Cycle 38.010ms
[2024-02-15T15:39:16.593+0900][gc,heap,exit] Heap
[2024-02-15T15:39:16.593+0900][gc,heap,exit]  garbage-first heap   total 1048576K, used 155243K [0x00000007c0000000, 0x0000000800000000)
[2024-02-15T15:39:16.593+0900][gc,heap,exit]   region size 1024K, 9 young (9216K), 1 survivors (1024K)
[2024-02-15T15:39:16.593+0900][gc,heap,exit]  Metaspace       used 36118K, committed 36416K, reserved 1114112K
[2024-02-15T15:39:16.593+0900][gc,heap,exit]   class space    used 3948K, committed 4096K, reserved 1048576K
