[2024-02-16T09:07:16.788+0900][gc,init] CardTable entry size: 512
[2024-02-16T09:07:16.788+0900][gc     ] Using G1
[2024-02-16T09:07:16.789+0900][gc,init] Version: 19.0.2+7-44 (release)
[2024-02-16T09:07:16.789+0900][gc,init] CPUs: 8 total, 8 available
[2024-02-16T09:07:16.789+0900][gc,init] Memory: 8192M
[2024-02-16T09:07:16.789+0900][gc,init] Large Page Support: Disabled
[2024-02-16T09:07:16.789+0900][gc,init] NUMA Support: Disabled
[2024-02-16T09:07:16.789+0900][gc,init] Compressed Oops: Enabled (Zero based)
[2024-02-16T09:07:16.789+0900][gc,init] Heap Region Size: 1M
[2024-02-16T09:07:16.789+0900][gc,init] Heap Min Capacity: 1G
[2024-02-16T09:07:16.789+0900][gc,init] Heap Initial Capacity: 1G
[2024-02-16T09:07:16.789+0900][gc,init] Heap Max Capacity: 1G
[2024-02-16T09:07:16.789+0900][gc,init] Pre-touch: Disabled
[2024-02-16T09:07:16.789+0900][gc,init] Parallel Workers: 8
[2024-02-16T09:07:16.789+0900][gc,init] Concurrent Workers: 2
[2024-02-16T09:07:16.789+0900][gc,init] Concurrent Refinement Workers: 8
[2024-02-16T09:07:16.789+0900][gc,init] Periodic GC: Disabled
[2024-02-16T09:07:16.789+0900][gc,metaspace] CDS archive(s) mapped at: [0x0000000800000000-0x0000000800c48000-0x0000000800c48000), size 12877824, SharedBaseAddress: 0x0000000800000000, ArchiveRelocationMode: 0.
[2024-02-16T09:07:16.789+0900][gc,metaspace] Compressed class space mapped at: 0x0000000801000000-0x0000000841000000, reserved size: 1073741824
[2024-02-16T09:07:16.789+0900][gc,metaspace] Narrow klass base: 0x0000000800000000, Narrow klass shift: 0, Narrow klass range: 0x100000000
[2024-02-16T09:07:17.481+0900][gc,start    ] GC(0) Pause Young (Normal) (G1 Evacuation Pause)
[2024-02-16T09:07:17.482+0900][gc,task     ] GC(0) Using 8 workers of 8 for evacuation
[2024-02-16T09:07:17.484+0900][gc,phases   ] GC(0)   Pre Evacuate Collection Set: 0.2ms
[2024-02-16T09:07:17.484+0900][gc,phases   ] GC(0)   Merge Heap Roots: 0.0ms
[2024-02-16T09:07:17.484+0900][gc,phases   ] GC(0)   Evacuate Collection Set: 2.2ms
[2024-02-16T09:07:17.484+0900][gc,phases   ] GC(0)   Post Evacuate Collection Set: 0.3ms
[2024-02-16T09:07:17.484+0900][gc,phases   ] GC(0)   Other: 0.2ms
[2024-02-16T09:07:17.484+0900][gc,heap     ] GC(0) Eden regions: 51->0(44)
[2024-02-16T09:07:17.484+0900][gc,heap     ] GC(0) Survivor regions: 0->7(7)
[2024-02-16T09:07:17.484+0900][gc,heap     ] GC(0) Old regions: 0->1
[2024-02-16T09:07:17.484+0900][gc,heap     ] GC(0) Archive regions: 2->2
[2024-02-16T09:07:17.484+0900][gc,heap     ] GC(0) Humongous regions: 0->0
[2024-02-16T09:07:17.484+0900][gc,metaspace] GC(0) Metaspace: 18266K(18496K)->18266K(18496K) NonClass: 16208K(16320K)->16208K(16320K) Class: 2057K(2176K)->2057K(2176K)
[2024-02-16T09:07:17.484+0900][gc          ] GC(0) Pause Young (Normal) (G1 Evacuation Pause) 51M->8M(1024M) 3.089ms
[2024-02-16T09:07:17.484+0900][gc,cpu      ] GC(0) User=0.01s Sys=0.00s Real=0.00s
[2024-02-16T09:07:17.594+0900][gc,start    ] GC(1) Pause Young (Concurrent Start) (Metadata GC Threshold)
[2024-02-16T09:07:17.594+0900][gc,task     ] GC(1) Using 8 workers of 8 for evacuation
[2024-02-16T09:07:17.597+0900][gc,phases   ] GC(1)   Pre Evacuate Collection Set: 0.2ms
[2024-02-16T09:07:17.597+0900][gc,phases   ] GC(1)   Merge Heap Roots: 0.0ms
[2024-02-16T09:07:17.597+0900][gc,phases   ] GC(1)   Evacuate Collection Set: 2.3ms
[2024-02-16T09:07:17.597+0900][gc,phases   ] GC(1)   Post Evacuate Collection Set: 0.2ms
[2024-02-16T09:07:17.597+0900][gc,phases   ] GC(1)   Other: 0.0ms
[2024-02-16T09:07:17.597+0900][gc,heap     ] GC(1) Eden regions: 13->0(49)
[2024-02-16T09:07:17.597+0900][gc,heap     ] GC(1) Survivor regions: 7->2(7)
[2024-02-16T09:07:17.597+0900][gc,heap     ] GC(1) Old regions: 1->8
[2024-02-16T09:07:17.597+0900][gc,heap     ] GC(1) Archive regions: 2->2
[2024-02-16T09:07:17.597+0900][gc,heap     ] GC(1) Humongous regions: 0->0
[2024-02-16T09:07:17.597+0900][gc,metaspace] GC(1) Metaspace: 21280K(21504K)->21280K(21504K) NonClass: 18833K(18944K)->18833K(18944K) Class: 2446K(2560K)->2446K(2560K)
[2024-02-16T09:07:17.597+0900][gc          ] GC(1) Pause Young (Concurrent Start) (Metadata GC Threshold) 20M->9M(1024M) 2.903ms
[2024-02-16T09:07:17.597+0900][gc,cpu      ] GC(1) User=0.01s Sys=0.01s Real=0.00s
[2024-02-16T09:07:17.597+0900][gc          ] GC(2) Concurrent Mark Cycle
[2024-02-16T09:07:17.597+0900][gc,marking  ] GC(2) Concurrent Clear Claimed Marks
[2024-02-16T09:07:17.597+0900][gc,marking  ] GC(2) Concurrent Clear Claimed Marks 0.013ms
[2024-02-16T09:07:17.597+0900][gc,marking  ] GC(2) Concurrent Scan Root Regions
[2024-02-16T09:07:17.598+0900][gc,marking  ] GC(2) Concurrent Scan Root Regions 1.493ms
[2024-02-16T09:07:17.598+0900][gc,marking  ] GC(2) Concurrent Mark
[2024-02-16T09:07:17.598+0900][gc,marking  ] GC(2) Concurrent Mark From Roots
[2024-02-16T09:07:17.598+0900][gc,task     ] GC(2) Using 2 workers of 2 for marking
[2024-02-16T09:07:17.599+0900][gc,marking  ] GC(2) Concurrent Mark From Roots 0.361ms
[2024-02-16T09:07:17.599+0900][gc,marking  ] GC(2) Concurrent Preclean
[2024-02-16T09:07:17.599+0900][gc,marking  ] GC(2) Concurrent Preclean 0.007ms
[2024-02-16T09:07:17.599+0900][gc,start    ] GC(2) Pause Remark
[2024-02-16T09:07:17.600+0900][gc          ] GC(2) Pause Remark 10M->10M(1024M) 0.880ms
[2024-02-16T09:07:17.600+0900][gc,cpu      ] GC(2) User=0.01s Sys=0.00s Real=0.01s
[2024-02-16T09:07:17.600+0900][gc,marking  ] GC(2) Concurrent Mark 1.638ms
[2024-02-16T09:07:17.600+0900][gc,marking  ] GC(2) Concurrent Rebuild Remembered Sets
[2024-02-16T09:07:17.601+0900][gc,marking  ] GC(2) Concurrent Rebuild Remembered Sets 1.266ms
[2024-02-16T09:07:17.636+0900][gc,start    ] GC(2) Pause Cleanup
[2024-02-16T09:07:17.636+0900][gc          ] GC(2) Pause Cleanup 139M->139M(1024M) 0.130ms
[2024-02-16T09:07:17.636+0900][gc,cpu      ] GC(2) User=0.00s Sys=0.00s Real=0.00s
[2024-02-16T09:07:17.636+0900][gc,marking  ] GC(2) Concurrent Cleanup for Next Mark
[2024-02-16T09:07:17.642+0900][gc,marking  ] GC(2) Concurrent Cleanup for Next Mark 6.156ms
[2024-02-16T09:07:17.642+0900][gc          ] GC(2) Concurrent Mark Cycle 45.165ms
[2024-02-16T09:07:17.975+0900][gc,start    ] GC(3) Pause Young (Normal) (G1 Evacuation Pause)
[2024-02-16T09:07:17.975+0900][gc,task     ] GC(3) Using 8 workers of 8 for evacuation
[2024-02-16T09:07:17.978+0900][gc,phases   ] GC(3)   Pre Evacuate Collection Set: 0.1ms
[2024-02-16T09:07:17.978+0900][gc,phases   ] GC(3)   Merge Heap Roots: 0.1ms
[2024-02-16T09:07:17.978+0900][gc,phases   ] GC(3)   Evacuate Collection Set: 2.5ms
[2024-02-16T09:07:17.978+0900][gc,phases   ] GC(3)   Post Evacuate Collection Set: 0.4ms
[2024-02-16T09:07:17.978+0900][gc,phases   ] GC(3)   Other: 0.0ms
[2024-02-16T09:07:17.978+0900][gc,heap     ] GC(3) Eden regions: 49->0(45)
[2024-02-16T09:07:17.978+0900][gc,heap     ] GC(3) Survivor regions: 2->6(7)
[2024-02-16T09:07:17.978+0900][gc,heap     ] GC(3) Old regions: 8->8
[2024-02-16T09:07:17.978+0900][gc,heap     ] GC(3) Archive regions: 2->2
[2024-02-16T09:07:17.978+0900][gc,heap     ] GC(3) Humongous regions: 129->129
[2024-02-16T09:07:17.978+0900][gc,metaspace] GC(3) Metaspace: 32902K(33152K)->32902K(33152K) NonClass: 29430K(29568K)->29430K(29568K) Class: 3472K(3584K)->3472K(3584K)
[2024-02-16T09:07:17.978+0900][gc          ] GC(3) Pause Young (Normal) (G1 Evacuation Pause) 187M->143M(1024M) 3.206ms
[2024-02-16T09:07:17.978+0900][gc,cpu      ] GC(3) User=0.02s Sys=0.00s Real=0.00s
[2024-02-16T09:11:48.239+0900][gc,start    ] GC(4) Pause Young (Concurrent Start) (Metadata GC Threshold)
[2024-02-16T09:11:48.239+0900][gc,task     ] GC(4) Using 8 workers of 8 for evacuation
[2024-02-16T09:11:48.245+0900][gc,phases   ] GC(4)   Pre Evacuate Collection Set: 0.4ms
[2024-02-16T09:11:48.245+0900][gc,phases   ] GC(4)   Merge Heap Roots: 0.1ms
[2024-02-16T09:11:48.245+0900][gc,phases   ] GC(4)   Evacuate Collection Set: 5.2ms
[2024-02-16T09:11:48.245+0900][gc,phases   ] GC(4)   Post Evacuate Collection Set: 0.2ms
[2024-02-16T09:11:48.245+0900][gc,phases   ] GC(4)   Other: 0.0ms
[2024-02-16T09:11:48.245+0900][gc,heap     ] GC(4) Eden regions: 15->0(49)
[2024-02-16T09:11:48.245+0900][gc,heap     ] GC(4) Survivor regions: 6->2(7)
[2024-02-16T09:11:48.245+0900][gc,heap     ] GC(4) Old regions: 8->14
[2024-02-16T09:11:48.245+0900][gc,heap     ] GC(4) Archive regions: 2->2
[2024-02-16T09:11:48.245+0900][gc,heap     ] GC(4) Humongous regions: 129->129
[2024-02-16T09:11:48.245+0900][gc,metaspace] GC(4) Metaspace: 35765K(36096K)->35765K(36096K) NonClass: 31883K(32064K)->31883K(32064K) Class: 3882K(4032K)->3882K(4032K)
[2024-02-16T09:11:48.245+0900][gc          ] GC(4) Pause Young (Concurrent Start) (Metadata GC Threshold) 158M->144M(1024M) 6.318ms
[2024-02-16T09:11:48.245+0900][gc          ] GC(5) Concurrent Mark Cycle
[2024-02-16T09:11:48.245+0900][gc,cpu      ] GC(4) User=0.02s Sys=0.02s Real=0.01s
[2024-02-16T09:11:48.245+0900][gc,marking  ] GC(5) Concurrent Clear Claimed Marks
[2024-02-16T09:11:48.245+0900][gc,marking  ] GC(5) Concurrent Clear Claimed Marks 0.026ms
[2024-02-16T09:11:48.245+0900][gc,marking  ] GC(5) Concurrent Scan Root Regions
[2024-02-16T09:11:48.248+0900][gc,marking  ] GC(5) Concurrent Scan Root Regions 2.354ms
[2024-02-16T09:11:48.248+0900][gc,marking  ] GC(5) Concurrent Mark
[2024-02-16T09:11:48.248+0900][gc,marking  ] GC(5) Concurrent Mark From Roots
[2024-02-16T09:11:48.248+0900][gc,task     ] GC(5) Using 2 workers of 2 for marking
[2024-02-16T09:11:48.251+0900][gc,marking  ] GC(5) Concurrent Mark From Roots 2.919ms
[2024-02-16T09:11:48.251+0900][gc,marking  ] GC(5) Concurrent Preclean
[2024-02-16T09:11:48.251+0900][gc,marking  ] GC(5) Concurrent Preclean 0.064ms
[2024-02-16T09:11:48.251+0900][gc,start    ] GC(5) Pause Remark
[2024-02-16T09:11:48.252+0900][gc          ] GC(5) Pause Remark 145M->145M(1024M) 1.270ms
[2024-02-16T09:11:48.252+0900][gc,cpu      ] GC(5) User=0.01s Sys=0.00s Real=0.00s
[2024-02-16T09:11:48.252+0900][gc,marking  ] GC(5) Concurrent Mark 4.432ms
[2024-02-16T09:11:48.252+0900][gc,marking  ] GC(5) Concurrent Rebuild Remembered Sets
[2024-02-16T09:11:48.255+0900][gc,marking  ] GC(5) Concurrent Rebuild Remembered Sets 3.044ms
[2024-02-16T09:11:48.255+0900][gc,start    ] GC(5) Pause Cleanup
[2024-02-16T09:11:48.256+0900][gc          ] GC(5) Pause Cleanup 145M->145M(1024M) 0.077ms
[2024-02-16T09:11:48.256+0900][gc,cpu      ] GC(5) User=0.00s Sys=0.00s Real=0.00s
[2024-02-16T09:11:48.256+0900][gc,marking  ] GC(5) Concurrent Cleanup for Next Mark
[2024-02-16T09:11:48.257+0900][gc,marking  ] GC(5) Concurrent Cleanup for Next Mark 1.307ms
[2024-02-16T09:11:48.257+0900][gc          ] GC(5) Concurrent Mark Cycle 11.413ms
[2024-02-16T09:25:26.543+0900][gc,heap,exit] Heap
[2024-02-16T09:25:26.543+0900][gc,heap,exit]  garbage-first heap   total 1048576K, used 189246K [0x00000007c0000000, 0x0000000800000000)
[2024-02-16T09:25:26.543+0900][gc,heap,exit]   region size 1024K, 43 young (44032K), 2 survivors (2048K)
[2024-02-16T09:25:26.543+0900][gc,heap,exit]  Metaspace       used 40313K, committed 40896K, reserved 1114112K
[2024-02-16T09:25:26.543+0900][gc,heap,exit]   class space    used 4615K, committed 4864K, reserved 1048576K
