[2024-02-15T14:44:09.674+0900][gc,init] CardTable entry size: 512
[2024-02-15T14:44:09.674+0900][gc     ] Using G1
[2024-02-15T14:44:09.675+0900][gc,init] Version: 19.0.2+7-44 (release)
[2024-02-15T14:44:09.675+0900][gc,init] CPUs: 8 total, 8 available
[2024-02-15T14:44:09.675+0900][gc,init] Memory: 8192M
[2024-02-15T14:44:09.675+0900][gc,init] Large Page Support: Disabled
[2024-02-15T14:44:09.675+0900][gc,init] NUMA Support: Disabled
[2024-02-15T14:44:09.675+0900][gc,init] Compressed Oops: Enabled (Zero based)
[2024-02-15T14:44:09.675+0900][gc,init] Heap Region Size: 1M
[2024-02-15T14:44:09.675+0900][gc,init] Heap Min Capacity: 1G
[2024-02-15T14:44:09.675+0900][gc,init] Heap Initial Capacity: 1G
[2024-02-15T14:44:09.675+0900][gc,init] Heap Max Capacity: 1G
[2024-02-15T14:44:09.675+0900][gc,init] Pre-touch: Disabled
[2024-02-15T14:44:09.675+0900][gc,init] Parallel Workers: 8
[2024-02-15T14:44:09.675+0900][gc,init] Concurrent Workers: 2
[2024-02-15T14:44:09.675+0900][gc,init] Concurrent Refinement Workers: 8
[2024-02-15T14:44:09.675+0900][gc,init] Periodic GC: Disabled
[2024-02-15T14:44:09.675+0900][gc,metaspace] CDS archive(s) mapped at: [0x0000000800000000-0x0000000800c48000-0x0000000800c48000), size 12877824, SharedBaseAddress: 0x0000000800000000, ArchiveRelocationMode: 0.
[2024-02-15T14:44:09.675+0900][gc,metaspace] Compressed class space mapped at: 0x0000000801000000-0x0000000841000000, reserved size: 1073741824
[2024-02-15T14:44:09.675+0900][gc,metaspace] Narrow klass base: 0x0000000800000000, Narrow klass shift: 0, Narrow klass range: 0x100000000
[2024-02-15T14:44:10.369+0900][gc,start    ] GC(0) Pause Young (Normal) (G1 Evacuation Pause)
[2024-02-15T14:44:10.369+0900][gc,task     ] GC(0) Using 8 workers of 8 for evacuation
[2024-02-15T14:44:10.373+0900][gc,phases   ] GC(0)   Pre Evacuate Collection Set: 0.1ms
[2024-02-15T14:44:10.373+0900][gc,phases   ] GC(0)   Merge Heap Roots: 0.0ms
[2024-02-15T14:44:10.373+0900][gc,phases   ] GC(0)   Evacuate Collection Set: 3.9ms
[2024-02-15T14:44:10.373+0900][gc,phases   ] GC(0)   Post Evacuate Collection Set: 0.3ms
[2024-02-15T14:44:10.373+0900][gc,phases   ] GC(0)   Other: 0.2ms
[2024-02-15T14:44:10.373+0900][gc,heap     ] GC(0) Eden regions: 51->0(44)
[2024-02-15T14:44:10.373+0900][gc,heap     ] GC(0) Survivor regions: 0->7(7)
[2024-02-15T14:44:10.373+0900][gc,heap     ] GC(0) Old regions: 0->1
[2024-02-15T14:44:10.373+0900][gc,heap     ] GC(0) Archive regions: 2->2
[2024-02-15T14:44:10.373+0900][gc,heap     ] GC(0) Humongous regions: 0->0
[2024-02-15T14:44:10.373+0900][gc,metaspace] GC(0) Metaspace: 18270K(18496K)->18270K(18496K) NonClass: 16214K(16320K)->16214K(16320K) Class: 2056K(2176K)->2056K(2176K)
[2024-02-15T14:44:10.373+0900][gc          ] GC(0) Pause Young (Normal) (G1 Evacuation Pause) 51M->8M(1024M) 4.764ms
[2024-02-15T14:44:10.373+0900][gc,cpu      ] GC(0) User=0.01s Sys=0.01s Real=0.01s
[2024-02-15T14:44:10.510+0900][gc,start    ] GC(1) Pause Young (Concurrent Start) (Metadata GC Threshold)
[2024-02-15T14:44:10.510+0900][gc,task     ] GC(1) Using 8 workers of 8 for evacuation
[2024-02-15T14:44:10.515+0900][gc,phases   ] GC(1)   Pre Evacuate Collection Set: 0.2ms
[2024-02-15T14:44:10.515+0900][gc,phases   ] GC(1)   Merge Heap Roots: 0.0ms
[2024-02-15T14:44:10.515+0900][gc,phases   ] GC(1)   Evacuate Collection Set: 4.7ms
[2024-02-15T14:44:10.515+0900][gc,phases   ] GC(1)   Post Evacuate Collection Set: 0.4ms
[2024-02-15T14:44:10.515+0900][gc,phases   ] GC(1)   Other: 0.0ms
[2024-02-15T14:44:10.515+0900][gc,heap     ] GC(1) Eden regions: 12->0(49)
[2024-02-15T14:44:10.515+0900][gc,heap     ] GC(1) Survivor regions: 7->2(7)
[2024-02-15T14:44:10.515+0900][gc,heap     ] GC(1) Old regions: 1->8
[2024-02-15T14:44:10.515+0900][gc,heap     ] GC(1) Archive regions: 2->2
[2024-02-15T14:44:10.515+0900][gc,heap     ] GC(1) Humongous regions: 0->0
[2024-02-15T14:44:10.515+0900][gc,metaspace] GC(1) Metaspace: 21266K(21504K)->21266K(21504K) NonClass: 18825K(18944K)->18825K(18944K) Class: 2441K(2560K)->2441K(2560K)
[2024-02-15T14:44:10.515+0900][gc          ] GC(1) Pause Young (Concurrent Start) (Metadata GC Threshold) 20M->9M(1024M) 5.500ms
[2024-02-15T14:44:10.515+0900][gc,cpu      ] GC(1) User=0.02s Sys=0.00s Real=0.00s
[2024-02-15T14:44:10.515+0900][gc          ] GC(2) Concurrent Mark Cycle
[2024-02-15T14:44:10.515+0900][gc,marking  ] GC(2) Concurrent Clear Claimed Marks
[2024-02-15T14:44:10.515+0900][gc,marking  ] GC(2) Concurrent Clear Claimed Marks 0.017ms
[2024-02-15T14:44:10.515+0900][gc,marking  ] GC(2) Concurrent Scan Root Regions
[2024-02-15T14:44:10.517+0900][gc,marking  ] GC(2) Concurrent Scan Root Regions 1.620ms
[2024-02-15T14:44:10.517+0900][gc,marking  ] GC(2) Concurrent Mark
[2024-02-15T14:44:10.517+0900][gc,marking  ] GC(2) Concurrent Mark From Roots
[2024-02-15T14:44:10.517+0900][gc,task     ] GC(2) Using 2 workers of 2 for marking
[2024-02-15T14:44:10.518+0900][gc,marking  ] GC(2) Concurrent Mark From Roots 0.554ms
[2024-02-15T14:44:10.518+0900][gc,marking  ] GC(2) Concurrent Preclean
[2024-02-15T14:44:10.518+0900][gc,marking  ] GC(2) Concurrent Preclean 0.008ms
[2024-02-15T14:44:10.518+0900][gc,start    ] GC(2) Pause Remark
[2024-02-15T14:44:10.519+0900][gc          ] GC(2) Pause Remark 10M->10M(1024M) 1.625ms
[2024-02-15T14:44:10.519+0900][gc,cpu      ] GC(2) User=0.01s Sys=0.01s Real=0.00s
[2024-02-15T14:44:10.520+0900][gc,marking  ] GC(2) Concurrent Mark 2.385ms
[2024-02-15T14:44:10.520+0900][gc,marking  ] GC(2) Concurrent Rebuild Remembered Sets
[2024-02-15T14:44:10.521+0900][gc,marking  ] GC(2) Concurrent Rebuild Remembered Sets 1.652ms
[2024-02-15T14:44:10.521+0900][gc,start    ] GC(2) Pause Cleanup
[2024-02-15T14:44:10.521+0900][gc          ] GC(2) Pause Cleanup 10M->10M(1024M) 0.086ms
[2024-02-15T14:44:10.521+0900][gc,cpu      ] GC(2) User=0.00s Sys=0.00s Real=0.00s
[2024-02-15T14:44:10.521+0900][gc,marking  ] GC(2) Concurrent Cleanup for Next Mark
[2024-02-15T14:44:10.523+0900][gc,marking  ] GC(2) Concurrent Cleanup for Next Mark 1.999ms
[2024-02-15T14:44:10.524+0900][gc          ] GC(2) Concurrent Mark Cycle 8.105ms
[2024-02-15T14:44:11.020+0900][gc,start    ] GC(3) Pause Young (Normal) (G1 Evacuation Pause)
[2024-02-15T14:44:11.020+0900][gc,task     ] GC(3) Using 8 workers of 8 for evacuation
[2024-02-15T14:44:11.023+0900][gc,phases   ] GC(3)   Pre Evacuate Collection Set: 0.1ms
[2024-02-15T14:44:11.023+0900][gc,phases   ] GC(3)   Merge Heap Roots: 0.0ms
[2024-02-15T14:44:11.023+0900][gc,phases   ] GC(3)   Evacuate Collection Set: 2.4ms
[2024-02-15T14:44:11.023+0900][gc,phases   ] GC(3)   Post Evacuate Collection Set: 0.2ms
[2024-02-15T14:44:11.023+0900][gc,phases   ] GC(3)   Other: 0.0ms
[2024-02-15T14:44:11.023+0900][gc,heap     ] GC(3) Eden regions: 49->0(45)
[2024-02-15T14:44:11.023+0900][gc,heap     ] GC(3) Survivor regions: 2->6(7)
[2024-02-15T14:44:11.023+0900][gc,heap     ] GC(3) Old regions: 8->8
[2024-02-15T14:44:11.023+0900][gc,heap     ] GC(3) Archive regions: 2->2
[2024-02-15T14:44:11.023+0900][gc,heap     ] GC(3) Humongous regions: 129->129
[2024-02-15T14:44:11.023+0900][gc,metaspace] GC(3) Metaspace: 31279K(31616K)->31279K(31616K) NonClass: 27865K(28032K)->27865K(28032K) Class: 3414K(3584K)->3414K(3584K)
[2024-02-15T14:44:11.023+0900][gc          ] GC(3) Pause Young (Normal) (G1 Evacuation Pause) 187M->143M(1024M) 3.017ms
[2024-02-15T14:44:11.023+0900][gc,cpu      ] GC(3) User=0.01s Sys=0.00s Real=0.00s
[2024-02-15T14:44:11.187+0900][gc,start    ] GC(4) Pause Young (Concurrent Start) (Metadata GC Threshold)
[2024-02-15T14:44:11.187+0900][gc,task     ] GC(4) Using 8 workers of 8 for evacuation
[2024-02-15T14:44:11.191+0900][gc,phases   ] GC(4)   Pre Evacuate Collection Set: 0.2ms
[2024-02-15T14:44:11.191+0900][gc,phases   ] GC(4)   Merge Heap Roots: 0.1ms
[2024-02-15T14:44:11.191+0900][gc,phases   ] GC(4)   Evacuate Collection Set: 3.8ms
[2024-02-15T14:44:11.191+0900][gc,phases   ] GC(4)   Post Evacuate Collection Set: 0.4ms
[2024-02-15T14:44:11.191+0900][gc,phases   ] GC(4)   Other: 0.2ms
[2024-02-15T14:44:11.191+0900][gc,heap     ] GC(4) Eden regions: 19->0(48)
[2024-02-15T14:44:11.191+0900][gc,heap     ] GC(4) Survivor regions: 6->3(7)
[2024-02-15T14:44:11.191+0900][gc,heap     ] GC(4) Old regions: 8->13
[2024-02-15T14:44:11.191+0900][gc,heap     ] GC(4) Archive regions: 2->2
[2024-02-15T14:44:11.191+0900][gc,heap     ] GC(4) Humongous regions: 129->129
[2024-02-15T14:44:11.191+0900][gc,metaspace] GC(4) Metaspace: 35823K(36096K)->35823K(36096K) NonClass: 31977K(32128K)->31977K(32128K) Class: 3846K(3968K)->3846K(3968K)
[2024-02-15T14:44:11.191+0900][gc          ] GC(4) Pause Young (Concurrent Start) (Metadata GC Threshold) 161M->144M(1024M) 4.829ms
[2024-02-15T14:44:11.192+0900][gc          ] GC(5) Concurrent Mark Cycle
[2024-02-15T14:44:11.192+0900][gc,cpu      ] GC(4) User=0.02s Sys=0.00s Real=0.01s
[2024-02-15T14:44:11.192+0900][gc,marking  ] GC(5) Concurrent Clear Claimed Marks
[2024-02-15T14:44:11.192+0900][gc,marking  ] GC(5) Concurrent Clear Claimed Marks 0.037ms
[2024-02-15T14:44:11.192+0900][gc,marking  ] GC(5) Concurrent Scan Root Regions
[2024-02-15T14:44:11.194+0900][gc,marking  ] GC(5) Concurrent Scan Root Regions 2.697ms
[2024-02-15T14:44:11.194+0900][gc,marking  ] GC(5) Concurrent Mark
[2024-02-15T14:44:11.194+0900][gc,marking  ] GC(5) Concurrent Mark From Roots
[2024-02-15T14:44:11.194+0900][gc,task     ] GC(5) Using 2 workers of 2 for marking
[2024-02-15T14:44:11.199+0900][gc,marking  ] GC(5) Concurrent Mark From Roots 4.803ms
[2024-02-15T14:44:11.199+0900][gc,marking  ] GC(5) Concurrent Preclean
[2024-02-15T14:44:11.199+0900][gc,marking  ] GC(5) Concurrent Preclean 0.053ms
[2024-02-15T14:44:11.201+0900][gc,start    ] GC(5) Pause Remark
[2024-02-15T14:44:11.203+0900][gc          ] GC(5) Pause Remark 146M->146M(1024M) 2.422ms
[2024-02-15T14:44:11.203+0900][gc,cpu      ] GC(5) User=0.00s Sys=0.00s Real=0.00s
[2024-02-15T14:44:11.203+0900][gc,marking  ] GC(5) Concurrent Mark 9.059ms
[2024-02-15T14:44:11.203+0900][gc,marking  ] GC(5) Concurrent Rebuild Remembered Sets
[2024-02-15T14:44:11.208+0900][gc,marking  ] GC(5) Concurrent Rebuild Remembered Sets 4.752ms
[2024-02-15T14:44:11.209+0900][gc,start    ] GC(5) Pause Cleanup
[2024-02-15T14:44:11.209+0900][gc          ] GC(5) Pause Cleanup 146M->146M(1024M) 0.135ms
[2024-02-15T14:44:11.209+0900][gc,cpu      ] GC(5) User=0.00s Sys=0.00s Real=0.00s
[2024-02-15T14:44:11.209+0900][gc,marking  ] GC(5) Concurrent Cleanup for Next Mark
[2024-02-15T14:44:11.211+0900][gc,marking  ] GC(5) Concurrent Cleanup for Next Mark 2.124ms
[2024-02-15T14:44:11.211+0900][gc          ] GC(5) Concurrent Mark Cycle 19.764ms
[2024-02-15T14:58:55.528+0900][gc,start    ] GC(6) Pause Young (Prepare Mixed) (G1 Evacuation Pause)
[2024-02-15T14:58:55.531+0900][gc,task     ] GC(6) Using 8 workers of 8 for evacuation
[2024-02-15T14:58:55.554+0900][gc,mmu      ] GC(6) MMU target violated: 21.0ms (20.0ms/21.0ms)
[2024-02-15T14:58:55.554+0900][gc,phases   ] GC(6)   Pre Evacuate Collection Set: 0.6ms
[2024-02-15T14:58:55.554+0900][gc,phases   ] GC(6)   Merge Heap Roots: 1.0ms
[2024-02-15T14:58:55.554+0900][gc,phases   ] GC(6)   Evacuate Collection Set: 20.5ms
[2024-02-15T14:58:55.554+0900][gc,phases   ] GC(6)   Post Evacuate Collection Set: 1.1ms
[2024-02-15T14:58:55.555+0900][gc,phases   ] GC(6)   Other: 1.1ms
[2024-02-15T14:58:55.555+0900][gc,heap     ] GC(6) Eden regions: 48->0(47)
[2024-02-15T14:58:55.555+0900][gc,heap     ] GC(6) Survivor regions: 3->4(7)
[2024-02-15T14:58:55.555+0900][gc,heap     ] GC(6) Old regions: 13->13
[2024-02-15T14:58:55.555+0900][gc,heap     ] GC(6) Archive regions: 2->2
[2024-02-15T14:58:55.555+0900][gc,heap     ] GC(6) Humongous regions: 135->129
[2024-02-15T14:58:55.555+0900][gc,metaspace] GC(6) Metaspace: 40898K(41600K)->40898K(41600K) NonClass: 36209K(36608K)->36209K(36608K) Class: 4688K(4992K)->4688K(4992K)
[2024-02-15T14:58:55.555+0900][gc          ] GC(6) Pause Young (Prepare Mixed) (G1 Evacuation Pause) 198M->146M(1024M) 27.023ms
[2024-02-15T14:58:55.555+0900][gc,cpu      ] GC(6) User=0.02s Sys=0.06s Real=0.03s
[2024-02-15T15:28:36.550+0900][gc,start    ] GC(7) Pause Young (Mixed) (G1 Evacuation Pause)
[2024-02-15T15:28:36.551+0900][gc,task     ] GC(7) Using 8 workers of 8 for evacuation
[2024-02-15T15:28:36.581+0900][gc,mmu      ] GC(7) MMU target violated: 21.0ms (20.0ms/21.0ms)
[2024-02-15T15:28:36.581+0900][gc,phases   ] GC(7)   Pre Evacuate Collection Set: 0.6ms
[2024-02-15T15:28:36.581+0900][gc,phases   ] GC(7)   Merge Heap Roots: 0.5ms
[2024-02-15T15:28:36.581+0900][gc,phases   ] GC(7)   Evacuate Collection Set: 27.7ms
[2024-02-15T15:28:36.581+0900][gc,phases   ] GC(7)   Post Evacuate Collection Set: 1.6ms
[2024-02-15T15:28:36.581+0900][gc,phases   ] GC(7)   Other: 0.4ms
[2024-02-15T15:28:36.581+0900][gc,heap     ] GC(7) Eden regions: 47->0(47)
[2024-02-15T15:28:36.581+0900][gc,heap     ] GC(7) Survivor regions: 4->4(7)
[2024-02-15T15:28:36.581+0900][gc,heap     ] GC(7) Old regions: 13->15
[2024-02-15T15:28:36.581+0900][gc,heap     ] GC(7) Archive regions: 2->2
[2024-02-15T15:28:36.581+0900][gc,heap     ] GC(7) Humongous regions: 129->129
[2024-02-15T15:28:36.581+0900][gc,metaspace] GC(7) Metaspace: 41856K(42496K)->41856K(42496K) NonClass: 37103K(37440K)->37103K(37440K) Class: 4753K(5056K)->4753K(5056K)
[2024-02-15T15:28:36.581+0900][gc          ] GC(7) Pause Young (Mixed) (G1 Evacuation Pause) 193M->147M(1024M) 31.523ms
[2024-02-15T15:28:36.581+0900][gc,cpu      ] GC(7) User=0.04s Sys=0.04s Real=0.03s
[2024-02-15T15:39:19.845+0900][gc,heap,exit] Heap
[2024-02-15T15:39:19.845+0900][gc,heap,exit]  garbage-first heap   total 1048576K, used 175370K [0x00000007c0000000, 0x0000000800000000)
[2024-02-15T15:39:19.845+0900][gc,heap,exit]   region size 1024K, 28 young (28672K), 4 survivors (4096K)
[2024-02-15T15:39:19.845+0900][gc,heap,exit]  Metaspace       used 42678K, committed 43328K, reserved 1114112K
[2024-02-15T15:39:19.845+0900][gc,heap,exit]   class space    used 4913K, committed 5184K, reserved 1048576K
