[2024-02-16T09:27:39.042+0900][gc,init] CardTable entry size: 512
[2024-02-16T09:27:39.042+0900][gc     ] Using G1
[2024-02-16T09:27:39.043+0900][gc,init] Version: 19.0.2+7-44 (release)
[2024-02-16T09:27:39.043+0900][gc,init] CPUs: 8 total, 8 available
[2024-02-16T09:27:39.043+0900][gc,init] Memory: 8192M
[2024-02-16T09:27:39.043+0900][gc,init] Large Page Support: Disabled
[2024-02-16T09:27:39.043+0900][gc,init] NUMA Support: Disabled
[2024-02-16T09:27:39.043+0900][gc,init] Compressed Oops: Enabled (Zero based)
[2024-02-16T09:27:39.043+0900][gc,init] Heap Region Size: 1M
[2024-02-16T09:27:39.043+0900][gc,init] Heap Min Capacity: 1G
[2024-02-16T09:27:39.043+0900][gc,init] Heap Initial Capacity: 1G
[2024-02-16T09:27:39.043+0900][gc,init] Heap Max Capacity: 1G
[2024-02-16T09:27:39.043+0900][gc,init] Pre-touch: Disabled
[2024-02-16T09:27:39.043+0900][gc,init] Parallel Workers: 8
[2024-02-16T09:27:39.043+0900][gc,init] Concurrent Workers: 2
[2024-02-16T09:27:39.043+0900][gc,init] Concurrent Refinement Workers: 8
[2024-02-16T09:27:39.043+0900][gc,init] Periodic GC: Disabled
[2024-02-16T09:27:39.043+0900][gc,metaspace] CDS archive(s) mapped at: [0x0000000800000000-0x0000000800c48000-0x0000000800c48000), size 12877824, SharedBaseAddress: 0x0000000800000000, ArchiveRelocationMode: 0.
[2024-02-16T09:27:39.043+0900][gc,metaspace] Compressed class space mapped at: 0x0000000801000000-0x0000000841000000, reserved size: 1073741824
[2024-02-16T09:27:39.043+0900][gc,metaspace] Narrow klass base: 0x0000000800000000, Narrow klass shift: 0, Narrow klass range: 0x100000000
[2024-02-16T09:27:40.071+0900][gc,start    ] GC(0) Pause Young (Normal) (G1 Evacuation Pause)
[2024-02-16T09:27:40.071+0900][gc,task     ] GC(0) Using 8 workers of 8 for evacuation
[2024-02-16T09:27:40.112+0900][gc,mmu      ] GC(0) MMU target violated: 21.0ms (20.0ms/21.0ms)
[2024-02-16T09:27:40.112+0900][gc,phases   ] GC(0)   Pre Evacuate Collection Set: 0.8ms
[2024-02-16T09:27:40.112+0900][gc,phases   ] GC(0)   Merge Heap Roots: 0.1ms
[2024-02-16T09:27:40.112+0900][gc,phases   ] GC(0)   Evacuate Collection Set: 39.3ms
[2024-02-16T09:27:40.112+0900][gc,phases   ] GC(0)   Post Evacuate Collection Set: 0.6ms
[2024-02-16T09:27:40.112+0900][gc,phases   ] GC(0)   Other: 0.3ms
[2024-02-16T09:27:40.112+0900][gc,heap     ] GC(0) Eden regions: 51->0(44)
[2024-02-16T09:27:40.112+0900][gc,heap     ] GC(0) Survivor regions: 0->7(7)
[2024-02-16T09:27:40.112+0900][gc,heap     ] GC(0) Old regions: 0->1
[2024-02-16T09:27:40.112+0900][gc,heap     ] GC(0) Archive regions: 2->2
[2024-02-16T09:27:40.112+0900][gc,heap     ] GC(0) Humongous regions: 0->0
[2024-02-16T09:27:40.112+0900][gc,metaspace] GC(0) Metaspace: 18273K(18496K)->18273K(18496K) NonClass: 16216K(16320K)->16216K(16320K) Class: 2056K(2176K)->2056K(2176K)
[2024-02-16T09:27:40.112+0900][gc          ] GC(0) Pause Young (Normal) (G1 Evacuation Pause) 51M->8M(1024M) 41.257ms
[2024-02-16T09:27:40.112+0900][gc,cpu      ] GC(0) User=0.01s Sys=0.01s Real=0.04s
[2024-02-16T09:27:40.353+0900][gc,start    ] GC(1) Pause Young (Concurrent Start) (Metadata GC Threshold)
[2024-02-16T09:27:40.353+0900][gc,task     ] GC(1) Using 8 workers of 8 for evacuation
[2024-02-16T09:27:40.356+0900][gc,phases   ] GC(1)   Pre Evacuate Collection Set: 0.1ms
[2024-02-16T09:27:40.356+0900][gc,phases   ] GC(1)   Merge Heap Roots: 0.0ms
[2024-02-16T09:27:40.356+0900][gc,phases   ] GC(1)   Evacuate Collection Set: 3.0ms
[2024-02-16T09:27:40.356+0900][gc,phases   ] GC(1)   Post Evacuate Collection Set: 0.2ms
[2024-02-16T09:27:40.356+0900][gc,phases   ] GC(1)   Other: 0.0ms
[2024-02-16T09:27:40.356+0900][gc,heap     ] GC(1) Eden regions: 12->0(49)
[2024-02-16T09:27:40.356+0900][gc,heap     ] GC(1) Survivor regions: 7->2(7)
[2024-02-16T09:27:40.356+0900][gc,heap     ] GC(1) Old regions: 1->8
[2024-02-16T09:27:40.356+0900][gc,heap     ] GC(1) Archive regions: 2->2
[2024-02-16T09:27:40.356+0900][gc,heap     ] GC(1) Humongous regions: 0->0
[2024-02-16T09:27:40.356+0900][gc,metaspace] GC(1) Metaspace: 21293K(21504K)->21293K(21504K) NonClass: 18850K(18944K)->18850K(18944K) Class: 2443K(2560K)->2443K(2560K)
[2024-02-16T09:27:40.356+0900][gc          ] GC(1) Pause Young (Concurrent Start) (Metadata GC Threshold) 20M->9M(1024M) 3.511ms
[2024-02-16T09:27:40.356+0900][gc,cpu      ] GC(1) User=0.01s Sys=0.01s Real=0.00s
[2024-02-16T09:27:40.356+0900][gc          ] GC(2) Concurrent Mark Cycle
[2024-02-16T09:27:40.356+0900][gc,marking  ] GC(2) Concurrent Clear Claimed Marks
[2024-02-16T09:27:40.356+0900][gc,marking  ] GC(2) Concurrent Clear Claimed Marks 0.013ms
[2024-02-16T09:27:40.356+0900][gc,marking  ] GC(2) Concurrent Scan Root Regions
[2024-02-16T09:27:40.357+0900][gc,marking  ] GC(2) Concurrent Scan Root Regions 1.150ms
[2024-02-16T09:27:40.357+0900][gc,marking  ] GC(2) Concurrent Mark
[2024-02-16T09:27:40.357+0900][gc,marking  ] GC(2) Concurrent Mark From Roots
[2024-02-16T09:27:40.357+0900][gc,task     ] GC(2) Using 2 workers of 2 for marking
[2024-02-16T09:27:40.367+0900][gc,marking  ] GC(2) Concurrent Mark From Roots 10.086ms
[2024-02-16T09:27:40.367+0900][gc,marking  ] GC(2) Concurrent Preclean
[2024-02-16T09:27:40.367+0900][gc,marking  ] GC(2) Concurrent Preclean 0.008ms
[2024-02-16T09:27:40.368+0900][gc,start    ] GC(2) Pause Remark
[2024-02-16T09:27:40.369+0900][gc          ] GC(2) Pause Remark 9M->9M(1024M) 1.365ms
[2024-02-16T09:27:40.369+0900][gc,cpu      ] GC(2) User=0.01s Sys=0.00s Real=0.00s
[2024-02-16T09:27:40.369+0900][gc,marking  ] GC(2) Concurrent Mark 11.668ms
[2024-02-16T09:27:40.369+0900][gc,marking  ] GC(2) Concurrent Rebuild Remembered Sets
[2024-02-16T09:27:40.371+0900][gc,marking  ] GC(2) Concurrent Rebuild Remembered Sets 1.730ms
[2024-02-16T09:27:40.371+0900][gc,start    ] GC(2) Pause Cleanup
[2024-02-16T09:27:40.371+0900][gc          ] GC(2) Pause Cleanup 9M->9M(1024M) 0.084ms
[2024-02-16T09:27:40.371+0900][gc,cpu      ] GC(2) User=0.00s Sys=0.00s Real=0.00s
[2024-02-16T09:27:40.371+0900][gc,marking  ] GC(2) Concurrent Cleanup for Next Mark
[2024-02-16T09:27:40.373+0900][gc,marking  ] GC(2) Concurrent Cleanup for Next Mark 1.560ms
[2024-02-16T09:27:40.373+0900][gc          ] GC(2) Concurrent Mark Cycle 16.446ms
[2024-02-16T09:27:40.927+0900][gc,start    ] GC(3) Pause Young (Normal) (G1 Evacuation Pause)
[2024-02-16T09:27:40.927+0900][gc,task     ] GC(3) Using 8 workers of 8 for evacuation
[2024-02-16T09:27:40.930+0900][gc,phases   ] GC(3)   Pre Evacuate Collection Set: 0.2ms
[2024-02-16T09:27:40.930+0900][gc,phases   ] GC(3)   Merge Heap Roots: 0.0ms
[2024-02-16T09:27:40.930+0900][gc,phases   ] GC(3)   Evacuate Collection Set: 2.1ms
[2024-02-16T09:27:40.930+0900][gc,phases   ] GC(3)   Post Evacuate Collection Set: 0.2ms
[2024-02-16T09:27:40.930+0900][gc,phases   ] GC(3)   Other: 0.0ms
[2024-02-16T09:27:40.930+0900][gc,heap     ] GC(3) Eden regions: 49->0(44)
[2024-02-16T09:27:40.930+0900][gc,heap     ] GC(3) Survivor regions: 2->7(7)
[2024-02-16T09:27:40.930+0900][gc,heap     ] GC(3) Old regions: 8->8
[2024-02-16T09:27:40.930+0900][gc,heap     ] GC(3) Archive regions: 2->2
[2024-02-16T09:27:40.930+0900][gc,heap     ] GC(3) Humongous regions: 129->129
[2024-02-16T09:27:40.930+0900][gc,metaspace] GC(3) Metaspace: 33099K(33408K)->33099K(33408K) NonClass: 29555K(29760K)->29555K(29760K) Class: 3543K(3648K)->3543K(3648K)
[2024-02-16T09:27:40.930+0900][gc          ] GC(3) Pause Young (Normal) (G1 Evacuation Pause) 187M->143M(1024M) 2.754ms
[2024-02-16T09:27:40.930+0900][gc,cpu      ] GC(3) User=0.01s Sys=0.00s Real=0.01s
[2024-02-16T09:27:41.099+0900][gc,start    ] GC(4) Pause Young (Concurrent Start) (Metadata GC Threshold)
[2024-02-16T09:27:41.099+0900][gc,task     ] GC(4) Using 8 workers of 8 for evacuation
[2024-02-16T09:27:41.105+0900][gc,phases   ] GC(4)   Pre Evacuate Collection Set: 0.1ms
[2024-02-16T09:27:41.105+0900][gc,phases   ] GC(4)   Merge Heap Roots: 0.0ms
[2024-02-16T09:27:41.105+0900][gc,phases   ] GC(4)   Evacuate Collection Set: 5.6ms
[2024-02-16T09:27:41.105+0900][gc,phases   ] GC(4)   Post Evacuate Collection Set: 0.3ms
[2024-02-16T09:27:41.105+0900][gc,phases   ] GC(4)   Other: 0.1ms
[2024-02-16T09:27:41.105+0900][gc,heap     ] GC(4) Eden regions: 11->0(50)
[2024-02-16T09:27:41.105+0900][gc,heap     ] GC(4) Survivor regions: 7->1(7)
[2024-02-16T09:27:41.105+0900][gc,heap     ] GC(4) Old regions: 8->14
[2024-02-16T09:27:41.105+0900][gc,heap     ] GC(4) Archive regions: 2->2
[2024-02-16T09:27:41.105+0900][gc,heap     ] GC(4) Humongous regions: 129->129
[2024-02-16T09:27:41.105+0900][gc,metaspace] GC(4) Metaspace: 35652K(35968K)->35652K(35968K) NonClass: 31828K(32000K)->31828K(32000K) Class: 3823K(3968K)->3823K(3968K)
[2024-02-16T09:27:41.105+0900][gc          ] GC(4) Pause Young (Concurrent Start) (Metadata GC Threshold) 154M->144M(1024M) 6.322ms
[2024-02-16T09:27:41.105+0900][gc,cpu      ] GC(4) User=0.01s Sys=0.00s Real=0.01s
[2024-02-16T09:27:41.105+0900][gc          ] GC(5) Concurrent Mark Cycle
[2024-02-16T09:27:41.105+0900][gc,marking  ] GC(5) Concurrent Clear Claimed Marks
[2024-02-16T09:27:41.105+0900][gc,marking  ] GC(5) Concurrent Clear Claimed Marks 0.017ms
[2024-02-16T09:27:41.105+0900][gc,marking  ] GC(5) Concurrent Scan Root Regions
[2024-02-16T09:27:41.107+0900][gc,marking  ] GC(5) Concurrent Scan Root Regions 2.054ms
[2024-02-16T09:27:41.107+0900][gc,marking  ] GC(5) Concurrent Mark
[2024-02-16T09:27:41.107+0900][gc,marking  ] GC(5) Concurrent Mark From Roots
[2024-02-16T09:27:41.107+0900][gc,task     ] GC(5) Using 2 workers of 2 for marking
[2024-02-16T09:27:41.137+0900][gc,marking  ] GC(5) Concurrent Mark From Roots 29.573ms
[2024-02-16T09:27:41.137+0900][gc,marking  ] GC(5) Concurrent Preclean
[2024-02-16T09:27:41.137+0900][gc,marking  ] GC(5) Concurrent Preclean 0.035ms
[2024-02-16T09:27:41.137+0900][gc,start    ] GC(5) Pause Remark
[2024-02-16T09:27:41.138+0900][gc          ] GC(5) Pause Remark 145M->145M(1024M) 1.030ms
[2024-02-16T09:27:41.138+0900][gc,cpu      ] GC(5) User=0.00s Sys=0.00s Real=0.00s
[2024-02-16T09:27:41.148+0900][gc,marking  ] GC(5) Concurrent Mark 40.821ms
[2024-02-16T09:27:41.148+0900][gc,marking  ] GC(5) Concurrent Rebuild Remembered Sets
[2024-02-16T09:27:41.151+0900][gc,marking  ] GC(5) Concurrent Rebuild Remembered Sets 2.758ms
[2024-02-16T09:27:41.151+0900][gc,start    ] GC(5) Pause Cleanup
[2024-02-16T09:27:41.151+0900][gc          ] GC(5) Pause Cleanup 146M->146M(1024M) 0.080ms
[2024-02-16T09:27:41.151+0900][gc,cpu      ] GC(5) User=0.00s Sys=0.00s Real=0.00s
[2024-02-16T09:27:41.151+0900][gc,marking  ] GC(5) Concurrent Cleanup for Next Mark
[2024-02-16T09:27:41.153+0900][gc,marking  ] GC(5) Concurrent Cleanup for Next Mark 1.384ms
[2024-02-16T09:27:41.153+0900][gc          ] GC(5) Concurrent Mark Cycle 47.406ms
[2024-02-16T09:48:59.367+0900][gc,start    ] GC(6) Pause Young (Normal) (G1 Evacuation Pause)
[2024-02-16T09:48:59.369+0900][gc,task     ] GC(6) Using 8 workers of 8 for evacuation
[2024-02-16T09:48:59.411+0900][gc,mmu      ] GC(6) MMU target violated: 21.0ms (20.0ms/21.0ms)
[2024-02-16T09:48:59.411+0900][gc,phases   ] GC(6)   Pre Evacuate Collection Set: 1.4ms
[2024-02-16T09:48:59.411+0900][gc,phases   ] GC(6)   Merge Heap Roots: 0.6ms
[2024-02-16T09:48:59.411+0900][gc,phases   ] GC(6)   Evacuate Collection Set: 38.5ms
[2024-02-16T09:48:59.411+0900][gc,phases   ] GC(6)   Post Evacuate Collection Set: 1.4ms
[2024-02-16T09:48:59.411+0900][gc,phases   ] GC(6)   Other: 0.6ms
[2024-02-16T09:48:59.411+0900][gc,heap     ] GC(6) Eden regions: 50->0(47)
[2024-02-16T09:48:59.411+0900][gc,heap     ] GC(6) Survivor regions: 1->4(7)
[2024-02-16T09:48:59.411+0900][gc,heap     ] GC(6) Old regions: 14->14
[2024-02-16T09:48:59.411+0900][gc,heap     ] GC(6) Archive regions: 2->2
[2024-02-16T09:48:59.411+0900][gc,heap     ] GC(6) Humongous regions: 129->129
[2024-02-16T09:48:59.411+0900][gc,metaspace] GC(6) Metaspace: 40587K(41152K)->40587K(41152K) NonClass: 36118K(36416K)->36118K(36416K) Class: 4469K(4736K)->4469K(4736K)
[2024-02-16T09:48:59.411+0900][gc          ] GC(6) Pause Young (Normal) (G1 Evacuation Pause) 194M->146M(1024M) 43.973ms
[2024-02-16T09:48:59.411+0900][gc,cpu      ] GC(6) User=0.02s Sys=0.07s Real=0.05s
[2024-02-16T09:55:26.200+0900][gc,start    ] GC(7) Pause Young (Normal) (G1 Evacuation Pause)
[2024-02-16T09:55:26.202+0900][gc,task     ] GC(7) Using 8 workers of 8 for evacuation
[2024-02-16T09:55:26.212+0900][gc,phases   ] GC(7)   Pre Evacuate Collection Set: 0.7ms
[2024-02-16T09:55:26.213+0900][gc,phases   ] GC(7)   Merge Heap Roots: 0.4ms
[2024-02-16T09:55:26.213+0900][gc,phases   ] GC(7)   Evacuate Collection Set: 8.9ms
[2024-02-16T09:55:26.213+0900][gc,phases   ] GC(7)   Post Evacuate Collection Set: 0.6ms
[2024-02-16T09:55:26.213+0900][gc,phases   ] GC(7)   Other: 0.3ms
[2024-02-16T09:55:26.213+0900][gc,heap     ] GC(7) Eden regions: 47->0(47)
[2024-02-16T09:55:26.213+0900][gc,heap     ] GC(7) Survivor regions: 4->4(7)
[2024-02-16T09:55:26.213+0900][gc,heap     ] GC(7) Old regions: 14->14
[2024-02-16T09:55:26.213+0900][gc,heap     ] GC(7) Archive regions: 2->2
[2024-02-16T09:55:26.213+0900][gc,heap     ] GC(7) Humongous regions: 129->129
[2024-02-16T09:55:26.213+0900][gc,metaspace] GC(7) Metaspace: 40745K(41280K)->40745K(41280K) NonClass: 36267K(36544K)->36267K(36544K) Class: 4477K(4736K)->4477K(4736K)
[2024-02-16T09:55:26.213+0900][gc          ] GC(7) Pause Young (Normal) (G1 Evacuation Pause) 193M->146M(1024M) 12.482ms
[2024-02-16T09:55:26.213+0900][gc,cpu      ] GC(7) User=0.02s Sys=0.03s Real=0.01s
[2024-02-16T10:01:11.336+0900][gc,start    ] GC(8) Pause Young (Normal) (G1 Evacuation Pause)
[2024-02-16T10:01:11.339+0900][gc,task     ] GC(8) Using 8 workers of 8 for evacuation
[2024-02-16T10:01:11.359+0900][gc,phases   ] GC(8)   Pre Evacuate Collection Set: 0.7ms
[2024-02-16T10:01:11.359+0900][gc,phases   ] GC(8)   Merge Heap Roots: 0.4ms
[2024-02-16T10:01:11.359+0900][gc,phases   ] GC(8)   Evacuate Collection Set: 16.1ms
[2024-02-16T10:01:11.359+0900][gc,phases   ] GC(8)   Post Evacuate Collection Set: 1.7ms
[2024-02-16T10:01:11.359+0900][gc,phases   ] GC(8)   Other: 0.7ms
[2024-02-16T10:01:11.359+0900][gc,heap     ] GC(8) Eden regions: 47->0(46)
[2024-02-16T10:01:11.359+0900][gc,heap     ] GC(8) Survivor regions: 4->5(7)
[2024-02-16T10:01:11.359+0900][gc,heap     ] GC(8) Old regions: 14->14
[2024-02-16T10:01:11.359+0900][gc,heap     ] GC(8) Archive regions: 2->2
[2024-02-16T10:01:11.359+0900][gc,heap     ] GC(8) Humongous regions: 129->129
[2024-02-16T10:01:11.359+0900][gc,metaspace] GC(8) Metaspace: 41354K(41856K)->41354K(41856K) NonClass: 36785K(37056K)->36785K(37056K) Class: 4568K(4800K)->4568K(4800K)
[2024-02-16T10:01:11.359+0900][gc          ] GC(8) Pause Young (Normal) (G1 Evacuation Pause) 193M->147M(1024M) 24.000ms
[2024-02-16T10:01:11.359+0900][gc,cpu      ] GC(8) User=0.02s Sys=0.02s Real=0.02s
[2024-02-16T10:07:41.188+0900][gc,start    ] GC(9) Pause Young (Normal) (G1 Evacuation Pause)
[2024-02-16T10:07:41.189+0900][gc,task     ] GC(9) Using 8 workers of 8 for evacuation
[2024-02-16T10:07:41.207+0900][gc,phases   ] GC(9)   Pre Evacuate Collection Set: 0.5ms
[2024-02-16T10:07:41.208+0900][gc,phases   ] GC(9)   Merge Heap Roots: 0.1ms
[2024-02-16T10:07:41.208+0900][gc,phases   ] GC(9)   Evacuate Collection Set: 16.8ms
[2024-02-16T10:07:41.208+0900][gc,phases   ] GC(9)   Post Evacuate Collection Set: 0.9ms
[2024-02-16T10:07:41.208+0900][gc,phases   ] GC(9)   Other: 0.2ms
[2024-02-16T10:07:41.208+0900][gc,heap     ] GC(9) Eden regions: 46->0(46)
[2024-02-16T10:07:41.208+0900][gc,heap     ] GC(9) Survivor regions: 5->5(7)
[2024-02-16T10:07:41.208+0900][gc,heap     ] GC(9) Old regions: 14->14
[2024-02-16T10:07:41.208+0900][gc,heap     ] GC(9) Archive regions: 2->2
[2024-02-16T10:07:41.208+0900][gc,heap     ] GC(9) Humongous regions: 129->129
[2024-02-16T10:07:41.208+0900][gc,metaspace] GC(9) Metaspace: 41378K(41920K)->41378K(41920K) NonClass: 36809K(37120K)->36809K(37120K) Class: 4568K(4800K)->4568K(4800K)
[2024-02-16T10:07:41.208+0900][gc          ] GC(9) Pause Young (Normal) (G1 Evacuation Pause) 193M->148M(1024M) 20.476ms
[2024-02-16T10:07:41.208+0900][gc,cpu      ] GC(9) User=0.03s Sys=0.01s Real=0.02s
[2024-02-16T10:14:08.621+0900][gc,start    ] GC(10) Pause Young (Normal) (G1 Evacuation Pause)
[2024-02-16T10:14:08.622+0900][gc,task     ] GC(10) Using 8 workers of 8 for evacuation
[2024-02-16T10:14:08.637+0900][gc,phases   ] GC(10)   Pre Evacuate Collection Set: 0.6ms
[2024-02-16T10:14:08.637+0900][gc,phases   ] GC(10)   Merge Heap Roots: 0.5ms
[2024-02-16T10:14:08.637+0900][gc,phases   ] GC(10)   Evacuate Collection Set: 13.1ms
[2024-02-16T10:14:08.637+0900][gc,phases   ] GC(10)   Post Evacuate Collection Set: 0.5ms
[2024-02-16T10:14:08.637+0900][gc,phases   ] GC(10)   Other: 0.4ms
[2024-02-16T10:14:08.637+0900][gc,heap     ] GC(10) Eden regions: 46->0(47)
[2024-02-16T10:14:08.637+0900][gc,heap     ] GC(10) Survivor regions: 5->4(7)
[2024-02-16T10:14:08.637+0900][gc,heap     ] GC(10) Old regions: 14->16
[2024-02-16T10:14:08.637+0900][gc,heap     ] GC(10) Archive regions: 2->2
[2024-02-16T10:14:08.637+0900][gc,heap     ] GC(10) Humongous regions: 129->129
[2024-02-16T10:14:08.637+0900][gc,metaspace] GC(10) Metaspace: 41435K(41920K)->41435K(41920K) NonClass: 36866K(37120K)->36866K(37120K) Class: 4569K(4800K)->4569K(4800K)
[2024-02-16T10:14:08.637+0900][gc          ] GC(10) Pause Young (Normal) (G1 Evacuation Pause) 194M->148M(1024M) 15.861ms
[2024-02-16T10:14:08.637+0900][gc,cpu      ] GC(10) User=0.02s Sys=0.03s Real=0.01s
[2024-02-16T10:20:38.551+0900][gc,start    ] GC(11) Pause Young (Normal) (G1 Evacuation Pause)
[2024-02-16T10:20:38.552+0900][gc,task     ] GC(11) Using 8 workers of 8 for evacuation
[2024-02-16T10:20:38.574+0900][gc,mmu      ] GC(11) MMU target violated: 21.0ms (20.0ms/21.0ms)
[2024-02-16T10:20:38.574+0900][gc,phases   ] GC(11)   Pre Evacuate Collection Set: 0.9ms
[2024-02-16T10:20:38.574+0900][gc,phases   ] GC(11)   Merge Heap Roots: 0.2ms
[2024-02-16T10:20:38.574+0900][gc,phases   ] GC(11)   Evacuate Collection Set: 20.1ms
[2024-02-16T10:20:38.574+0900][gc,phases   ] GC(11)   Post Evacuate Collection Set: 0.8ms
[2024-02-16T10:20:38.574+0900][gc,phases   ] GC(11)   Other: 0.7ms
[2024-02-16T10:20:38.574+0900][gc,heap     ] GC(11) Eden regions: 47->0(47)
[2024-02-16T10:20:38.574+0900][gc,heap     ] GC(11) Survivor regions: 4->4(7)
[2024-02-16T10:20:38.574+0900][gc,heap     ] GC(11) Old regions: 16->16
[2024-02-16T10:20:38.574+0900][gc,heap     ] GC(11) Archive regions: 2->2
[2024-02-16T10:20:38.574+0900][gc,heap     ] GC(11) Humongous regions: 129->129
[2024-02-16T10:20:38.574+0900][gc,metaspace] GC(11) Metaspace: 41488K(42048K)->41488K(42048K) NonClass: 36918K(37248K)->36918K(37248K) Class: 4569K(4800K)->4569K(4800K)
[2024-02-16T10:20:38.574+0900][gc          ] GC(11) Pause Young (Normal) (G1 Evacuation Pause) 195M->149M(1024M) 23.461ms
[2024-02-16T10:20:38.574+0900][gc,cpu      ] GC(11) User=0.03s Sys=0.04s Real=0.02s
[2024-02-16T10:27:06.212+0900][gc,start    ] GC(12) Pause Young (Normal) (G1 Evacuation Pause)
[2024-02-16T10:27:06.215+0900][gc,task     ] GC(12) Using 8 workers of 8 for evacuation
[2024-02-16T10:27:06.234+0900][gc,phases   ] GC(12)   Pre Evacuate Collection Set: 2.4ms
[2024-02-16T10:27:06.234+0900][gc,phases   ] GC(12)   Merge Heap Roots: 0.3ms
[2024-02-16T10:27:06.234+0900][gc,phases   ] GC(12)   Evacuate Collection Set: 14.6ms
[2024-02-16T10:27:06.234+0900][gc,phases   ] GC(12)   Post Evacuate Collection Set: 1.2ms
[2024-02-16T10:27:06.234+0900][gc,phases   ] GC(12)   Other: 0.6ms
[2024-02-16T10:27:06.234+0900][gc,heap     ] GC(12) Eden regions: 47->0(50)
[2024-02-16T10:27:06.234+0900][gc,heap     ] GC(12) Survivor regions: 4->3(7)
[2024-02-16T10:27:06.234+0900][gc,heap     ] GC(12) Old regions: 16->16
[2024-02-16T10:27:06.234+0900][gc,heap     ] GC(12) Archive regions: 2->2
[2024-02-16T10:27:06.234+0900][gc,heap     ] GC(12) Humongous regions: 129->129
[2024-02-16T10:27:06.234+0900][gc,metaspace] GC(12) Metaspace: 41568K(42112K)->41568K(42112K) NonClass: 36998K(37312K)->36998K(37312K) Class: 4569K(4800K)->4569K(4800K)
[2024-02-16T10:27:06.234+0900][gc          ] GC(12) Pause Young (Normal) (G1 Evacuation Pause) 196M->148M(1024M) 22.704ms
[2024-02-16T10:27:06.234+0900][gc,cpu      ] GC(12) User=0.01s Sys=0.03s Real=0.02s
[2024-02-16T10:33:08.851+0900][gc,start    ] GC(13) Pause Young (Normal) (G1 Evacuation Pause)
[2024-02-16T10:33:08.853+0900][gc,task     ] GC(13) Using 8 workers of 8 for evacuation
[2024-02-16T10:33:08.877+0900][gc,mmu      ] GC(13) MMU target violated: 21.0ms (20.0ms/21.0ms)
[2024-02-16T10:33:08.877+0900][gc,phases   ] GC(13)   Pre Evacuate Collection Set: 1.2ms
[2024-02-16T10:33:08.877+0900][gc,phases   ] GC(13)   Merge Heap Roots: 0.6ms
[2024-02-16T10:33:08.877+0900][gc,phases   ] GC(13)   Evacuate Collection Set: 20.8ms
[2024-02-16T10:33:08.877+0900][gc,phases   ] GC(13)   Post Evacuate Collection Set: 0.7ms
[2024-02-16T10:33:08.877+0900][gc,phases   ] GC(13)   Other: 0.7ms
[2024-02-16T10:33:08.877+0900][gc,heap     ] GC(13) Eden regions: 50->0(46)
[2024-02-16T10:33:08.877+0900][gc,heap     ] GC(13) Survivor regions: 3->5(7)
[2024-02-16T10:33:08.877+0900][gc,heap     ] GC(13) Old regions: 16->16
[2024-02-16T10:33:08.877+0900][gc,heap     ] GC(13) Archive regions: 2->2
[2024-02-16T10:33:08.877+0900][gc,heap     ] GC(13) Humongous regions: 129->129
[2024-02-16T10:33:08.877+0900][gc,metaspace] GC(13) Metaspace: 41664K(42176K)->41664K(42176K) NonClass: 37091K(37376K)->37091K(37376K) Class: 4572K(4800K)->4572K(4800K)
[2024-02-16T10:33:08.877+0900][gc          ] GC(13) Pause Young (Normal) (G1 Evacuation Pause) 198M->149M(1024M) 26.440ms
[2024-02-16T10:33:08.877+0900][gc,cpu      ] GC(13) User=0.02s Sys=0.05s Real=0.02s
[2024-02-16T10:39:14.285+0900][gc,start    ] GC(14) Pause Young (Normal) (G1 Evacuation Pause)
[2024-02-16T10:39:14.286+0900][gc,task     ] GC(14) Using 8 workers of 8 for evacuation
[2024-02-16T10:39:14.305+0900][gc,phases   ] GC(14)   Pre Evacuate Collection Set: 2.0ms
[2024-02-16T10:39:14.305+0900][gc,phases   ] GC(14)   Merge Heap Roots: 0.4ms
[2024-02-16T10:39:14.305+0900][gc,phases   ] GC(14)   Evacuate Collection Set: 15.6ms
[2024-02-16T10:39:14.305+0900][gc,phases   ] GC(14)   Post Evacuate Collection Set: 0.8ms
[2024-02-16T10:39:14.305+0900][gc,phases   ] GC(14)   Other: 0.3ms
[2024-02-16T10:39:14.305+0900][gc,heap     ] GC(14) Eden regions: 46->0(59)
[2024-02-16T10:39:14.305+0900][gc,heap     ] GC(14) Survivor regions: 5->3(7)
[2024-02-16T10:39:14.305+0900][gc,heap     ] GC(14) Old regions: 16->18
[2024-02-16T10:39:14.305+0900][gc,heap     ] GC(14) Archive regions: 2->2
[2024-02-16T10:39:14.305+0900][gc,heap     ] GC(14) Humongous regions: 129->129
[2024-02-16T10:39:14.305+0900][gc,metaspace] GC(14) Metaspace: 41724K(42240K)->41724K(42240K) NonClass: 37151K(37440K)->37151K(37440K) Class: 4572K(4800K)->4572K(4800K)
[2024-02-16T10:39:14.305+0900][gc          ] GC(14) Pause Young (Normal) (G1 Evacuation Pause) 195M->150M(1024M) 20.093ms
[2024-02-16T10:39:14.305+0900][gc,cpu      ] GC(14) User=0.02s Sys=0.03s Real=0.02s
[2024-02-16T10:46:41.771+0900][gc,start    ] GC(15) Pause Young (Normal) (G1 Evacuation Pause)
[2024-02-16T10:46:41.772+0900][gc,task     ] GC(15) Using 8 workers of 8 for evacuation
[2024-02-16T10:46:41.798+0900][gc,mmu      ] GC(15) MMU target violated: 21.0ms (20.0ms/21.0ms)
[2024-02-16T10:46:41.798+0900][gc,phases   ] GC(15)   Pre Evacuate Collection Set: 2.6ms
[2024-02-16T10:46:41.798+0900][gc,phases   ] GC(15)   Merge Heap Roots: 0.1ms
[2024-02-16T10:46:41.798+0900][gc,phases   ] GC(15)   Evacuate Collection Set: 22.3ms
[2024-02-16T10:46:41.798+0900][gc,phases   ] GC(15)   Post Evacuate Collection Set: 0.8ms
[2024-02-16T10:46:41.798+0900][gc,phases   ] GC(15)   Other: 0.6ms
[2024-02-16T10:46:41.798+0900][gc,heap     ] GC(15) Eden regions: 59->0(44)
[2024-02-16T10:46:41.798+0900][gc,heap     ] GC(15) Survivor regions: 3->7(8)
[2024-02-16T10:46:41.798+0900][gc,heap     ] GC(15) Old regions: 18->18
[2024-02-16T10:46:41.798+0900][gc,heap     ] GC(15) Archive regions: 2->2
[2024-02-16T10:46:41.798+0900][gc,heap     ] GC(15) Humongous regions: 129->129
[2024-02-16T10:46:41.798+0900][gc,metaspace] GC(15) Metaspace: 41753K(42240K)->41753K(42240K) NonClass: 37180K(37440K)->37180K(37440K) Class: 4572K(4800K)->4572K(4800K)
[2024-02-16T10:46:41.799+0900][gc          ] GC(15) Pause Young (Normal) (G1 Evacuation Pause) 209M->153M(1024M) 27.923ms
[2024-02-16T10:46:41.799+0900][gc,cpu      ] GC(15) User=0.02s Sys=0.03s Real=0.02s
[2024-02-16T10:53:27.811+0900][gc,start    ] GC(16) Pause Young (Normal) (G1 Evacuation Pause)
[2024-02-16T10:53:27.815+0900][gc,task     ] GC(16) Using 8 workers of 8 for evacuation
[2024-02-16T10:53:27.834+0900][gc,phases   ] GC(16)   Pre Evacuate Collection Set: 1.6ms
[2024-02-16T10:53:27.834+0900][gc,phases   ] GC(16)   Merge Heap Roots: 0.7ms
[2024-02-16T10:53:27.834+0900][gc,phases   ] GC(16)   Evacuate Collection Set: 15.6ms
[2024-02-16T10:53:27.834+0900][gc,phases   ] GC(16)   Post Evacuate Collection Set: 1.0ms
[2024-02-16T10:53:27.834+0900][gc,phases   ] GC(16)   Other: 0.7ms
[2024-02-16T10:53:27.835+0900][gc,heap     ] GC(16) Eden regions: 44->0(47)
[2024-02-16T10:53:27.835+0900][gc,heap     ] GC(16) Survivor regions: 7->4(7)
[2024-02-16T10:53:27.835+0900][gc,heap     ] GC(16) Old regions: 18->24
[2024-02-16T10:53:27.835+0900][gc,heap     ] GC(16) Archive regions: 2->2
[2024-02-16T10:53:27.835+0900][gc,heap     ] GC(16) Humongous regions: 129->129
[2024-02-16T10:53:27.835+0900][gc,metaspace] GC(16) Metaspace: 41810K(42368K)->41810K(42368K) NonClass: 37237K(37568K)->37237K(37568K) Class: 4572K(4800K)->4572K(4800K)
[2024-02-16T10:53:27.835+0900][gc          ] GC(16) Pause Young (Normal) (G1 Evacuation Pause) 197M->156M(1024M) 23.570ms
[2024-02-16T10:53:27.835+0900][gc,cpu      ] GC(16) User=0.03s Sys=0.04s Real=0.02s
[2024-02-16T11:00:50.243+0900][gc,start    ] GC(17) Pause Young (Normal) (G1 Evacuation Pause)
[2024-02-16T11:00:50.244+0900][gc,task     ] GC(17) Using 8 workers of 8 for evacuation
[2024-02-16T11:00:50.292+0900][gc,mmu      ] GC(17) MMU target violated: 21.0ms (20.0ms/21.0ms)
[2024-02-16T11:00:50.292+0900][gc,phases   ] GC(17)   Pre Evacuate Collection Set: 1.0ms
[2024-02-16T11:00:50.292+0900][gc,phases   ] GC(17)   Merge Heap Roots: 0.8ms
[2024-02-16T11:00:50.292+0900][gc,phases   ] GC(17)   Evacuate Collection Set: 45.3ms
[2024-02-16T11:00:50.292+0900][gc,phases   ] GC(17)   Post Evacuate Collection Set: 0.4ms
[2024-02-16T11:00:50.292+0900][gc,phases   ] GC(17)   Other: 0.4ms
[2024-02-16T11:00:50.292+0900][gc,heap     ] GC(17) Eden regions: 47->0(44)
[2024-02-16T11:00:50.292+0900][gc,heap     ] GC(17) Survivor regions: 4->7(7)
[2024-02-16T11:00:50.292+0900][gc,heap     ] GC(17) Old regions: 24->24
[2024-02-16T11:00:50.292+0900][gc,heap     ] GC(17) Archive regions: 2->2
[2024-02-16T11:00:50.292+0900][gc,heap     ] GC(17) Humongous regions: 129->129
[2024-02-16T11:00:50.292+0900][gc,metaspace] GC(17) Metaspace: 42008K(42560K)->42008K(42560K) NonClass: 37419K(37696K)->37419K(37696K) Class: 4589K(4864K)->4589K(4864K)
[2024-02-16T11:00:50.292+0900][gc          ] GC(17) Pause Young (Normal) (G1 Evacuation Pause) 203M->160M(1024M) 49.066ms
[2024-02-16T11:00:50.292+0900][gc,cpu      ] GC(17) User=0.02s Sys=0.05s Real=0.05s
[2024-02-16T11:07:56.559+0900][gc,start    ] GC(18) Pause Young (Normal) (G1 Evacuation Pause)
[2024-02-16T11:07:56.561+0900][gc,task     ] GC(18) Using 8 workers of 8 for evacuation
[2024-02-16T11:07:56.606+0900][gc,mmu      ] GC(18) MMU target violated: 21.0ms (20.0ms/21.0ms)
[2024-02-16T11:07:56.606+0900][gc,phases   ] GC(18)   Pre Evacuate Collection Set: 1.7ms
[2024-02-16T11:07:56.606+0900][gc,phases   ] GC(18)   Merge Heap Roots: 1.5ms
[2024-02-16T11:07:56.606+0900][gc,phases   ] GC(18)   Evacuate Collection Set: 39.5ms
[2024-02-16T11:07:56.606+0900][gc,phases   ] GC(18)   Post Evacuate Collection Set: 1.2ms
[2024-02-16T11:07:56.606+0900][gc,phases   ] GC(18)   Other: 2.0ms
[2024-02-16T11:07:56.606+0900][gc,heap     ] GC(18) Eden regions: 44->0(46)
[2024-02-16T11:07:56.606+0900][gc,heap     ] GC(18) Survivor regions: 7->5(7)
[2024-02-16T11:07:56.606+0900][gc,heap     ] GC(18) Old regions: 24->29
[2024-02-16T11:07:56.606+0900][gc,heap     ] GC(18) Archive regions: 2->2
[2024-02-16T11:07:56.606+0900][gc,heap     ] GC(18) Humongous regions: 129->129
[2024-02-16T11:07:56.606+0900][gc,metaspace] GC(18) Metaspace: 42039K(42624K)->42039K(42624K) NonClass: 37449K(37760K)->37449K(37760K) Class: 4589K(4864K)->4589K(4864K)
[2024-02-16T11:07:56.607+0900][gc          ] GC(18) Pause Young (Normal) (G1 Evacuation Pause) 204M->162M(1024M) 47.405ms
[2024-02-16T11:07:56.607+0900][gc,cpu      ] GC(18) User=0.04s Sys=0.04s Real=0.05s
[2024-02-16T11:16:30.352+0900][gc,start    ] GC(19) Pause Young (Normal) (G1 Evacuation Pause)
[2024-02-16T11:16:30.353+0900][gc,task     ] GC(19) Using 8 workers of 8 for evacuation
[2024-02-16T11:16:30.385+0900][gc,mmu      ] GC(19) MMU target violated: 21.0ms (20.0ms/21.0ms)
[2024-02-16T11:16:30.385+0900][gc,phases   ] GC(19)   Pre Evacuate Collection Set: 0.4ms
[2024-02-16T11:16:30.385+0900][gc,phases   ] GC(19)   Merge Heap Roots: 0.1ms
[2024-02-16T11:16:30.385+0900][gc,phases   ] GC(19)   Evacuate Collection Set: 31.2ms
[2024-02-16T11:16:30.385+0900][gc,phases   ] GC(19)   Post Evacuate Collection Set: 0.9ms
[2024-02-16T11:16:30.386+0900][gc,phases   ] GC(19)   Other: 0.4ms
[2024-02-16T11:16:30.386+0900][gc,heap     ] GC(19) Eden regions: 46->0(44)
[2024-02-16T11:16:30.386+0900][gc,heap     ] GC(19) Survivor regions: 5->7(7)
[2024-02-16T11:16:30.386+0900][gc,heap     ] GC(19) Old regions: 29->29
[2024-02-16T11:16:30.386+0900][gc,heap     ] GC(19) Archive regions: 2->2
[2024-02-16T11:16:30.386+0900][gc,heap     ] GC(19) Humongous regions: 129->129
[2024-02-16T11:16:30.386+0900][gc,metaspace] GC(19) Metaspace: 42039K(42624K)->42039K(42624K) NonClass: 37450K(37760K)->37450K(37760K) Class: 4589K(4864K)->4589K(4864K)
[2024-02-16T11:16:30.386+0900][gc          ] GC(19) Pause Young (Normal) (G1 Evacuation Pause) 208M->165M(1024M) 34.073ms
[2024-02-16T11:16:30.386+0900][gc,cpu      ] GC(19) User=0.04s Sys=0.02s Real=0.03s
[2024-02-16T11:31:51.148+0900][gc,start    ] GC(20) Pause Young (Normal) (G1 Evacuation Pause)
[2024-02-16T11:31:51.150+0900][gc,task     ] GC(20) Using 8 workers of 8 for evacuation
[2024-02-16T11:31:51.175+0900][gc,mmu      ] GC(20) MMU target violated: 21.0ms (20.0ms/21.0ms)
[2024-02-16T11:31:51.175+0900][gc,phases   ] GC(20)   Pre Evacuate Collection Set: 1.2ms
[2024-02-16T11:31:51.175+0900][gc,phases   ] GC(20)   Merge Heap Roots: 0.5ms
[2024-02-16T11:31:51.175+0900][gc,phases   ] GC(20)   Evacuate Collection Set: 22.0ms
[2024-02-16T11:31:51.175+0900][gc,phases   ] GC(20)   Post Evacuate Collection Set: 0.8ms
[2024-02-16T11:31:51.175+0900][gc,phases   ] GC(20)   Other: 0.7ms
[2024-02-16T11:31:51.175+0900][gc,heap     ] GC(20) Eden regions: 44->0(48)
[2024-02-16T11:31:51.176+0900][gc,heap     ] GC(20) Survivor regions: 7->3(7)
[2024-02-16T11:31:51.176+0900][gc,heap     ] GC(20) Old regions: 29->35
[2024-02-16T11:31:51.176+0900][gc,heap     ] GC(20) Archive regions: 2->2
[2024-02-16T11:31:51.176+0900][gc,heap     ] GC(20) Humongous regions: 129->129
[2024-02-16T11:31:51.176+0900][gc,metaspace] GC(20) Metaspace: 43881K(44480K)->43881K(44480K) NonClass: 38914K(39232K)->38914K(39232K) Class: 4967K(5248K)->4967K(5248K)
[2024-02-16T11:31:51.176+0900][gc          ] GC(20) Pause Young (Normal) (G1 Evacuation Pause) 209M->166M(1024M) 27.370ms
[2024-02-16T11:31:51.176+0900][gc,cpu      ] GC(20) User=0.02s Sys=0.04s Real=0.03s
[2024-02-16T11:33:35.008+0900][gc,start    ] GC(21) Pause Young (Normal) (G1 Evacuation Pause)
[2024-02-16T11:33:35.009+0900][gc,task     ] GC(21) Using 8 workers of 8 for evacuation
[2024-02-16T11:33:35.023+0900][gc,phases   ] GC(21)   Pre Evacuate Collection Set: 0.5ms
[2024-02-16T11:33:35.023+0900][gc,phases   ] GC(21)   Merge Heap Roots: 0.3ms
[2024-02-16T11:33:35.023+0900][gc,phases   ] GC(21)   Evacuate Collection Set: 11.4ms
[2024-02-16T11:33:35.023+0900][gc,phases   ] GC(21)   Post Evacuate Collection Set: 1.0ms
[2024-02-16T11:33:35.023+0900][gc,phases   ] GC(21)   Other: 0.5ms
[2024-02-16T11:33:35.023+0900][gc,heap     ] GC(21) Eden regions: 48->0(53)
[2024-02-16T11:33:35.023+0900][gc,heap     ] GC(21) Survivor regions: 3->3(7)
[2024-02-16T11:33:35.023+0900][gc,heap     ] GC(21) Old regions: 35->35
[2024-02-16T11:33:35.023+0900][gc,heap     ] GC(21) Archive regions: 2->2
[2024-02-16T11:33:35.023+0900][gc,heap     ] GC(21) Humongous regions: 129->129
[2024-02-16T11:33:35.023+0900][gc,metaspace] GC(21) Metaspace: 43976K(44544K)->43976K(44544K) NonClass: 39009K(39296K)->39009K(39296K) Class: 4967K(5248K)->4967K(5248K)
[2024-02-16T11:33:35.023+0900][gc          ] GC(21) Pause Young (Normal) (G1 Evacuation Pause) 214M->166M(1024M) 16.168ms
[2024-02-16T11:33:35.024+0900][gc,cpu      ] GC(21) User=0.01s Sys=0.02s Real=0.02s
[2024-02-16T11:35:32.562+0900][gc,start    ] GC(22) Pause Young (Normal) (G1 Evacuation Pause)
[2024-02-16T11:35:32.563+0900][gc,task     ] GC(22) Using 8 workers of 8 for evacuation
[2024-02-16T11:35:32.577+0900][gc,phases   ] GC(22)   Pre Evacuate Collection Set: 0.4ms
[2024-02-16T11:35:32.577+0900][gc,phases   ] GC(22)   Merge Heap Roots: 0.3ms
[2024-02-16T11:35:32.577+0900][gc,phases   ] GC(22)   Evacuate Collection Set: 11.7ms
[2024-02-16T11:35:32.577+0900][gc,phases   ] GC(22)   Post Evacuate Collection Set: 0.9ms
[2024-02-16T11:35:32.577+0900][gc,phases   ] GC(22)   Other: 0.4ms
[2024-02-16T11:35:32.577+0900][gc,heap     ] GC(22) Eden regions: 53->0(60)
[2024-02-16T11:35:32.577+0900][gc,heap     ] GC(22) Survivor regions: 3->3(7)
[2024-02-16T11:35:32.577+0900][gc,heap     ] GC(22) Old regions: 35->35
[2024-02-16T11:35:32.577+0900][gc,heap     ] GC(22) Archive regions: 2->2
[2024-02-16T11:35:32.577+0900][gc,heap     ] GC(22) Humongous regions: 129->129
[2024-02-16T11:35:32.577+0900][gc,metaspace] GC(22) Metaspace: 44003K(44672K)->44003K(44672K) NonClass: 39036K(39424K)->39036K(39424K) Class: 4967K(5248K)->4967K(5248K)
[2024-02-16T11:35:32.577+0900][gc          ] GC(22) Pause Young (Normal) (G1 Evacuation Pause) 219M->166M(1024M) 14.904ms
[2024-02-16T11:35:32.577+0900][gc,cpu      ] GC(22) User=0.02s Sys=0.02s Real=0.01s
[2024-02-16T11:37:34.638+0900][gc,start    ] GC(23) Pause Young (Normal) (G1 Evacuation Pause)
[2024-02-16T11:37:34.640+0900][gc,task     ] GC(23) Using 8 workers of 8 for evacuation
[2024-02-16T11:37:34.653+0900][gc,phases   ] GC(23)   Pre Evacuate Collection Set: 0.4ms
[2024-02-16T11:37:34.653+0900][gc,phases   ] GC(23)   Merge Heap Roots: 0.4ms
[2024-02-16T11:37:34.653+0900][gc,phases   ] GC(23)   Evacuate Collection Set: 10.8ms
[2024-02-16T11:37:34.653+0900][gc,phases   ] GC(23)   Post Evacuate Collection Set: 0.8ms
[2024-02-16T11:37:34.653+0900][gc,phases   ] GC(23)   Other: 0.5ms
[2024-02-16T11:37:34.653+0900][gc,heap     ] GC(23) Eden regions: 55->0(82)
[2024-02-16T11:37:34.653+0900][gc,heap     ] GC(23) Survivor regions: 3->3(8)
[2024-02-16T11:37:34.653+0900][gc,heap     ] GC(23) Old regions: 35->35
[2024-02-16T11:37:34.653+0900][gc,heap     ] GC(23) Archive regions: 2->2
[2024-02-16T11:37:34.653+0900][gc,heap     ] GC(23) Humongous regions: 129->129
[2024-02-16T11:37:34.653+0900][gc,metaspace] GC(23) Metaspace: 44007K(44672K)->44007K(44672K) NonClass: 39040K(39424K)->39040K(39424K) Class: 4967K(5248K)->4967K(5248K)
[2024-02-16T11:37:34.653+0900][gc          ] GC(23) Pause Young (Normal) (G1 Evacuation Pause) 221M->166M(1024M) 15.335ms
[2024-02-16T11:37:34.653+0900][gc,cpu      ] GC(23) User=0.02s Sys=0.02s Real=0.02s
[2024-02-16T11:40:38.698+0900][gc,start    ] GC(24) Pause Young (Normal) (G1 Evacuation Pause)
[2024-02-16T11:40:38.700+0900][gc,task     ] GC(24) Using 8 workers of 8 for evacuation
[2024-02-16T11:40:38.708+0900][gc,phases   ] GC(24)   Pre Evacuate Collection Set: 0.5ms
[2024-02-16T11:40:38.708+0900][gc,phases   ] GC(24)   Merge Heap Roots: 0.3ms
[2024-02-16T11:40:38.708+0900][gc,phases   ] GC(24)   Evacuate Collection Set: 6.2ms
[2024-02-16T11:40:38.708+0900][gc,phases   ] GC(24)   Post Evacuate Collection Set: 0.7ms
[2024-02-16T11:40:38.708+0900][gc,phases   ] GC(24)   Other: 0.4ms
[2024-02-16T11:40:38.708+0900][gc,heap     ] GC(24) Eden regions: 82->0(611)
[2024-02-16T11:40:38.708+0900][gc,heap     ] GC(24) Survivor regions: 3->3(11)
[2024-02-16T11:40:38.708+0900][gc,heap     ] GC(24) Old regions: 35->35
[2024-02-16T11:40:38.708+0900][gc,heap     ] GC(24) Archive regions: 2->2
[2024-02-16T11:40:38.708+0900][gc,heap     ] GC(24) Humongous regions: 129->129
[2024-02-16T11:40:38.708+0900][gc,metaspace] GC(24) Metaspace: 44031K(44672K)->44031K(44672K) NonClass: 39064K(39424K)->39064K(39424K) Class: 4967K(5248K)->4967K(5248K)
[2024-02-16T11:40:38.708+0900][gc          ] GC(24) Pause Young (Normal) (G1 Evacuation Pause) 248M->166M(1024M) 11.253ms
[2024-02-16T11:40:38.708+0900][gc,cpu      ] GC(24) User=0.02s Sys=0.01s Real=0.01s
[2024-02-16T12:03:57.771+0900][gc,start    ] GC(25) Pause Young (Normal) (G1 Evacuation Pause)
[2024-02-16T12:03:57.773+0900][gc,task     ] GC(25) Using 8 workers of 8 for evacuation
[2024-02-16T12:03:57.796+0900][gc,mmu      ] GC(25) MMU target violated: 21.0ms (20.0ms/21.0ms)
[2024-02-16T12:03:57.796+0900][gc,phases   ] GC(25)   Pre Evacuate Collection Set: 2.3ms
[2024-02-16T12:03:57.796+0900][gc,phases   ] GC(25)   Merge Heap Roots: 0.7ms
[2024-02-16T12:03:57.796+0900][gc,phases   ] GC(25)   Evacuate Collection Set: 17.3ms
[2024-02-16T12:03:57.796+0900][gc,phases   ] GC(25)   Post Evacuate Collection Set: 2.1ms
[2024-02-16T12:03:57.796+0900][gc,phases   ] GC(25)   Other: 1.1ms
[2024-02-16T12:03:57.796+0900][gc,heap     ] GC(25) Eden regions: 611->0(611)
[2024-02-16T12:03:57.796+0900][gc,heap     ] GC(25) Survivor regions: 3->3(77)
[2024-02-16T12:03:57.796+0900][gc,heap     ] GC(25) Old regions: 35->35
[2024-02-16T12:03:57.796+0900][gc,heap     ] GC(25) Archive regions: 2->2
[2024-02-16T12:03:57.796+0900][gc,heap     ] GC(25) Humongous regions: 129->129
[2024-02-16T12:03:57.796+0900][gc,metaspace] GC(25) Metaspace: 44056K(44672K)->44056K(44672K) NonClass: 39087K(39424K)->39087K(39424K) Class: 4968K(5248K)->4968K(5248K)
[2024-02-16T12:03:57.797+0900][gc          ] GC(25) Pause Young (Normal) (G1 Evacuation Pause) 777M->166M(1024M) 26.362ms
[2024-02-16T12:03:57.797+0900][gc,cpu      ] GC(25) User=0.01s Sys=0.04s Real=0.02s
[2024-02-16T12:28:03.916+0900][gc,start    ] GC(26) Pause Young (Normal) (G1 Evacuation Pause)
[2024-02-16T12:28:03.917+0900][gc,task     ] GC(26) Using 8 workers of 8 for evacuation
[2024-02-16T12:28:03.933+0900][gc,phases   ] GC(26)   Pre Evacuate Collection Set: 0.6ms
[2024-02-16T12:28:03.933+0900][gc,phases   ] GC(26)   Merge Heap Roots: 0.2ms
[2024-02-16T12:28:03.933+0900][gc,phases   ] GC(26)   Evacuate Collection Set: 14.3ms
[2024-02-16T12:28:03.933+0900][gc,phases   ] GC(26)   Post Evacuate Collection Set: 1.4ms
[2024-02-16T12:28:03.933+0900][gc,phases   ] GC(26)   Other: 0.2ms
[2024-02-16T12:28:03.933+0900][gc,heap     ] GC(26) Eden regions: 611->0(611)
[2024-02-16T12:28:03.933+0900][gc,heap     ] GC(26) Survivor regions: 3->3(77)
[2024-02-16T12:28:03.933+0900][gc,heap     ] GC(26) Old regions: 35->35
[2024-02-16T12:28:03.934+0900][gc,heap     ] GC(26) Archive regions: 2->2
[2024-02-16T12:28:03.934+0900][gc,heap     ] GC(26) Humongous regions: 129->129
[2024-02-16T12:28:03.934+0900][gc,metaspace] GC(26) Metaspace: 44059K(44672K)->44059K(44672K) NonClass: 39090K(39424K)->39090K(39424K) Class: 4968K(5248K)->4968K(5248K)
[2024-02-16T12:28:03.934+0900][gc          ] GC(26) Pause Young (Normal) (G1 Evacuation Pause) 777M->166M(1024M) 17.582ms
[2024-02-16T12:28:03.934+0900][gc,cpu      ] GC(26) User=0.02s Sys=0.02s Real=0.02s
[2024-02-16T12:51:58.656+0900][gc,start    ] GC(27) Pause Young (Normal) (G1 Evacuation Pause)
[2024-02-16T12:51:58.657+0900][gc,task     ] GC(27) Using 8 workers of 8 for evacuation
[2024-02-16T12:51:58.670+0900][gc,phases   ] GC(27)   Pre Evacuate Collection Set: 0.6ms
[2024-02-16T12:51:58.670+0900][gc,phases   ] GC(27)   Merge Heap Roots: 0.8ms
[2024-02-16T12:51:58.670+0900][gc,phases   ] GC(27)   Evacuate Collection Set: 9.1ms
[2024-02-16T12:51:58.670+0900][gc,phases   ] GC(27)   Post Evacuate Collection Set: 1.9ms
[2024-02-16T12:51:58.671+0900][gc,phases   ] GC(27)   Other: 1.0ms
[2024-02-16T12:51:58.671+0900][gc,heap     ] GC(27) Eden regions: 611->0(611)
[2024-02-16T12:51:58.671+0900][gc,heap     ] GC(27) Survivor regions: 3->3(77)
[2024-02-16T12:51:58.671+0900][gc,heap     ] GC(27) Old regions: 35->35
[2024-02-16T12:51:58.671+0900][gc,heap     ] GC(27) Archive regions: 2->2
[2024-02-16T12:51:58.671+0900][gc,heap     ] GC(27) Humongous regions: 129->129
[2024-02-16T12:51:58.671+0900][gc,metaspace] GC(27) Metaspace: 44065K(44672K)->44065K(44672K) NonClass: 39096K(39424K)->39096K(39424K) Class: 4968K(5248K)->4968K(5248K)
[2024-02-16T12:51:58.671+0900][gc          ] GC(27) Pause Young (Normal) (G1 Evacuation Pause) 777M->166M(1024M) 16.063ms
[2024-02-16T12:51:58.671+0900][gc,cpu      ] GC(27) User=0.02s Sys=0.02s Real=0.02s
[2024-02-16T13:15:16.635+0900][gc,start    ] GC(28) Pause Young (Normal) (G1 Evacuation Pause)
[2024-02-16T13:15:16.638+0900][gc,task     ] GC(28) Using 8 workers of 8 for evacuation
[2024-02-16T13:15:16.654+0900][gc,phases   ] GC(28)   Pre Evacuate Collection Set: 0.8ms
[2024-02-16T13:15:16.654+0900][gc,phases   ] GC(28)   Merge Heap Roots: 0.7ms
[2024-02-16T13:15:16.654+0900][gc,phases   ] GC(28)   Evacuate Collection Set: 12.8ms
[2024-02-16T13:15:16.654+0900][gc,phases   ] GC(28)   Post Evacuate Collection Set: 1.8ms
[2024-02-16T13:15:16.655+0900][gc,phases   ] GC(28)   Other: 1.3ms
[2024-02-16T13:15:16.655+0900][gc,heap     ] GC(28) Eden regions: 611->0(611)
[2024-02-16T13:15:16.655+0900][gc,heap     ] GC(28) Survivor regions: 3->3(77)
[2024-02-16T13:15:16.655+0900][gc,heap     ] GC(28) Old regions: 35->35
[2024-02-16T13:15:16.655+0900][gc,heap     ] GC(28) Archive regions: 2->2
[2024-02-16T13:15:16.655+0900][gc,heap     ] GC(28) Humongous regions: 129->129
[2024-02-16T13:15:16.655+0900][gc,metaspace] GC(28) Metaspace: 44067K(44672K)->44067K(44672K) NonClass: 39098K(39424K)->39098K(39424K) Class: 4968K(5248K)->4968K(5248K)
[2024-02-16T13:15:16.655+0900][gc          ] GC(28) Pause Young (Normal) (G1 Evacuation Pause) 777M->166M(1024M) 20.185ms
[2024-02-16T13:15:16.655+0900][gc,cpu      ] GC(28) User=0.02s Sys=0.02s Real=0.02s
[2024-02-16T13:38:37.426+0900][gc,start    ] GC(29) Pause Young (Normal) (G1 Evacuation Pause)
[2024-02-16T13:38:37.428+0900][gc,task     ] GC(29) Using 8 workers of 8 for evacuation
[2024-02-16T13:38:37.447+0900][gc,phases   ] GC(29)   Pre Evacuate Collection Set: 1.0ms
[2024-02-16T13:38:37.447+0900][gc,phases   ] GC(29)   Merge Heap Roots: 0.8ms
[2024-02-16T13:38:37.447+0900][gc,phases   ] GC(29)   Evacuate Collection Set: 15.2ms
[2024-02-16T13:38:37.447+0900][gc,phases   ] GC(29)   Post Evacuate Collection Set: 2.1ms
[2024-02-16T13:38:37.448+0900][gc,phases   ] GC(29)   Other: 0.7ms
[2024-02-16T13:38:37.448+0900][gc,heap     ] GC(29) Eden regions: 611->0(611)
[2024-02-16T13:38:37.448+0900][gc,heap     ] GC(29) Survivor regions: 3->3(77)
[2024-02-16T13:38:37.448+0900][gc,heap     ] GC(29) Old regions: 35->35
[2024-02-16T13:38:37.448+0900][gc,heap     ] GC(29) Archive regions: 2->2
[2024-02-16T13:38:37.448+0900][gc,heap     ] GC(29) Humongous regions: 129->129
[2024-02-16T13:38:37.448+0900][gc,metaspace] GC(29) Metaspace: 44095K(44672K)->44095K(44672K) NonClass: 39126K(39424K)->39126K(39424K) Class: 4968K(5248K)->4968K(5248K)
[2024-02-16T13:38:37.448+0900][gc          ] GC(29) Pause Young (Normal) (G1 Evacuation Pause) 777M->166M(1024M) 23.835ms
[2024-02-16T13:38:37.448+0900][gc,cpu      ] GC(29) User=0.02s Sys=0.03s Real=0.02s
[2024-02-16T14:01:57.744+0900][gc,start    ] GC(30) Pause Young (Normal) (G1 Evacuation Pause)
[2024-02-16T14:01:57.747+0900][gc,task     ] GC(30) Using 8 workers of 8 for evacuation
[2024-02-16T14:01:57.764+0900][gc,phases   ] GC(30)   Pre Evacuate Collection Set: 0.7ms
[2024-02-16T14:01:57.764+0900][gc,phases   ] GC(30)   Merge Heap Roots: 0.9ms
[2024-02-16T14:01:57.764+0900][gc,phases   ] GC(30)   Evacuate Collection Set: 11.8ms
[2024-02-16T14:01:57.764+0900][gc,phases   ] GC(30)   Post Evacuate Collection Set: 2.1ms
[2024-02-16T14:01:57.764+0900][gc,phases   ] GC(30)   Other: 0.9ms
[2024-02-16T14:01:57.764+0900][gc,heap     ] GC(30) Eden regions: 611->0(611)
[2024-02-16T14:01:57.764+0900][gc,heap     ] GC(30) Survivor regions: 3->3(77)
[2024-02-16T14:01:57.764+0900][gc,heap     ] GC(30) Old regions: 35->35
[2024-02-16T14:01:57.764+0900][gc,heap     ] GC(30) Archive regions: 2->2
[2024-02-16T14:01:57.764+0900][gc,heap     ] GC(30) Humongous regions: 129->129
[2024-02-16T14:01:57.765+0900][gc,metaspace] GC(30) Metaspace: 44111K(44736K)->44111K(44736K) NonClass: 39142K(39488K)->39142K(39488K) Class: 4968K(5248K)->4968K(5248K)
[2024-02-16T14:01:57.765+0900][gc          ] GC(30) Pause Young (Normal) (G1 Evacuation Pause) 777M->166M(1024M) 21.532ms
[2024-02-16T14:01:57.765+0900][gc,cpu      ] GC(30) User=0.02s Sys=0.03s Real=0.02s
[2024-02-16T14:25:17.287+0900][gc,start    ] GC(31) Pause Young (Normal) (G1 Evacuation Pause)
[2024-02-16T14:25:17.290+0900][gc,task     ] GC(31) Using 8 workers of 8 for evacuation
[2024-02-16T14:25:17.302+0900][gc,phases   ] GC(31)   Pre Evacuate Collection Set: 0.8ms
[2024-02-16T14:25:17.302+0900][gc,phases   ] GC(31)   Merge Heap Roots: 0.5ms
[2024-02-16T14:25:17.302+0900][gc,phases   ] GC(31)   Evacuate Collection Set: 8.9ms
[2024-02-16T14:25:17.302+0900][gc,phases   ] GC(31)   Post Evacuate Collection Set: 1.6ms
[2024-02-16T14:25:17.302+0900][gc,phases   ] GC(31)   Other: 1.0ms
[2024-02-16T14:25:17.302+0900][gc,heap     ] GC(31) Eden regions: 611->0(611)
[2024-02-16T14:25:17.302+0900][gc,heap     ] GC(31) Survivor regions: 3->3(77)
[2024-02-16T14:25:17.302+0900][gc,heap     ] GC(31) Old regions: 35->35
[2024-02-16T14:25:17.302+0900][gc,heap     ] GC(31) Archive regions: 2->2
[2024-02-16T14:25:17.302+0900][gc,heap     ] GC(31) Humongous regions: 129->129
[2024-02-16T14:25:17.302+0900][gc,metaspace] GC(31) Metaspace: 44112K(44736K)->44112K(44736K) NonClass: 39143K(39488K)->39143K(39488K) Class: 4968K(5248K)->4968K(5248K)
[2024-02-16T14:25:17.303+0900][gc          ] GC(31) Pause Young (Normal) (G1 Evacuation Pause) 777M->166M(1024M) 15.934ms
[2024-02-16T14:25:17.303+0900][gc,cpu      ] GC(31) User=0.02s Sys=0.02s Real=0.02s
[2024-02-16T14:48:37.254+0900][gc,start    ] GC(32) Pause Young (Normal) (G1 Evacuation Pause)
[2024-02-16T14:48:37.259+0900][gc,task     ] GC(32) Using 8 workers of 8 for evacuation
[2024-02-16T14:48:37.280+0900][gc,mmu      ] GC(32) MMU target violated: 20.6ms (20.0ms/21.0ms)
[2024-02-16T14:48:37.280+0900][gc,phases   ] GC(32)   Pre Evacuate Collection Set: 1.1ms
[2024-02-16T14:48:37.280+0900][gc,phases   ] GC(32)   Merge Heap Roots: 1.4ms
[2024-02-16T14:48:37.280+0900][gc,phases   ] GC(32)   Evacuate Collection Set: 13.5ms
[2024-02-16T14:48:37.280+0900][gc,phases   ] GC(32)   Post Evacuate Collection Set: 2.7ms
[2024-02-16T14:48:37.280+0900][gc,phases   ] GC(32)   Other: 2.9ms
[2024-02-16T14:48:37.280+0900][gc,heap     ] GC(32) Eden regions: 611->0(611)
[2024-02-16T14:48:37.280+0900][gc,heap     ] GC(32) Survivor regions: 3->3(77)
[2024-02-16T14:48:37.280+0900][gc,heap     ] GC(32) Old regions: 35->35
[2024-02-16T14:48:37.280+0900][gc,heap     ] GC(32) Archive regions: 2->2
[2024-02-16T14:48:37.280+0900][gc,heap     ] GC(32) Humongous regions: 129->129
[2024-02-16T14:48:37.281+0900][gc,metaspace] GC(32) Metaspace: 44114K(44736K)->44114K(44736K) NonClass: 39145K(39488K)->39145K(39488K) Class: 4968K(5248K)->4968K(5248K)
[2024-02-16T14:48:37.281+0900][gc          ] GC(32) Pause Young (Normal) (G1 Evacuation Pause) 777M->166M(1024M) 27.665ms
[2024-02-16T14:48:37.281+0900][gc,cpu      ] GC(32) User=0.02s Sys=0.03s Real=0.03s
[2024-02-16T15:11:57.436+0900][gc,start    ] GC(33) Pause Young (Normal) (G1 Evacuation Pause)
[2024-02-16T15:11:57.439+0900][gc,task     ] GC(33) Using 8 workers of 8 for evacuation
[2024-02-16T15:11:57.471+0900][gc,mmu      ] GC(33) MMU target violated: 21.0ms (20.0ms/21.0ms)
[2024-02-16T15:11:57.471+0900][gc,phases   ] GC(33)   Pre Evacuate Collection Set: 3.1ms
[2024-02-16T15:11:57.471+0900][gc,phases   ] GC(33)   Merge Heap Roots: 1.0ms
[2024-02-16T15:11:57.471+0900][gc,phases   ] GC(33)   Evacuate Collection Set: 24.1ms
[2024-02-16T15:11:57.471+0900][gc,phases   ] GC(33)   Post Evacuate Collection Set: 2.1ms
[2024-02-16T15:11:57.472+0900][gc,phases   ] GC(33)   Other: 2.5ms
[2024-02-16T15:11:57.472+0900][gc,heap     ] GC(33) Eden regions: 611->0(611)
[2024-02-16T15:11:57.472+0900][gc,heap     ] GC(33) Survivor regions: 3->3(77)
[2024-02-16T15:11:57.472+0900][gc,heap     ] GC(33) Old regions: 35->35
[2024-02-16T15:11:57.472+0900][gc,heap     ] GC(33) Archive regions: 2->2
[2024-02-16T15:11:57.472+0900][gc,heap     ] GC(33) Humongous regions: 129->129
[2024-02-16T15:11:57.472+0900][gc,metaspace] GC(33) Metaspace: 44117K(44736K)->44117K(44736K) NonClass: 39148K(39488K)->39148K(39488K) Class: 4968K(5248K)->4968K(5248K)
[2024-02-16T15:11:57.472+0900][gc          ] GC(33) Pause Young (Normal) (G1 Evacuation Pause) 777M->166M(1024M) 36.880ms
[2024-02-16T15:11:57.472+0900][gc,cpu      ] GC(33) User=0.01s Sys=0.04s Real=0.04s
[2024-02-16T15:35:15.883+0900][gc,start    ] GC(34) Pause Young (Normal) (G1 Evacuation Pause)
[2024-02-16T15:35:15.888+0900][gc,task     ] GC(34) Using 8 workers of 8 for evacuation
[2024-02-16T15:35:15.902+0900][gc,phases   ] GC(34)   Pre Evacuate Collection Set: 0.9ms
[2024-02-16T15:35:15.902+0900][gc,phases   ] GC(34)   Merge Heap Roots: 1.2ms
[2024-02-16T15:35:15.902+0900][gc,phases   ] GC(34)   Evacuate Collection Set: 8.1ms
[2024-02-16T15:35:15.902+0900][gc,phases   ] GC(34)   Post Evacuate Collection Set: 2.7ms
[2024-02-16T15:35:15.902+0900][gc,phases   ] GC(34)   Other: 1.9ms
[2024-02-16T15:35:15.902+0900][gc,heap     ] GC(34) Eden regions: 611->0(611)
[2024-02-16T15:35:15.902+0900][gc,heap     ] GC(34) Survivor regions: 3->3(77)
[2024-02-16T15:35:15.902+0900][gc,heap     ] GC(34) Old regions: 35->35
[2024-02-16T15:35:15.902+0900][gc,heap     ] GC(34) Archive regions: 2->2
[2024-02-16T15:35:15.902+0900][gc,heap     ] GC(34) Humongous regions: 129->129
[2024-02-16T15:35:15.903+0900][gc,metaspace] GC(34) Metaspace: 44119K(44736K)->44119K(44736K) NonClass: 39150K(39488K)->39150K(39488K) Class: 4968K(5248K)->4968K(5248K)
[2024-02-16T15:35:15.904+0900][gc          ] GC(34) Pause Young (Normal) (G1 Evacuation Pause) 777M->166M(1024M) 22.730ms
[2024-02-16T15:35:15.904+0900][gc,cpu      ] GC(34) User=0.01s Sys=0.02s Real=0.02s
[2024-02-16T15:58:38.596+0900][gc,start    ] GC(35) Pause Young (Normal) (G1 Evacuation Pause)
[2024-02-16T15:58:38.600+0900][gc,task     ] GC(35) Using 8 workers of 8 for evacuation
[2024-02-16T15:58:38.622+0900][gc,mmu      ] GC(35) MMU target violated: 21.0ms (20.0ms/21.0ms)
[2024-02-16T15:58:38.622+0900][gc,phases   ] GC(35)   Pre Evacuate Collection Set: 1.8ms
[2024-02-16T15:58:38.622+0900][gc,phases   ] GC(35)   Merge Heap Roots: 0.9ms
[2024-02-16T15:58:38.622+0900][gc,phases   ] GC(35)   Evacuate Collection Set: 15.8ms
[2024-02-16T15:58:38.622+0900][gc,phases   ] GC(35)   Post Evacuate Collection Set: 2.4ms
[2024-02-16T15:58:38.622+0900][gc,phases   ] GC(35)   Other: 1.8ms
[2024-02-16T15:58:38.622+0900][gc,heap     ] GC(35) Eden regions: 611->0(613)
[2024-02-16T15:58:38.622+0900][gc,heap     ] GC(35) Survivor regions: 3->1(77)
[2024-02-16T15:58:38.622+0900][gc,heap     ] GC(35) Old regions: 35->37
[2024-02-16T15:58:38.622+0900][gc,heap     ] GC(35) Archive regions: 2->2
[2024-02-16T15:58:38.622+0900][gc,heap     ] GC(35) Humongous regions: 129->129
[2024-02-16T15:58:38.623+0900][gc,metaspace] GC(35) Metaspace: 44124K(44736K)->44124K(44736K) NonClass: 39155K(39488K)->39155K(39488K) Class: 4968K(5248K)->4968K(5248K)
[2024-02-16T15:58:38.623+0900][gc          ] GC(35) Pause Young (Normal) (G1 Evacuation Pause) 777M->166M(1024M) 27.327ms
[2024-02-16T15:58:38.623+0900][gc,cpu      ] GC(35) User=0.02s Sys=0.03s Real=0.03s
[2024-02-16T16:22:11.659+0900][gc,start    ] GC(36) Pause Young (Normal) (G1 Evacuation Pause)
[2024-02-16T16:22:11.662+0900][gc,task     ] GC(36) Using 8 workers of 8 for evacuation
[2024-02-16T16:22:11.672+0900][gc,phases   ] GC(36)   Pre Evacuate Collection Set: 0.7ms
[2024-02-16T16:22:11.672+0900][gc,phases   ] GC(36)   Merge Heap Roots: 0.5ms
[2024-02-16T16:22:11.672+0900][gc,phases   ] GC(36)   Evacuate Collection Set: 6.4ms
[2024-02-16T16:22:11.672+0900][gc,phases   ] GC(36)   Post Evacuate Collection Set: 2.0ms
[2024-02-16T16:22:11.673+0900][gc,phases   ] GC(36)   Other: 1.0ms
[2024-02-16T16:22:11.673+0900][gc,heap     ] GC(36) Eden regions: 613->0(613)
[2024-02-16T16:22:11.673+0900][gc,heap     ] GC(36) Survivor regions: 1->1(77)
[2024-02-16T16:22:11.673+0900][gc,heap     ] GC(36) Old regions: 37->37
[2024-02-16T16:22:11.673+0900][gc,heap     ] GC(36) Archive regions: 2->2
[2024-02-16T16:22:11.673+0900][gc,heap     ] GC(36) Humongous regions: 129->129
[2024-02-16T16:22:11.673+0900][gc,metaspace] GC(36) Metaspace: 44124K(44736K)->44124K(44736K) NonClass: 39155K(39488K)->39155K(39488K) Class: 4968K(5248K)->4968K(5248K)
[2024-02-16T16:22:11.673+0900][gc          ] GC(36) Pause Young (Normal) (G1 Evacuation Pause) 779M->166M(1024M) 14.756ms
[2024-02-16T16:22:11.673+0900][gc,cpu      ] GC(36) User=0.01s Sys=0.01s Real=0.02s
[2024-02-16T16:45:42.249+0900][gc,start    ] GC(37) Pause Young (Normal) (G1 Evacuation Pause)
[2024-02-16T16:45:42.252+0900][gc,task     ] GC(37) Using 8 workers of 8 for evacuation
[2024-02-16T16:45:42.260+0900][gc,phases   ] GC(37)   Pre Evacuate Collection Set: 1.5ms
[2024-02-16T16:45:42.260+0900][gc,phases   ] GC(37)   Merge Heap Roots: 0.6ms
[2024-02-16T16:45:42.260+0900][gc,phases   ] GC(37)   Evacuate Collection Set: 3.3ms
[2024-02-16T16:45:42.260+0900][gc,phases   ] GC(37)   Post Evacuate Collection Set: 1.8ms
[2024-02-16T16:45:42.261+0900][gc,phases   ] GC(37)   Other: 1.7ms
[2024-02-16T16:45:42.261+0900][gc,heap     ] GC(37) Eden regions: 613->0(613)
[2024-02-16T16:45:42.261+0900][gc,heap     ] GC(37) Survivor regions: 1->1(77)
[2024-02-16T16:45:42.261+0900][gc,heap     ] GC(37) Old regions: 37->37
[2024-02-16T16:45:42.261+0900][gc,heap     ] GC(37) Archive regions: 2->2
[2024-02-16T16:45:42.261+0900][gc,heap     ] GC(37) Humongous regions: 129->129
[2024-02-16T16:45:42.261+0900][gc,metaspace] GC(37) Metaspace: 44124K(44736K)->44124K(44736K) NonClass: 39155K(39488K)->39155K(39488K) Class: 4968K(5248K)->4968K(5248K)
[2024-02-16T16:45:42.261+0900][gc          ] GC(37) Pause Young (Normal) (G1 Evacuation Pause) 779M->166M(1024M) 13.145ms
[2024-02-16T16:45:42.261+0900][gc,cpu      ] GC(37) User=0.01s Sys=0.01s Real=0.02s
[2024-02-16T17:09:24.073+0900][gc,start    ] GC(38) Pause Young (Normal) (G1 Evacuation Pause)
[2024-02-16T17:09:24.077+0900][gc,task     ] GC(38) Using 8 workers of 8 for evacuation
[2024-02-16T17:09:24.085+0900][gc,phases   ] GC(38)   Pre Evacuate Collection Set: 1.5ms
[2024-02-16T17:09:24.085+0900][gc,phases   ] GC(38)   Merge Heap Roots: 0.3ms
[2024-02-16T17:09:24.085+0900][gc,phases   ] GC(38)   Evacuate Collection Set: 3.7ms
[2024-02-16T17:09:24.085+0900][gc,phases   ] GC(38)   Post Evacuate Collection Set: 2.0ms
[2024-02-16T17:09:24.085+0900][gc,phases   ] GC(38)   Other: 1.5ms
[2024-02-16T17:09:24.086+0900][gc,heap     ] GC(38) Eden regions: 613->0(613)
[2024-02-16T17:09:24.086+0900][gc,heap     ] GC(38) Survivor regions: 1->1(77)
[2024-02-16T17:09:24.086+0900][gc,heap     ] GC(38) Old regions: 37->37
[2024-02-16T17:09:24.086+0900][gc,heap     ] GC(38) Archive regions: 2->2
[2024-02-16T17:09:24.086+0900][gc,heap     ] GC(38) Humongous regions: 129->129
[2024-02-16T17:09:24.086+0900][gc,metaspace] GC(38) Metaspace: 44124K(44736K)->44124K(44736K) NonClass: 39155K(39488K)->39155K(39488K) Class: 4968K(5248K)->4968K(5248K)
[2024-02-16T17:09:24.086+0900][gc          ] GC(38) Pause Young (Normal) (G1 Evacuation Pause) 779M->166M(1024M) 14.029ms
[2024-02-16T17:09:24.086+0900][gc,cpu      ] GC(38) User=0.01s Sys=0.02s Real=0.01s
[2024-02-16T17:32:50.604+0900][gc,start    ] GC(39) Pause Young (Normal) (G1 Evacuation Pause)
[2024-02-16T17:32:50.607+0900][gc,task     ] GC(39) Using 8 workers of 8 for evacuation
[2024-02-16T17:32:50.617+0900][gc,phases   ] GC(39)   Pre Evacuate Collection Set: 0.6ms
[2024-02-16T17:32:50.617+0900][gc,phases   ] GC(39)   Merge Heap Roots: 0.8ms
[2024-02-16T17:32:50.617+0900][gc,phases   ] GC(39)   Evacuate Collection Set: 4.9ms
[2024-02-16T17:32:50.617+0900][gc,phases   ] GC(39)   Post Evacuate Collection Set: 1.9ms
[2024-02-16T17:32:50.617+0900][gc,phases   ] GC(39)   Other: 1.2ms
[2024-02-16T17:32:50.617+0900][gc,heap     ] GC(39) Eden regions: 613->0(613)
[2024-02-16T17:32:50.617+0900][gc,heap     ] GC(39) Survivor regions: 1->1(77)
[2024-02-16T17:32:50.617+0900][gc,heap     ] GC(39) Old regions: 37->37
[2024-02-16T17:32:50.617+0900][gc,heap     ] GC(39) Archive regions: 2->2
[2024-02-16T17:32:50.617+0900][gc,heap     ] GC(39) Humongous regions: 129->129
[2024-02-16T17:32:50.618+0900][gc,metaspace] GC(39) Metaspace: 44126K(44736K)->44126K(44736K) NonClass: 39157K(39488K)->39157K(39488K) Class: 4968K(5248K)->4968K(5248K)
[2024-02-16T17:32:50.618+0900][gc          ] GC(39) Pause Young (Normal) (G1 Evacuation Pause) 779M->166M(1024M) 15.534ms
[2024-02-16T17:32:50.618+0900][gc,cpu      ] GC(39) User=0.01s Sys=0.01s Real=0.01s
[2024-02-16T17:56:16.471+0900][gc,start    ] GC(40) Pause Young (Normal) (G1 Evacuation Pause)
[2024-02-16T17:56:16.474+0900][gc,task     ] GC(40) Using 8 workers of 8 for evacuation
[2024-02-16T17:56:16.483+0900][gc,phases   ] GC(40)   Pre Evacuate Collection Set: 0.9ms
[2024-02-16T17:56:16.483+0900][gc,phases   ] GC(40)   Merge Heap Roots: 0.5ms
[2024-02-16T17:56:16.483+0900][gc,phases   ] GC(40)   Evacuate Collection Set: 5.1ms
[2024-02-16T17:56:16.483+0900][gc,phases   ] GC(40)   Post Evacuate Collection Set: 2.1ms
[2024-02-16T17:56:16.483+0900][gc,phases   ] GC(40)   Other: 1.3ms
[2024-02-16T17:56:16.483+0900][gc,heap     ] GC(40) Eden regions: 613->0(613)
[2024-02-16T17:56:16.483+0900][gc,heap     ] GC(40) Survivor regions: 1->1(77)
[2024-02-16T17:56:16.483+0900][gc,heap     ] GC(40) Old regions: 37->37
[2024-02-16T17:56:16.483+0900][gc,heap     ] GC(40) Archive regions: 2->2
[2024-02-16T17:56:16.483+0900][gc,heap     ] GC(40) Humongous regions: 129->129
[2024-02-16T17:56:16.483+0900][gc,metaspace] GC(40) Metaspace: 44132K(44736K)->44132K(44736K) NonClass: 39163K(39488K)->39163K(39488K) Class: 4968K(5248K)->4968K(5248K)
[2024-02-16T17:56:16.484+0900][gc          ] GC(40) Pause Young (Normal) (G1 Evacuation Pause) 779M->166M(1024M) 12.887ms
[2024-02-16T17:56:16.484+0900][gc,cpu      ] GC(40) User=0.01s Sys=0.02s Real=0.01s
[2024-02-16T18:19:44.379+0900][gc,start    ] GC(41) Pause Young (Normal) (G1 Evacuation Pause)
[2024-02-16T18:19:44.382+0900][gc,task     ] GC(41) Using 8 workers of 8 for evacuation
[2024-02-16T18:19:44.389+0900][gc,phases   ] GC(41)   Pre Evacuate Collection Set: 0.5ms
[2024-02-16T18:19:44.389+0900][gc,phases   ] GC(41)   Merge Heap Roots: 0.5ms
[2024-02-16T18:19:44.389+0900][gc,phases   ] GC(41)   Evacuate Collection Set: 3.3ms
[2024-02-16T18:19:44.389+0900][gc,phases   ] GC(41)   Post Evacuate Collection Set: 2.1ms
[2024-02-16T18:19:44.390+0900][gc,phases   ] GC(41)   Other: 1.3ms
[2024-02-16T18:19:44.390+0900][gc,heap     ] GC(41) Eden regions: 613->0(613)
[2024-02-16T18:19:44.390+0900][gc,heap     ] GC(41) Survivor regions: 1->1(77)
[2024-02-16T18:19:44.390+0900][gc,heap     ] GC(41) Old regions: 37->37
[2024-02-16T18:19:44.390+0900][gc,heap     ] GC(41) Archive regions: 2->2
[2024-02-16T18:19:44.390+0900][gc,heap     ] GC(41) Humongous regions: 129->129
[2024-02-16T18:19:44.390+0900][gc,metaspace] GC(41) Metaspace: 44135K(44736K)->44135K(44736K) NonClass: 39166K(39488K)->39166K(39488K) Class: 4968K(5248K)->4968K(5248K)
[2024-02-16T18:19:44.390+0900][gc          ] GC(41) Pause Young (Normal) (G1 Evacuation Pause) 779M->166M(1024M) 11.907ms
[2024-02-16T18:19:44.390+0900][gc,cpu      ] GC(41) User=0.01s Sys=0.01s Real=0.02s
[2024-02-16T18:52:19.768+0900][gc,start    ] GC(42) Pause Young (Normal) (G1 Evacuation Pause)
[2024-02-16T18:52:19.771+0900][gc,task     ] GC(42) Using 8 workers of 8 for evacuation
[2024-02-16T18:52:19.780+0900][gc,phases   ] GC(42)   Pre Evacuate Collection Set: 0.8ms
[2024-02-16T18:52:19.780+0900][gc,phases   ] GC(42)   Merge Heap Roots: 0.5ms
[2024-02-16T18:52:19.780+0900][gc,phases   ] GC(42)   Evacuate Collection Set: 3.8ms
[2024-02-16T18:52:19.780+0900][gc,phases   ] GC(42)   Post Evacuate Collection Set: 1.9ms
[2024-02-16T18:52:19.780+0900][gc,phases   ] GC(42)   Other: 2.0ms
[2024-02-16T18:52:19.780+0900][gc,heap     ] GC(42) Eden regions: 613->0(613)
[2024-02-16T18:52:19.780+0900][gc,heap     ] GC(42) Survivor regions: 1->1(77)
[2024-02-16T18:52:19.780+0900][gc,heap     ] GC(42) Old regions: 37->37
[2024-02-16T18:52:19.780+0900][gc,heap     ] GC(42) Archive regions: 2->2
[2024-02-16T18:52:19.780+0900][gc,heap     ] GC(42) Humongous regions: 129->129
[2024-02-16T18:52:19.780+0900][gc,metaspace] GC(42) Metaspace: 44135K(44736K)->44135K(44736K) NonClass: 39166K(39488K)->39166K(39488K) Class: 4968K(5248K)->4968K(5248K)
[2024-02-16T18:52:19.781+0900][gc          ] GC(42) Pause Young (Normal) (G1 Evacuation Pause) 779M->166M(1024M) 13.147ms
[2024-02-16T18:52:19.781+0900][gc,cpu      ] GC(42) User=0.01s Sys=0.01s Real=0.02s
[2024-02-16T19:15:52.413+0900][gc,start    ] GC(43) Pause Young (Normal) (G1 Evacuation Pause)
[2024-02-16T19:15:52.416+0900][gc,task     ] GC(43) Using 8 workers of 8 for evacuation
[2024-02-16T19:15:52.428+0900][gc,phases   ] GC(43)   Pre Evacuate Collection Set: 0.7ms
[2024-02-16T19:15:52.428+0900][gc,phases   ] GC(43)   Merge Heap Roots: 3.3ms
[2024-02-16T19:15:52.428+0900][gc,phases   ] GC(43)   Evacuate Collection Set: 3.5ms
[2024-02-16T19:15:52.428+0900][gc,phases   ] GC(43)   Post Evacuate Collection Set: 2.7ms
[2024-02-16T19:15:52.428+0900][gc,phases   ] GC(43)   Other: 2.1ms
[2024-02-16T19:15:52.428+0900][gc,heap     ] GC(43) Eden regions: 613->0(613)
[2024-02-16T19:15:52.428+0900][gc,heap     ] GC(43) Survivor regions: 1->1(77)
[2024-02-16T19:15:52.428+0900][gc,heap     ] GC(43) Old regions: 37->37
[2024-02-16T19:15:52.428+0900][gc,heap     ] GC(43) Archive regions: 2->2
[2024-02-16T19:15:52.428+0900][gc,heap     ] GC(43) Humongous regions: 129->129
[2024-02-16T19:15:52.429+0900][gc,metaspace] GC(43) Metaspace: 44135K(44736K)->44135K(44736K) NonClass: 39166K(39488K)->39166K(39488K) Class: 4968K(5248K)->4968K(5248K)
[2024-02-16T19:15:52.429+0900][gc          ] GC(43) Pause Young (Normal) (G1 Evacuation Pause) 779M->166M(1024M) 16.885ms
[2024-02-16T19:15:52.429+0900][gc,cpu      ] GC(43) User=0.00s Sys=0.01s Real=0.01s
[2024-02-16T19:39:25.177+0900][gc,start    ] GC(44) Pause Young (Normal) (G1 Evacuation Pause)
[2024-02-16T19:39:25.180+0900][gc,task     ] GC(44) Using 8 workers of 8 for evacuation
[2024-02-16T19:39:25.187+0900][gc,phases   ] GC(44)   Pre Evacuate Collection Set: 0.7ms
[2024-02-16T19:39:25.187+0900][gc,phases   ] GC(44)   Merge Heap Roots: 0.6ms
[2024-02-16T19:39:25.187+0900][gc,phases   ] GC(44)   Evacuate Collection Set: 2.5ms
[2024-02-16T19:39:25.187+0900][gc,phases   ] GC(44)   Post Evacuate Collection Set: 2.5ms
[2024-02-16T19:39:25.187+0900][gc,phases   ] GC(44)   Other: 1.3ms
[2024-02-16T19:39:25.187+0900][gc,heap     ] GC(44) Eden regions: 613->0(613)
[2024-02-16T19:39:25.187+0900][gc,heap     ] GC(44) Survivor regions: 1->1(77)
[2024-02-16T19:39:25.187+0900][gc,heap     ] GC(44) Old regions: 37->37
[2024-02-16T19:39:25.187+0900][gc,heap     ] GC(44) Archive regions: 2->2
[2024-02-16T19:39:25.187+0900][gc,heap     ] GC(44) Humongous regions: 129->129
[2024-02-16T19:39:25.187+0900][gc,metaspace] GC(44) Metaspace: 44135K(44736K)->44135K(44736K) NonClass: 39166K(39488K)->39166K(39488K) Class: 4968K(5248K)->4968K(5248K)
[2024-02-16T19:39:25.187+0900][gc          ] GC(44) Pause Young (Normal) (G1 Evacuation Pause) 779M->166M(1024M) 10.658ms
[2024-02-16T19:39:25.187+0900][gc,cpu      ] GC(44) User=0.01s Sys=0.01s Real=0.01s
[2024-02-16T20:09:08.975+0900][gc,start    ] GC(45) Pause Young (Normal) (G1 Evacuation Pause)
[2024-02-16T20:09:08.978+0900][gc,task     ] GC(45) Using 8 workers of 8 for evacuation
[2024-02-16T20:09:08.985+0900][gc,phases   ] GC(45)   Pre Evacuate Collection Set: 0.5ms
[2024-02-16T20:09:08.986+0900][gc,phases   ] GC(45)   Merge Heap Roots: 1.0ms
[2024-02-16T20:09:08.986+0900][gc,phases   ] GC(45)   Evacuate Collection Set: 2.8ms
[2024-02-16T20:09:08.986+0900][gc,phases   ] GC(45)   Post Evacuate Collection Set: 2.3ms
[2024-02-16T20:09:08.986+0900][gc,phases   ] GC(45)   Other: 1.4ms
[2024-02-16T20:09:08.986+0900][gc,heap     ] GC(45) Eden regions: 613->0(613)
[2024-02-16T20:09:08.986+0900][gc,heap     ] GC(45) Survivor regions: 1->1(77)
[2024-02-16T20:09:08.986+0900][gc,heap     ] GC(45) Old regions: 37->37
[2024-02-16T20:09:08.986+0900][gc,heap     ] GC(45) Archive regions: 2->2
[2024-02-16T20:09:08.986+0900][gc,heap     ] GC(45) Humongous regions: 129->129
[2024-02-16T20:09:08.987+0900][gc,metaspace] GC(45) Metaspace: 44135K(44736K)->44135K(44736K) NonClass: 39166K(39488K)->39166K(39488K) Class: 4968K(5248K)->4968K(5248K)
[2024-02-16T20:09:08.987+0900][gc          ] GC(45) Pause Young (Normal) (G1 Evacuation Pause) 779M->166M(1024M) 12.323ms
[2024-02-16T20:09:08.987+0900][gc,cpu      ] GC(45) User=0.01s Sys=0.01s Real=0.01s
