[2024-02-16T09:07:03.194+0900][gc,init] CardTable entry size: 512
[2024-02-16T09:07:03.194+0900][gc     ] Using G1
[2024-02-16T09:07:03.195+0900][gc,init] Version: 19.0.2+7-44 (release)
[2024-02-16T09:07:03.195+0900][gc,init] CPUs: 8 total, 8 available
[2024-02-16T09:07:03.195+0900][gc,init] Memory: 8192M
[2024-02-16T09:07:03.195+0900][gc,init] Large Page Support: Disabled
[2024-02-16T09:07:03.195+0900][gc,init] NUMA Support: Disabled
[2024-02-16T09:07:03.195+0900][gc,init] Compressed Oops: Enabled (Zero based)
[2024-02-16T09:07:03.195+0900][gc,init] Heap Region Size: 1M
[2024-02-16T09:07:03.195+0900][gc,init] Heap Min Capacity: 1G
[2024-02-16T09:07:03.195+0900][gc,init] Heap Initial Capacity: 1G
[2024-02-16T09:07:03.195+0900][gc,init] Heap Max Capacity: 1G
[2024-02-16T09:07:03.195+0900][gc,init] Pre-touch: Disabled
[2024-02-16T09:07:03.195+0900][gc,init] Parallel Workers: 8
[2024-02-16T09:07:03.195+0900][gc,init] Concurrent Workers: 2
[2024-02-16T09:07:03.195+0900][gc,init] Concurrent Refinement Workers: 8
[2024-02-16T09:07:03.195+0900][gc,init] Periodic GC: Disabled
[2024-02-16T09:07:03.195+0900][gc,metaspace] CDS archive(s) mapped at: [0x0000000800000000-0x0000000800c48000-0x0000000800c48000), size 12877824, SharedBaseAddress: 0x0000000800000000, ArchiveRelocationMode: 0.
[2024-02-16T09:07:03.195+0900][gc,metaspace] Compressed class space mapped at: 0x0000000801000000-0x0000000841000000, reserved size: 1073741824
[2024-02-16T09:07:03.195+0900][gc,metaspace] Narrow klass base: 0x0000000800000000, Narrow klass shift: 0, Narrow klass range: 0x100000000
[2024-02-16T09:07:03.992+0900][gc,start    ] GC(0) Pause Young (Normal) (G1 Evacuation Pause)
[2024-02-16T09:07:03.992+0900][gc,task     ] GC(0) Using 8 workers of 8 for evacuation
[2024-02-16T09:07:03.995+0900][gc,phases   ] GC(0)   Pre Evacuate Collection Set: 0.1ms
[2024-02-16T09:07:03.995+0900][gc,phases   ] GC(0)   Merge Heap Roots: 0.0ms
[2024-02-16T09:07:03.995+0900][gc,phases   ] GC(0)   Evacuate Collection Set: 2.6ms
[2024-02-16T09:07:03.995+0900][gc,phases   ] GC(0)   Post Evacuate Collection Set: 0.3ms
[2024-02-16T09:07:03.995+0900][gc,phases   ] GC(0)   Other: 0.2ms
[2024-02-16T09:07:03.995+0900][gc,heap     ] GC(0) Eden regions: 51->0(44)
[2024-02-16T09:07:03.995+0900][gc,heap     ] GC(0) Survivor regions: 0->7(7)
[2024-02-16T09:07:03.995+0900][gc,heap     ] GC(0) Old regions: 0->1
[2024-02-16T09:07:03.995+0900][gc,heap     ] GC(0) Archive regions: 2->2
[2024-02-16T09:07:03.995+0900][gc,heap     ] GC(0) Humongous regions: 0->0
[2024-02-16T09:07:03.995+0900][gc,metaspace] GC(0) Metaspace: 18268K(18496K)->18268K(18496K) NonClass: 16211K(16320K)->16211K(16320K) Class: 2056K(2176K)->2056K(2176K)
[2024-02-16T09:07:03.995+0900][gc          ] GC(0) Pause Young (Normal) (G1 Evacuation Pause) 51M->8M(1024M) 3.456ms
[2024-02-16T09:07:03.995+0900][gc,cpu      ] GC(0) User=0.01s Sys=0.00s Real=0.00s
[2024-02-16T09:07:04.115+0900][gc,start    ] GC(1) Pause Young (Concurrent Start) (Metadata GC Threshold)
[2024-02-16T09:07:04.115+0900][gc,task     ] GC(1) Using 8 workers of 8 for evacuation
[2024-02-16T09:07:04.122+0900][gc,phases   ] GC(1)   Pre Evacuate Collection Set: 0.4ms
[2024-02-16T09:07:04.122+0900][gc,phases   ] GC(1)   Merge Heap Roots: 0.1ms
[2024-02-16T09:07:04.122+0900][gc,phases   ] GC(1)   Evacuate Collection Set: 4.8ms
[2024-02-16T09:07:04.122+0900][gc,phases   ] GC(1)   Post Evacuate Collection Set: 1.6ms
[2024-02-16T09:07:04.122+0900][gc,phases   ] GC(1)   Other: -0.0ms
[2024-02-16T09:07:04.122+0900][gc,heap     ] GC(1) Eden regions: 12->0(49)
[2024-02-16T09:07:04.122+0900][gc,heap     ] GC(1) Survivor regions: 7->2(7)
[2024-02-16T09:07:04.122+0900][gc,heap     ] GC(1) Old regions: 1->8
[2024-02-16T09:07:04.122+0900][gc,heap     ] GC(1) Archive regions: 2->2
[2024-02-16T09:07:04.122+0900][gc,heap     ] GC(1) Humongous regions: 0->0
[2024-02-16T09:07:04.122+0900][gc,metaspace] GC(1) Metaspace: 21276K(21504K)->21276K(21504K) NonClass: 18836K(18944K)->18836K(18944K) Class: 2439K(2560K)->2439K(2560K)
[2024-02-16T09:07:04.122+0900][gc          ] GC(1) Pause Young (Concurrent Start) (Metadata GC Threshold) 20M->9M(1024M) 7.076ms
[2024-02-16T09:07:04.122+0900][gc,cpu      ] GC(1) User=0.02s Sys=0.01s Real=0.01s
[2024-02-16T09:07:04.122+0900][gc          ] GC(2) Concurrent Mark Cycle
[2024-02-16T09:07:04.122+0900][gc,marking  ] GC(2) Concurrent Clear Claimed Marks
[2024-02-16T09:07:04.122+0900][gc,marking  ] GC(2) Concurrent Clear Claimed Marks 0.015ms
[2024-02-16T09:07:04.122+0900][gc,marking  ] GC(2) Concurrent Scan Root Regions
[2024-02-16T09:07:04.126+0900][gc,marking  ] GC(2) Concurrent Scan Root Regions 3.547ms
[2024-02-16T09:07:04.126+0900][gc,marking  ] GC(2) Concurrent Mark
[2024-02-16T09:07:04.126+0900][gc,marking  ] GC(2) Concurrent Mark From Roots
[2024-02-16T09:07:04.126+0900][gc,task     ] GC(2) Using 2 workers of 2 for marking
[2024-02-16T09:07:04.127+0900][gc,marking  ] GC(2) Concurrent Mark From Roots 1.537ms
[2024-02-16T09:07:04.127+0900][gc,marking  ] GC(2) Concurrent Preclean
[2024-02-16T09:07:04.127+0900][gc,marking  ] GC(2) Concurrent Preclean 0.008ms
[2024-02-16T09:07:04.127+0900][gc,start    ] GC(2) Pause Remark
[2024-02-16T09:07:04.130+0900][gc          ] GC(2) Pause Remark 9M->9M(1024M) 2.092ms
[2024-02-16T09:07:04.130+0900][gc,cpu      ] GC(2) User=0.00s Sys=0.00s Real=0.01s
[2024-02-16T09:07:04.130+0900][gc,marking  ] GC(2) Concurrent Mark 3.798ms
[2024-02-16T09:07:04.130+0900][gc,marking  ] GC(2) Concurrent Rebuild Remembered Sets
[2024-02-16T09:07:04.131+0900][gc,marking  ] GC(2) Concurrent Rebuild Remembered Sets 1.511ms
[2024-02-16T09:07:04.131+0900][gc,start    ] GC(2) Pause Cleanup
[2024-02-16T09:07:04.131+0900][gc          ] GC(2) Pause Cleanup 9M->9M(1024M) 0.052ms
[2024-02-16T09:07:04.131+0900][gc,cpu      ] GC(2) User=0.00s Sys=0.00s Real=0.00s
[2024-02-16T09:07:04.131+0900][gc,marking  ] GC(2) Concurrent Cleanup for Next Mark
[2024-02-16T09:07:04.133+0900][gc,marking  ] GC(2) Concurrent Cleanup for Next Mark 1.506ms
[2024-02-16T09:07:04.133+0900][gc          ] GC(2) Concurrent Mark Cycle 10.574ms
[2024-02-16T09:07:04.848+0900][gc,start    ] GC(3) Pause Young (Normal) (G1 Evacuation Pause)
[2024-02-16T09:07:04.848+0900][gc,task     ] GC(3) Using 8 workers of 8 for evacuation
[2024-02-16T09:07:04.851+0900][gc,phases   ] GC(3)   Pre Evacuate Collection Set: 0.1ms
[2024-02-16T09:07:04.851+0900][gc,phases   ] GC(3)   Merge Heap Roots: 0.0ms
[2024-02-16T09:07:04.851+0900][gc,phases   ] GC(3)   Evacuate Collection Set: 2.0ms
[2024-02-16T09:07:04.851+0900][gc,phases   ] GC(3)   Post Evacuate Collection Set: 0.2ms
[2024-02-16T09:07:04.851+0900][gc,phases   ] GC(3)   Other: 0.0ms
[2024-02-16T09:07:04.851+0900][gc,heap     ] GC(3) Eden regions: 49->0(45)
[2024-02-16T09:07:04.851+0900][gc,heap     ] GC(3) Survivor regions: 2->6(7)
[2024-02-16T09:07:04.851+0900][gc,heap     ] GC(3) Old regions: 8->8
[2024-02-16T09:07:04.851+0900][gc,heap     ] GC(3) Archive regions: 2->2
[2024-02-16T09:07:04.851+0900][gc,heap     ] GC(3) Humongous regions: 129->129
[2024-02-16T09:07:04.851+0900][gc,metaspace] GC(3) Metaspace: 31045K(31424K)->31045K(31424K) NonClass: 27665K(27840K)->27665K(27840K) Class: 3379K(3584K)->3379K(3584K)
[2024-02-16T09:07:04.851+0900][gc          ] GC(3) Pause Young (Normal) (G1 Evacuation Pause) 187M->142M(1024M) 2.583ms
[2024-02-16T09:07:04.851+0900][gc,cpu      ] GC(3) User=0.01s Sys=0.00s Real=0.01s
[2024-02-16T09:07:05.014+0900][gc,start    ] GC(4) Pause Young (Concurrent Start) (Metadata GC Threshold)
[2024-02-16T09:07:05.014+0900][gc,task     ] GC(4) Using 8 workers of 8 for evacuation
[2024-02-16T09:07:05.020+0900][gc,phases   ] GC(4)   Pre Evacuate Collection Set: 0.2ms
[2024-02-16T09:07:05.020+0900][gc,phases   ] GC(4)   Merge Heap Roots: 0.1ms
[2024-02-16T09:07:05.020+0900][gc,phases   ] GC(4)   Evacuate Collection Set: 4.4ms
[2024-02-16T09:07:05.020+0900][gc,phases   ] GC(4)   Post Evacuate Collection Set: 0.5ms
[2024-02-16T09:07:05.020+0900][gc,phases   ] GC(4)   Other: 0.1ms
[2024-02-16T09:07:05.020+0900][gc,heap     ] GC(4) Eden regions: 19->0(48)
[2024-02-16T09:07:05.020+0900][gc,heap     ] GC(4) Survivor regions: 6->3(7)
[2024-02-16T09:07:05.020+0900][gc,heap     ] GC(4) Old regions: 8->14
[2024-02-16T09:07:05.020+0900][gc,heap     ] GC(4) Archive regions: 2->2
[2024-02-16T09:07:05.020+0900][gc,heap     ] GC(4) Humongous regions: 129->129
[2024-02-16T09:07:05.020+0900][gc,metaspace] GC(4) Metaspace: 35771K(36096K)->35771K(36096K) NonClass: 31950K(32128K)->31950K(32128K) Class: 3820K(3968K)->3820K(3968K)
[2024-02-16T09:07:05.020+0900][gc          ] GC(4) Pause Young (Concurrent Start) (Metadata GC Threshold) 161M->145M(1024M) 5.473ms
[2024-02-16T09:07:05.020+0900][gc          ] GC(5) Concurrent Mark Cycle
[2024-02-16T09:07:05.020+0900][gc,cpu      ] GC(4) User=0.02s Sys=0.00s Real=0.01s
[2024-02-16T09:07:05.020+0900][gc,marking  ] GC(5) Concurrent Clear Claimed Marks
[2024-02-16T09:07:05.020+0900][gc,marking  ] GC(5) Concurrent Clear Claimed Marks 0.065ms
[2024-02-16T09:07:05.020+0900][gc,marking  ] GC(5) Concurrent Scan Root Regions
[2024-02-16T09:07:05.024+0900][gc,marking  ] GC(5) Concurrent Scan Root Regions 3.881ms
[2024-02-16T09:07:05.024+0900][gc,marking  ] GC(5) Concurrent Mark
[2024-02-16T09:07:05.024+0900][gc,marking  ] GC(5) Concurrent Mark From Roots
[2024-02-16T09:07:05.024+0900][gc,task     ] GC(5) Using 2 workers of 2 for marking
[2024-02-16T09:07:05.031+0900][gc,marking  ] GC(5) Concurrent Mark From Roots 6.958ms
[2024-02-16T09:07:05.031+0900][gc,marking  ] GC(5) Concurrent Preclean
[2024-02-16T09:07:05.031+0900][gc,marking  ] GC(5) Concurrent Preclean 0.164ms
[2024-02-16T09:07:05.031+0900][gc,start    ] GC(5) Pause Remark
[2024-02-16T09:07:05.033+0900][gc          ] GC(5) Pause Remark 147M->147M(1024M) 1.240ms
[2024-02-16T09:07:05.033+0900][gc,cpu      ] GC(5) User=0.01s Sys=0.00s Real=0.00s
[2024-02-16T09:07:05.033+0900][gc,marking  ] GC(5) Concurrent Mark 8.803ms
[2024-02-16T09:07:05.033+0900][gc,marking  ] GC(5) Concurrent Rebuild Remembered Sets
[2024-02-16T09:07:05.038+0900][gc,marking  ] GC(5) Concurrent Rebuild Remembered Sets 4.802ms
[2024-02-16T09:07:05.038+0900][gc,start    ] GC(5) Pause Cleanup
[2024-02-16T09:07:05.038+0900][gc          ] GC(5) Pause Cleanup 147M->147M(1024M) 0.262ms
[2024-02-16T09:07:05.038+0900][gc,cpu      ] GC(5) User=0.00s Sys=0.00s Real=0.00s
[2024-02-16T09:07:05.039+0900][gc,marking  ] GC(5) Concurrent Cleanup for Next Mark
[2024-02-16T09:07:05.041+0900][gc,marking  ] GC(5) Concurrent Cleanup for Next Mark 2.387ms
[2024-02-16T09:07:05.042+0900][gc          ] GC(5) Concurrent Mark Cycle 21.824ms
[2024-02-16T09:14:42.779+0900][gc,start    ] GC(6) Pause Young (Normal) (G1 Evacuation Pause)
[2024-02-16T09:14:42.783+0900][gc,task     ] GC(6) Using 8 workers of 8 for evacuation
[2024-02-16T09:14:42.826+0900][gc,mmu      ] GC(6) MMU target violated: 21.0ms (20.0ms/21.0ms)
[2024-02-16T09:14:42.826+0900][gc,phases   ] GC(6)   Pre Evacuate Collection Set: 1.3ms
[2024-02-16T09:14:42.826+0900][gc,phases   ] GC(6)   Merge Heap Roots: 0.5ms
[2024-02-16T09:14:42.826+0900][gc,phases   ] GC(6)   Evacuate Collection Set: 38.7ms
[2024-02-16T09:14:42.826+0900][gc,phases   ] GC(6)   Post Evacuate Collection Set: 1.9ms
[2024-02-16T09:14:42.826+0900][gc,phases   ] GC(6)   Other: 0.6ms
[2024-02-16T09:14:42.826+0900][gc,heap     ] GC(6) Eden regions: 48->0(46)
[2024-02-16T09:14:42.826+0900][gc,heap     ] GC(6) Survivor regions: 3->5(7)
[2024-02-16T09:14:42.826+0900][gc,heap     ] GC(6) Old regions: 14->14
[2024-02-16T09:14:42.826+0900][gc,heap     ] GC(6) Archive regions: 2->2
[2024-02-16T09:14:42.826+0900][gc,heap     ] GC(6) Humongous regions: 135->129
[2024-02-16T09:14:42.826+0900][gc,metaspace] GC(6) Metaspace: 41987K(42624K)->41987K(42624K) NonClass: 37070K(37440K)->37070K(37440K) Class: 4916K(5184K)->4916K(5184K)
[2024-02-16T09:14:42.826+0900][gc          ] GC(6) Pause Young (Normal) (G1 Evacuation Pause) 199M->147M(1024M) 46.673ms
[2024-02-16T09:14:42.826+0900][gc,cpu      ] GC(6) User=0.02s Sys=0.10s Real=0.05s
[2024-02-16T09:25:26.641+0900][gc,heap,exit] Heap
[2024-02-16T09:25:26.641+0900][gc,heap,exit]  garbage-first heap   total 1048576K, used 194688K [0x00000007c0000000, 0x0000000800000000)
[2024-02-16T09:25:26.641+0900][gc,heap,exit]   region size 1024K, 48 young (49152K), 5 survivors (5120K)
[2024-02-16T09:25:26.641+0900][gc,heap,exit]  Metaspace       used 44567K, committed 45376K, reserved 1114112K
[2024-02-16T09:25:26.641+0900][gc,heap,exit]   class space    used 5397K, committed 5760K, reserved 1048576K
