[2024-02-16T09:27:27.804+0900][gc,init] CardTable entry size: 512
[2024-02-16T09:27:27.804+0900][gc     ] Using G1
[2024-02-16T09:27:27.806+0900][gc,init] Version: 19.0.2+7-44 (release)
[2024-02-16T09:27:27.806+0900][gc,init] CPUs: 8 total, 8 available
[2024-02-16T09:27:27.806+0900][gc,init] Memory: 8192M
[2024-02-16T09:27:27.806+0900][gc,init] Large Page Support: Disabled
[2024-02-16T09:27:27.806+0900][gc,init] NUMA Support: Disabled
[2024-02-16T09:27:27.806+0900][gc,init] Compressed Oops: Enabled (Zero based)
[2024-02-16T09:27:27.806+0900][gc,init] Heap Region Size: 1M
[2024-02-16T09:27:27.806+0900][gc,init] Heap Min Capacity: 1G
[2024-02-16T09:27:27.806+0900][gc,init] Heap Initial Capacity: 1G
[2024-02-16T09:27:27.806+0900][gc,init] Heap Max Capacity: 1G
[2024-02-16T09:27:27.806+0900][gc,init] Pre-touch: Disabled
[2024-02-16T09:27:27.806+0900][gc,init] Parallel Workers: 8
[2024-02-16T09:27:27.806+0900][gc,init] Concurrent Workers: 2
[2024-02-16T09:27:27.806+0900][gc,init] Concurrent Refinement Workers: 8
[2024-02-16T09:27:27.806+0900][gc,init] Periodic GC: Disabled
[2024-02-16T09:27:27.806+0900][gc,metaspace] CDS archive(s) mapped at: [0x0000000800000000-0x0000000800c48000-0x0000000800c48000), size 12877824, SharedBaseAddress: 0x0000000800000000, ArchiveRelocationMode: 0.
[2024-02-16T09:27:27.806+0900][gc,metaspace] Compressed class space mapped at: 0x0000000801000000-0x0000000841000000, reserved size: 1073741824
[2024-02-16T09:27:27.806+0900][gc,metaspace] Narrow klass base: 0x0000000800000000, Narrow klass shift: 0, Narrow klass range: 0x100000000
[2024-02-16T09:27:28.489+0900][gc,start    ] GC(0) Pause Young (Normal) (G1 Evacuation Pause)
[2024-02-16T09:27:28.489+0900][gc,task     ] GC(0) Using 8 workers of 8 for evacuation
[2024-02-16T09:27:28.493+0900][gc,phases   ] GC(0)   Pre Evacuate Collection Set: 0.1ms
[2024-02-16T09:27:28.493+0900][gc,phases   ] GC(0)   Merge Heap Roots: 0.0ms
[2024-02-16T09:27:28.493+0900][gc,phases   ] GC(0)   Evacuate Collection Set: 2.8ms
[2024-02-16T09:27:28.493+0900][gc,phases   ] GC(0)   Post Evacuate Collection Set: 0.8ms
[2024-02-16T09:27:28.493+0900][gc,phases   ] GC(0)   Other: 0.2ms
[2024-02-16T09:27:28.493+0900][gc,heap     ] GC(0) Eden regions: 51->0(44)
[2024-02-16T09:27:28.493+0900][gc,heap     ] GC(0) Survivor regions: 0->7(7)
[2024-02-16T09:27:28.493+0900][gc,heap     ] GC(0) Old regions: 0->1
[2024-02-16T09:27:28.493+0900][gc,heap     ] GC(0) Archive regions: 2->2
[2024-02-16T09:27:28.493+0900][gc,heap     ] GC(0) Humongous regions: 0->0
[2024-02-16T09:27:28.493+0900][gc,metaspace] GC(0) Metaspace: 18278K(18496K)->18278K(18496K) NonClass: 16220K(16320K)->16220K(16320K) Class: 2058K(2176K)->2058K(2176K)
[2024-02-16T09:27:28.493+0900][gc          ] GC(0) Pause Young (Normal) (G1 Evacuation Pause) 51M->8M(1024M) 4.203ms
[2024-02-16T09:27:28.493+0900][gc,cpu      ] GC(0) User=0.01s Sys=0.00s Real=0.01s
[2024-02-16T09:27:28.612+0900][gc,start    ] GC(1) Pause Young (Concurrent Start) (Metadata GC Threshold)
[2024-02-16T09:27:28.612+0900][gc,task     ] GC(1) Using 8 workers of 8 for evacuation
[2024-02-16T09:27:28.618+0900][gc,phases   ] GC(1)   Pre Evacuate Collection Set: 0.8ms
[2024-02-16T09:27:28.618+0900][gc,phases   ] GC(1)   Merge Heap Roots: 0.3ms
[2024-02-16T09:27:28.618+0900][gc,phases   ] GC(1)   Evacuate Collection Set: 4.9ms
[2024-02-16T09:27:28.618+0900][gc,phases   ] GC(1)   Post Evacuate Collection Set: 0.2ms
[2024-02-16T09:27:28.618+0900][gc,phases   ] GC(1)   Other: 0.1ms
[2024-02-16T09:27:28.618+0900][gc,heap     ] GC(1) Eden regions: 12->0(50)
[2024-02-16T09:27:28.618+0900][gc,heap     ] GC(1) Survivor regions: 7->1(7)
[2024-02-16T09:27:28.618+0900][gc,heap     ] GC(1) Old regions: 1->8
[2024-02-16T09:27:28.618+0900][gc,heap     ] GC(1) Archive regions: 2->2
[2024-02-16T09:27:28.618+0900][gc,heap     ] GC(1) Humongous regions: 0->0
[2024-02-16T09:27:28.618+0900][gc,metaspace] GC(1) Metaspace: 21310K(21504K)->21310K(21504K) NonClass: 18868K(18944K)->18868K(18944K) Class: 2442K(2560K)->2442K(2560K)
[2024-02-16T09:27:28.618+0900][gc          ] GC(1) Pause Young (Concurrent Start) (Metadata GC Threshold) 20M->9M(1024M) 6.422ms
[2024-02-16T09:27:28.618+0900][gc,cpu      ] GC(1) User=0.01s Sys=0.00s Real=0.00s
[2024-02-16T09:27:28.618+0900][gc          ] GC(2) Concurrent Mark Cycle
[2024-02-16T09:27:28.618+0900][gc,marking  ] GC(2) Concurrent Clear Claimed Marks
[2024-02-16T09:27:28.618+0900][gc,marking  ] GC(2) Concurrent Clear Claimed Marks 0.013ms
[2024-02-16T09:27:28.618+0900][gc,marking  ] GC(2) Concurrent Scan Root Regions
[2024-02-16T09:27:28.621+0900][gc,marking  ] GC(2) Concurrent Scan Root Regions 3.028ms
[2024-02-16T09:27:28.621+0900][gc,marking  ] GC(2) Concurrent Mark
[2024-02-16T09:27:28.621+0900][gc,marking  ] GC(2) Concurrent Mark From Roots
[2024-02-16T09:27:28.621+0900][gc,task     ] GC(2) Using 2 workers of 2 for marking
[2024-02-16T09:27:28.622+0900][gc,marking  ] GC(2) Concurrent Mark From Roots 0.805ms
[2024-02-16T09:27:28.622+0900][gc,marking  ] GC(2) Concurrent Preclean
[2024-02-16T09:27:28.622+0900][gc,marking  ] GC(2) Concurrent Preclean 0.009ms
[2024-02-16T09:27:28.622+0900][gc,start    ] GC(2) Pause Remark
[2024-02-16T09:27:28.624+0900][gc          ] GC(2) Pause Remark 10M->10M(1024M) 1.972ms
[2024-02-16T09:27:28.624+0900][gc,cpu      ] GC(2) User=0.00s Sys=0.00s Real=0.00s
[2024-02-16T09:27:28.625+0900][gc,marking  ] GC(2) Concurrent Mark 3.083ms
[2024-02-16T09:27:28.625+0900][gc,marking  ] GC(2) Concurrent Rebuild Remembered Sets
[2024-02-16T09:27:28.626+0900][gc,marking  ] GC(2) Concurrent Rebuild Remembered Sets 1.416ms
[2024-02-16T09:27:28.626+0900][gc,start    ] GC(2) Pause Cleanup
[2024-02-16T09:27:28.626+0900][gc          ] GC(2) Pause Cleanup 10M->10M(1024M) 0.062ms
[2024-02-16T09:27:28.626+0900][gc,cpu      ] GC(2) User=0.00s Sys=0.00s Real=0.00s
[2024-02-16T09:27:28.626+0900][gc,marking  ] GC(2) Concurrent Cleanup for Next Mark
[2024-02-16T09:27:28.627+0900][gc,marking  ] GC(2) Concurrent Cleanup for Next Mark 1.265ms
[2024-02-16T09:27:28.627+0900][gc          ] GC(2) Concurrent Mark Cycle 9.111ms
[2024-02-16T09:27:29.122+0900][gc,start    ] GC(3) Pause Young (Normal) (G1 Evacuation Pause)
[2024-02-16T09:27:29.123+0900][gc,task     ] GC(3) Using 8 workers of 8 for evacuation
[2024-02-16T09:27:29.127+0900][gc,phases   ] GC(3)   Pre Evacuate Collection Set: 0.4ms
[2024-02-16T09:27:29.127+0900][gc,phases   ] GC(3)   Merge Heap Roots: 0.1ms
[2024-02-16T09:27:29.127+0900][gc,phases   ] GC(3)   Evacuate Collection Set: 3.5ms
[2024-02-16T09:27:29.127+0900][gc,phases   ] GC(3)   Post Evacuate Collection Set: 0.5ms
[2024-02-16T09:27:29.127+0900][gc,phases   ] GC(3)   Other: 0.1ms
[2024-02-16T09:27:29.127+0900][gc,heap     ] GC(3) Eden regions: 50->0(45)
[2024-02-16T09:27:29.127+0900][gc,heap     ] GC(3) Survivor regions: 1->6(7)
[2024-02-16T09:27:29.127+0900][gc,heap     ] GC(3) Old regions: 8->8
[2024-02-16T09:27:29.127+0900][gc,heap     ] GC(3) Archive regions: 2->2
[2024-02-16T09:27:29.127+0900][gc,heap     ] GC(3) Humongous regions: 129->129
[2024-02-16T09:27:29.127+0900][gc,metaspace] GC(3) Metaspace: 31425K(31744K)->31425K(31744K) NonClass: 27983K(28160K)->27983K(28160K) Class: 3442K(3584K)->3442K(3584K)
[2024-02-16T09:27:29.127+0900][gc          ] GC(3) Pause Young (Normal) (G1 Evacuation Pause) 188M->143M(1024M) 4.729ms
[2024-02-16T09:27:29.127+0900][gc,cpu      ] GC(3) User=0.02s Sys=0.00s Real=0.00s
[2024-02-16T09:27:29.371+0900][gc,start    ] GC(4) Pause Young (Concurrent Start) (Metadata GC Threshold)
[2024-02-16T09:27:29.371+0900][gc,task     ] GC(4) Using 8 workers of 8 for evacuation
[2024-02-16T09:27:29.374+0900][gc,phases   ] GC(4)   Pre Evacuate Collection Set: 0.1ms
[2024-02-16T09:27:29.374+0900][gc,phases   ] GC(4)   Merge Heap Roots: 0.1ms
[2024-02-16T09:27:29.374+0900][gc,phases   ] GC(4)   Evacuate Collection Set: 2.3ms
[2024-02-16T09:27:29.374+0900][gc,phases   ] GC(4)   Post Evacuate Collection Set: 0.4ms
[2024-02-16T09:27:29.374+0900][gc,phases   ] GC(4)   Other: 0.1ms
[2024-02-16T09:27:29.374+0900][gc,heap     ] GC(4) Eden regions: 17->0(49)
[2024-02-16T09:27:29.374+0900][gc,heap     ] GC(4) Survivor regions: 6->2(7)
[2024-02-16T09:27:29.374+0900][gc,heap     ] GC(4) Old regions: 8->13
[2024-02-16T09:27:29.374+0900][gc,heap     ] GC(4) Archive regions: 2->2
[2024-02-16T09:27:29.374+0900][gc,heap     ] GC(4) Humongous regions: 129->129
[2024-02-16T09:27:29.374+0900][gc,metaspace] GC(4) Metaspace: 35797K(36096K)->35797K(36096K) NonClass: 32000K(32128K)->32000K(32128K) Class: 3797K(3968K)->3797K(3968K)
[2024-02-16T09:27:29.374+0900][gc          ] GC(4) Pause Young (Concurrent Start) (Metadata GC Threshold) 160M->144M(1024M) 3.122ms
[2024-02-16T09:27:29.374+0900][gc          ] GC(5) Concurrent Mark Cycle
[2024-02-16T09:27:29.374+0900][gc,cpu      ] GC(4) User=0.01s Sys=0.00s Real=0.00s
[2024-02-16T09:27:29.374+0900][gc,marking  ] GC(5) Concurrent Clear Claimed Marks
[2024-02-16T09:27:29.374+0900][gc,marking  ] GC(5) Concurrent Clear Claimed Marks 0.087ms
[2024-02-16T09:27:29.374+0900][gc,marking  ] GC(5) Concurrent Scan Root Regions
[2024-02-16T09:27:29.377+0900][gc,marking  ] GC(5) Concurrent Scan Root Regions 2.413ms
[2024-02-16T09:27:29.377+0900][gc,marking  ] GC(5) Concurrent Mark
[2024-02-16T09:27:29.377+0900][gc,marking  ] GC(5) Concurrent Mark From Roots
[2024-02-16T09:27:29.377+0900][gc,task     ] GC(5) Using 2 workers of 2 for marking
[2024-02-16T09:27:29.379+0900][gc,marking  ] GC(5) Concurrent Mark From Roots 2.547ms
[2024-02-16T09:27:29.379+0900][gc,marking  ] GC(5) Concurrent Preclean
[2024-02-16T09:27:29.379+0900][gc,marking  ] GC(5) Concurrent Preclean 0.032ms
[2024-02-16T09:27:29.379+0900][gc,start    ] GC(5) Pause Remark
[2024-02-16T09:27:29.380+0900][gc          ] GC(5) Pause Remark 145M->145M(1024M) 0.884ms
[2024-02-16T09:27:29.380+0900][gc,cpu      ] GC(5) User=0.01s Sys=0.00s Real=0.01s
[2024-02-16T09:27:29.380+0900][gc,marking  ] GC(5) Concurrent Mark 3.803ms
[2024-02-16T09:27:29.380+0900][gc,marking  ] GC(5) Concurrent Rebuild Remembered Sets
[2024-02-16T09:27:29.380+0900][gc,marking  ] GC(5) Concurrent Rebuild Remembered Sets 0.006ms
[2024-02-16T09:27:29.381+0900][gc,start    ] GC(5) Pause Cleanup
[2024-02-16T09:27:29.381+0900][gc          ] GC(5) Pause Cleanup 145M->145M(1024M) 0.010ms
[2024-02-16T09:27:29.381+0900][gc,cpu      ] GC(5) User=0.00s Sys=0.00s Real=0.00s
[2024-02-16T09:27:29.381+0900][gc,marking  ] GC(5) Concurrent Cleanup for Next Mark
[2024-02-16T09:27:29.382+0900][gc,marking  ] GC(5) Concurrent Cleanup for Next Mark 1.507ms
[2024-02-16T09:27:29.382+0900][gc          ] GC(5) Concurrent Mark Cycle 8.026ms
[2024-02-16T09:45:28.616+0900][gc,start    ] GC(6) Pause Young (Normal) (G1 Evacuation Pause)
[2024-02-16T09:45:28.619+0900][gc,task     ] GC(6) Using 8 workers of 8 for evacuation
[2024-02-16T09:45:28.633+0900][gc,phases   ] GC(6)   Pre Evacuate Collection Set: 1.1ms
[2024-02-16T09:45:28.633+0900][gc,phases   ] GC(6)   Merge Heap Roots: 0.9ms
[2024-02-16T09:45:28.633+0900][gc,phases   ] GC(6)   Evacuate Collection Set: 10.0ms
[2024-02-16T09:45:28.633+0900][gc,phases   ] GC(6)   Post Evacuate Collection Set: 1.2ms
[2024-02-16T09:45:28.633+0900][gc,phases   ] GC(6)   Other: 0.8ms
[2024-02-16T09:45:28.633+0900][gc,heap     ] GC(6) Eden regions: 49->0(47)
[2024-02-16T09:45:28.633+0900][gc,heap     ] GC(6) Survivor regions: 2->4(7)
[2024-02-16T09:45:28.633+0900][gc,heap     ] GC(6) Old regions: 13->13
[2024-02-16T09:45:28.633+0900][gc,heap     ] GC(6) Archive regions: 2->2
[2024-02-16T09:45:28.633+0900][gc,heap     ] GC(6) Humongous regions: 141->129
[2024-02-16T09:45:28.633+0900][gc,metaspace] GC(6) Metaspace: 40109K(40704K)->40109K(40704K) NonClass: 35606K(35904K)->35606K(35904K) Class: 4503K(4800K)->4503K(4800K)
[2024-02-16T09:45:28.633+0900][gc          ] GC(6) Pause Young (Normal) (G1 Evacuation Pause) 205M->146M(1024M) 16.885ms
[2024-02-16T09:45:28.633+0900][gc,cpu      ] GC(6) User=0.02s Sys=0.02s Real=0.02s
[2024-02-16T09:51:30.208+0900][gc,start    ] GC(7) Pause Young (Normal) (G1 Evacuation Pause)
[2024-02-16T09:51:30.211+0900][gc,task     ] GC(7) Using 8 workers of 8 for evacuation
[2024-02-16T09:51:30.223+0900][gc,phases   ] GC(7)   Pre Evacuate Collection Set: 1.1ms
[2024-02-16T09:51:30.223+0900][gc,phases   ] GC(7)   Merge Heap Roots: 0.6ms
[2024-02-16T09:51:30.223+0900][gc,phases   ] GC(7)   Evacuate Collection Set: 10.1ms
[2024-02-16T09:51:30.223+0900][gc,phases   ] GC(7)   Post Evacuate Collection Set: 0.7ms
[2024-02-16T09:51:30.224+0900][gc,phases   ] GC(7)   Other: 0.8ms
[2024-02-16T09:51:30.224+0900][gc,heap     ] GC(7) Eden regions: 47->0(45)
[2024-02-16T09:51:30.224+0900][gc,heap     ] GC(7) Survivor regions: 4->6(7)
[2024-02-16T09:51:30.224+0900][gc,heap     ] GC(7) Old regions: 13->13
[2024-02-16T09:51:30.224+0900][gc,heap     ] GC(7) Archive regions: 2->2
[2024-02-16T09:51:30.224+0900][gc,heap     ] GC(7) Humongous regions: 129->129
[2024-02-16T09:51:30.224+0900][gc,metaspace] GC(7) Metaspace: 41900K(42560K)->41900K(42560K) NonClass: 37276K(37632K)->37276K(37632K) Class: 4623K(4928K)->4623K(4928K)
[2024-02-16T09:51:30.224+0900][gc          ] GC(7) Pause Young (Normal) (G1 Evacuation Pause) 193M->147M(1024M) 15.731ms
[2024-02-16T09:51:30.224+0900][gc,cpu      ] GC(7) User=0.03s Sys=0.03s Real=0.02s
[2024-02-16T09:56:44.774+0900][gc,start    ] GC(8) Pause Young (Normal) (G1 Evacuation Pause)
[2024-02-16T09:56:44.776+0900][gc,task     ] GC(8) Using 8 workers of 8 for evacuation
[2024-02-16T09:56:44.799+0900][gc,mmu      ] GC(8) MMU target violated: 21.0ms (20.0ms/21.0ms)
[2024-02-16T09:56:44.799+0900][gc,phases   ] GC(8)   Pre Evacuate Collection Set: 2.2ms
[2024-02-16T09:56:44.799+0900][gc,phases   ] GC(8)   Merge Heap Roots: 0.7ms
[2024-02-16T09:56:44.799+0900][gc,phases   ] GC(8)   Evacuate Collection Set: 17.9ms
[2024-02-16T09:56:44.799+0900][gc,phases   ] GC(8)   Post Evacuate Collection Set: 1.2ms
[2024-02-16T09:56:44.799+0900][gc,phases   ] GC(8)   Other: 1.2ms
[2024-02-16T09:56:44.799+0900][gc,heap     ] GC(8) Eden regions: 45->0(46)
[2024-02-16T09:56:44.799+0900][gc,heap     ] GC(8) Survivor regions: 6->5(7)
[2024-02-16T09:56:44.799+0900][gc,heap     ] GC(8) Old regions: 13->15
[2024-02-16T09:56:44.799+0900][gc,heap     ] GC(8) Archive regions: 2->2
[2024-02-16T09:56:44.799+0900][gc,heap     ] GC(8) Humongous regions: 129->129
[2024-02-16T09:56:44.799+0900][gc,metaspace] GC(8) Metaspace: 42580K(43200K)->42580K(43200K) NonClass: 37815K(38144K)->37815K(38144K) Class: 4765K(5056K)->4765K(5056K)
[2024-02-16T09:56:44.799+0900][gc          ] GC(8) Pause Young (Normal) (G1 Evacuation Pause) 192M->149M(1024M) 24.561ms
[2024-02-16T09:56:44.799+0900][gc,cpu      ] GC(8) User=0.03s Sys=0.04s Real=0.02s
[2024-02-16T10:01:53.142+0900][gc,start    ] GC(9) Pause Young (Normal) (G1 Evacuation Pause)
[2024-02-16T10:01:53.145+0900][gc,task     ] GC(9) Using 8 workers of 8 for evacuation
[2024-02-16T10:01:53.165+0900][gc,mmu      ] GC(9) MMU target violated: 20.2ms (20.0ms/21.0ms)
[2024-02-16T10:01:53.165+0900][gc,phases   ] GC(9)   Pre Evacuate Collection Set: 0.5ms
[2024-02-16T10:01:53.165+0900][gc,phases   ] GC(9)   Merge Heap Roots: 0.5ms
[2024-02-16T10:01:53.165+0900][gc,phases   ] GC(9)   Evacuate Collection Set: 17.1ms
[2024-02-16T10:01:53.165+0900][gc,phases   ] GC(9)   Post Evacuate Collection Set: 1.7ms
[2024-02-16T10:01:53.165+0900][gc,phases   ] GC(9)   Other: 0.8ms
[2024-02-16T10:01:53.165+0900][gc,heap     ] GC(9) Eden regions: 46->0(47)
[2024-02-16T10:01:53.165+0900][gc,heap     ] GC(9) Survivor regions: 5->4(7)
[2024-02-16T10:01:53.165+0900][gc,heap     ] GC(9) Old regions: 15->16
[2024-02-16T10:01:53.165+0900][gc,heap     ] GC(9) Archive regions: 2->2
[2024-02-16T10:01:53.165+0900][gc,heap     ] GC(9) Humongous regions: 129->129
[2024-02-16T10:01:53.165+0900][gc,metaspace] GC(9) Metaspace: 43012K(43648K)->43012K(43648K) NonClass: 38171K(38528K)->38171K(38528K) Class: 4841K(5120K)->4841K(5120K)
[2024-02-16T10:01:53.165+0900][gc          ] GC(9) Pause Young (Normal) (G1 Evacuation Pause) 195M->149M(1024M) 24.132ms
[2024-02-16T10:01:53.165+0900][gc,cpu      ] GC(9) User=0.02s Sys=0.03s Real=0.02s
[2024-02-16T10:07:53.261+0900][gc,start    ] GC(10) Pause Young (Normal) (G1 Evacuation Pause)
[2024-02-16T10:07:53.262+0900][gc,task     ] GC(10) Using 8 workers of 8 for evacuation
[2024-02-16T10:07:53.275+0900][gc,phases   ] GC(10)   Pre Evacuate Collection Set: 0.5ms
[2024-02-16T10:07:53.276+0900][gc,phases   ] GC(10)   Merge Heap Roots: 0.1ms
[2024-02-16T10:07:53.276+0900][gc,phases   ] GC(10)   Evacuate Collection Set: 12.2ms
[2024-02-16T10:07:53.276+0900][gc,phases   ] GC(10)   Post Evacuate Collection Set: 0.6ms
[2024-02-16T10:07:53.276+0900][gc,phases   ] GC(10)   Other: 0.3ms
[2024-02-16T10:07:53.276+0900][gc,heap     ] GC(10) Eden regions: 47->0(47)
[2024-02-16T10:07:53.276+0900][gc,heap     ] GC(10) Survivor regions: 4->4(7)
[2024-02-16T10:07:53.276+0900][gc,heap     ] GC(10) Old regions: 16->16
[2024-02-16T10:07:53.276+0900][gc,heap     ] GC(10) Archive regions: 2->2
[2024-02-16T10:07:53.276+0900][gc,heap     ] GC(10) Humongous regions: 129->129
[2024-02-16T10:07:53.276+0900][gc,metaspace] GC(10) Metaspace: 43053K(43712K)->43053K(43712K) NonClass: 38210K(38592K)->38210K(38592K) Class: 4842K(5120K)->4842K(5120K)
[2024-02-16T10:07:53.276+0900][gc          ] GC(10) Pause Young (Normal) (G1 Evacuation Pause) 196M->149M(1024M) 15.264ms
[2024-02-16T10:07:53.276+0900][gc,cpu      ] GC(10) User=0.02s Sys=0.02s Real=0.01s
[2024-02-16T10:13:38.970+0900][gc,start    ] GC(11) Pause Young (Normal) (G1 Evacuation Pause)
[2024-02-16T10:13:38.972+0900][gc,task     ] GC(11) Using 8 workers of 8 for evacuation
[2024-02-16T10:13:38.995+0900][gc,mmu      ] GC(11) MMU target violated: 21.0ms (20.0ms/21.0ms)
[2024-02-16T10:13:38.995+0900][gc,phases   ] GC(11)   Pre Evacuate Collection Set: 1.3ms
[2024-02-16T10:13:38.995+0900][gc,phases   ] GC(11)   Merge Heap Roots: 0.3ms
[2024-02-16T10:13:38.995+0900][gc,phases   ] GC(11)   Evacuate Collection Set: 19.1ms
[2024-02-16T10:13:38.995+0900][gc,phases   ] GC(11)   Post Evacuate Collection Set: 0.8ms
[2024-02-16T10:13:38.995+0900][gc,phases   ] GC(11)   Other: 2.0ms
[2024-02-16T10:13:38.995+0900][gc,heap     ] GC(11) Eden regions: 47->0(47)
[2024-02-16T10:13:38.995+0900][gc,heap     ] GC(11) Survivor regions: 4->4(7)
[2024-02-16T10:13:38.995+0900][gc,heap     ] GC(11) Old regions: 16->17
[2024-02-16T10:13:38.996+0900][gc,heap     ] GC(11) Archive regions: 2->2
[2024-02-16T10:13:38.996+0900][gc,heap     ] GC(11) Humongous regions: 129->129
[2024-02-16T10:13:38.996+0900][gc,metaspace] GC(11) Metaspace: 43139K(43776K)->43139K(43776K) NonClass: 38297K(38656K)->38297K(38656K) Class: 4842K(5120K)->4842K(5120K)
[2024-02-16T10:13:38.996+0900][gc          ] GC(11) Pause Young (Normal) (G1 Evacuation Pause) 196M->150M(1024M) 27.165ms
[2024-02-16T10:13:38.996+0900][gc,cpu      ] GC(11) User=0.01s Sys=0.03s Real=0.03s
[2024-02-16T10:19:10.726+0900][gc,start    ] GC(12) Pause Young (Normal) (G1 Evacuation Pause)
[2024-02-16T10:19:10.728+0900][gc,task     ] GC(12) Using 8 workers of 8 for evacuation
[2024-02-16T10:19:10.742+0900][gc,phases   ] GC(12)   Pre Evacuate Collection Set: 0.4ms
[2024-02-16T10:19:10.742+0900][gc,phases   ] GC(12)   Merge Heap Roots: 0.3ms
[2024-02-16T10:19:10.742+0900][gc,phases   ] GC(12)   Evacuate Collection Set: 11.1ms
[2024-02-16T10:19:10.742+0900][gc,phases   ] GC(12)   Post Evacuate Collection Set: 1.1ms
[2024-02-16T10:19:10.742+0900][gc,phases   ] GC(12)   Other: 0.8ms
[2024-02-16T10:19:10.742+0900][gc,heap     ] GC(12) Eden regions: 47->0(47)
[2024-02-16T10:19:10.742+0900][gc,heap     ] GC(12) Survivor regions: 4->4(7)
[2024-02-16T10:19:10.742+0900][gc,heap     ] GC(12) Old regions: 17->17
[2024-02-16T10:19:10.742+0900][gc,heap     ] GC(12) Archive regions: 2->2
[2024-02-16T10:19:10.742+0900][gc,heap     ] GC(12) Humongous regions: 129->129
[2024-02-16T10:19:10.742+0900][gc,metaspace] GC(12) Metaspace: 43285K(43904K)->43285K(43904K) NonClass: 38443K(38784K)->38443K(38784K) Class: 4842K(5120K)->4842K(5120K)
[2024-02-16T10:19:10.742+0900][gc          ] GC(12) Pause Young (Normal) (G1 Evacuation Pause) 197M->150M(1024M) 16.466ms
[2024-02-16T10:19:10.742+0900][gc,cpu      ] GC(12) User=0.02s Sys=0.03s Real=0.02s
[2024-02-16T10:25:00.604+0900][gc,start    ] GC(13) Pause Young (Normal) (G1 Evacuation Pause)
[2024-02-16T10:25:00.606+0900][gc,task     ] GC(13) Using 8 workers of 8 for evacuation
[2024-02-16T10:25:00.622+0900][gc,phases   ] GC(13)   Pre Evacuate Collection Set: 2.0ms
[2024-02-16T10:25:00.622+0900][gc,phases   ] GC(13)   Merge Heap Roots: 0.3ms
[2024-02-16T10:25:00.622+0900][gc,phases   ] GC(13)   Evacuate Collection Set: 10.9ms
[2024-02-16T10:25:00.622+0900][gc,phases   ] GC(13)   Post Evacuate Collection Set: 1.6ms
[2024-02-16T10:25:00.622+0900][gc,phases   ] GC(13)   Other: 1.5ms
[2024-02-16T10:25:00.622+0900][gc,heap     ] GC(13) Eden regions: 47->0(46)
[2024-02-16T10:25:00.622+0900][gc,heap     ] GC(13) Survivor regions: 4->5(7)
[2024-02-16T10:25:00.622+0900][gc,heap     ] GC(13) Old regions: 17->17
[2024-02-16T10:25:00.622+0900][gc,heap     ] GC(13) Archive regions: 2->2
[2024-02-16T10:25:00.622+0900][gc,heap     ] GC(13) Humongous regions: 129->129
[2024-02-16T10:25:00.622+0900][gc,metaspace] GC(13) Metaspace: 43339K(43968K)->43339K(43968K) NonClass: 38497K(38848K)->38497K(38848K) Class: 4842K(5120K)->4842K(5120K)
[2024-02-16T10:25:00.622+0900][gc          ] GC(13) Pause Young (Normal) (G1 Evacuation Pause) 197M->150M(1024M) 19.029ms
[2024-02-16T10:25:00.622+0900][gc,cpu      ] GC(13) User=0.02s Sys=0.03s Real=0.02s
[2024-02-16T10:29:47.933+0900][gc,start    ] GC(14) Pause Young (Normal) (G1 Evacuation Pause)
[2024-02-16T10:29:47.935+0900][gc,task     ] GC(14) Using 8 workers of 8 for evacuation
[2024-02-16T10:29:47.964+0900][gc,mmu      ] GC(14) MMU target violated: 21.0ms (20.0ms/21.0ms)
[2024-02-16T10:29:47.964+0900][gc,phases   ] GC(14)   Pre Evacuate Collection Set: 2.1ms
[2024-02-16T10:29:47.964+0900][gc,phases   ] GC(14)   Merge Heap Roots: 0.2ms
[2024-02-16T10:29:47.964+0900][gc,phases   ] GC(14)   Evacuate Collection Set: 23.8ms
[2024-02-16T10:29:47.964+0900][gc,phases   ] GC(14)   Post Evacuate Collection Set: 2.7ms
[2024-02-16T10:29:47.964+0900][gc,phases   ] GC(14)   Other: 1.1ms
[2024-02-16T10:29:47.964+0900][gc,heap     ] GC(14) Eden regions: 46->0(46)
[2024-02-16T10:29:47.964+0900][gc,heap     ] GC(14) Survivor regions: 5->5(7)
[2024-02-16T10:29:47.964+0900][gc,heap     ] GC(14) Old regions: 17->17
[2024-02-16T10:29:47.964+0900][gc,heap     ] GC(14) Archive regions: 2->2
[2024-02-16T10:29:47.964+0900][gc,heap     ] GC(14) Humongous regions: 129->129
[2024-02-16T10:29:47.964+0900][gc,metaspace] GC(14) Metaspace: 43416K(44096K)->43416K(44096K) NonClass: 38570K(38976K)->38570K(38976K) Class: 4846K(5120K)->4846K(5120K)
[2024-02-16T10:29:47.965+0900][gc          ] GC(14) Pause Young (Normal) (G1 Evacuation Pause) 196M->151M(1024M) 32.360ms
[2024-02-16T10:29:47.965+0900][gc,cpu      ] GC(14) User=0.01s Sys=0.04s Real=0.03s
[2024-02-16T10:35:13.053+0900][gc,start    ] GC(15) Pause Young (Normal) (G1 Evacuation Pause)
[2024-02-16T10:35:13.054+0900][gc,task     ] GC(15) Using 8 workers of 8 for evacuation
[2024-02-16T10:35:13.068+0900][gc,phases   ] GC(15)   Pre Evacuate Collection Set: 1.5ms
[2024-02-16T10:35:13.068+0900][gc,phases   ] GC(15)   Merge Heap Roots: 0.5ms
[2024-02-16T10:35:13.068+0900][gc,phases   ] GC(15)   Evacuate Collection Set: 11.2ms
[2024-02-16T10:35:13.068+0900][gc,phases   ] GC(15)   Post Evacuate Collection Set: 0.8ms
[2024-02-16T10:35:13.068+0900][gc,phases   ] GC(15)   Other: 0.4ms
[2024-02-16T10:35:13.068+0900][gc,heap     ] GC(15) Eden regions: 46->0(61)
[2024-02-16T10:35:13.068+0900][gc,heap     ] GC(15) Survivor regions: 5->3(7)
[2024-02-16T10:35:13.068+0900][gc,heap     ] GC(15) Old regions: 17->20
[2024-02-16T10:35:13.068+0900][gc,heap     ] GC(15) Archive regions: 2->2
[2024-02-16T10:35:13.068+0900][gc,heap     ] GC(15) Humongous regions: 129->129
[2024-02-16T10:35:13.068+0900][gc,metaspace] GC(15) Metaspace: 43492K(44160K)->43492K(44160K) NonClass: 38645K(39040K)->38645K(39040K) Class: 4846K(5120K)->4846K(5120K)
[2024-02-16T10:35:13.069+0900][gc          ] GC(15) Pause Young (Normal) (G1 Evacuation Pause) 197M->151M(1024M) 15.552ms
[2024-02-16T10:35:13.069+0900][gc,cpu      ] GC(15) User=0.03s Sys=0.02s Real=0.01s
[2024-02-16T10:40:47.235+0900][gc,start    ] GC(16) Pause Young (Normal) (G1 Evacuation Pause)
[2024-02-16T10:40:47.236+0900][gc,task     ] GC(16) Using 8 workers of 8 for evacuation
[2024-02-16T10:40:47.261+0900][gc,mmu      ] GC(16) MMU target violated: 21.0ms (20.0ms/21.0ms)
[2024-02-16T10:40:47.261+0900][gc,phases   ] GC(16)   Pre Evacuate Collection Set: 1.2ms
[2024-02-16T10:40:47.261+0900][gc,phases   ] GC(16)   Merge Heap Roots: 0.3ms
[2024-02-16T10:40:47.261+0900][gc,phases   ] GC(16)   Evacuate Collection Set: 22.4ms
[2024-02-16T10:40:47.261+0900][gc,phases   ] GC(16)   Post Evacuate Collection Set: 0.9ms
[2024-02-16T10:40:47.261+0900][gc,phases   ] GC(16)   Other: 0.8ms
[2024-02-16T10:40:47.261+0900][gc,heap     ] GC(16) Eden regions: 61->0(44)
[2024-02-16T10:40:47.261+0900][gc,heap     ] GC(16) Survivor regions: 3->7(8)
[2024-02-16T10:40:47.261+0900][gc,heap     ] GC(16) Old regions: 20->20
[2024-02-16T10:40:47.261+0900][gc,heap     ] GC(16) Archive regions: 2->2
[2024-02-16T10:40:47.262+0900][gc,heap     ] GC(16) Humongous regions: 129->129
[2024-02-16T10:40:47.262+0900][gc,metaspace] GC(16) Metaspace: 43807K(44416K)->43807K(44416K) NonClass: 38895K(39232K)->38895K(39232K) Class: 4912K(5184K)->4912K(5184K)
[2024-02-16T10:40:47.262+0900][gc          ] GC(16) Pause Young (Normal) (G1 Evacuation Pause) 212M->155M(1024M) 26.733ms
[2024-02-16T10:40:47.262+0900][gc,cpu      ] GC(16) User=0.03s Sys=0.04s Real=0.03s
[2024-02-16T10:44:19.498+0900][gc,start    ] GC(17) Pause Young (Normal) (G1 Evacuation Pause)
[2024-02-16T10:44:19.499+0900][gc,task     ] GC(17) Using 8 workers of 8 for evacuation
[2024-02-16T10:44:19.539+0900][gc,mmu      ] GC(17) MMU target violated: 21.0ms (20.0ms/21.0ms)
[2024-02-16T10:44:19.539+0900][gc,phases   ] GC(17)   Pre Evacuate Collection Set: 1.1ms
[2024-02-16T10:44:19.539+0900][gc,phases   ] GC(17)   Merge Heap Roots: 0.3ms
[2024-02-16T10:44:19.539+0900][gc,phases   ] GC(17)   Evacuate Collection Set: 36.6ms
[2024-02-16T10:44:19.539+0900][gc,phases   ] GC(17)   Post Evacuate Collection Set: 1.1ms
[2024-02-16T10:44:19.539+0900][gc,phases   ] GC(17)   Other: 0.5ms
[2024-02-16T10:44:19.539+0900][gc,heap     ] GC(17) Eden regions: 44->0(46)
[2024-02-16T10:44:19.539+0900][gc,heap     ] GC(17) Survivor regions: 7->5(7)
[2024-02-16T10:44:19.539+0900][gc,heap     ] GC(17) Old regions: 20->25
[2024-02-16T10:44:19.539+0900][gc,heap     ] GC(17) Archive regions: 2->2
[2024-02-16T10:44:19.539+0900][gc,heap     ] GC(17) Humongous regions: 129->129
[2024-02-16T10:44:19.539+0900][gc,metaspace] GC(17) Metaspace: 43844K(44480K)->43844K(44480K) NonClass: 38932K(39296K)->38932K(39296K) Class: 4912K(5184K)->4912K(5184K)
[2024-02-16T10:44:19.539+0900][gc          ] GC(17) Pause Young (Normal) (G1 Evacuation Pause) 199M->158M(1024M) 40.630ms
[2024-02-16T10:44:19.539+0900][gc,cpu      ] GC(17) User=0.04s Sys=0.04s Real=0.04s
[2024-02-16T10:48:14.423+0900][gc,start    ] GC(18) Pause Young (Normal) (G1 Evacuation Pause)
[2024-02-16T10:48:14.424+0900][gc,task     ] GC(18) Using 8 workers of 8 for evacuation
[2024-02-16T10:48:14.443+0900][gc,phases   ] GC(18)   Pre Evacuate Collection Set: 1.1ms
[2024-02-16T10:48:14.443+0900][gc,phases   ] GC(18)   Merge Heap Roots: 0.6ms
[2024-02-16T10:48:14.443+0900][gc,phases   ] GC(18)   Evacuate Collection Set: 15.8ms
[2024-02-16T10:48:14.443+0900][gc,phases   ] GC(18)   Post Evacuate Collection Set: 0.8ms
[2024-02-16T10:48:14.443+0900][gc,phases   ] GC(18)   Other: 0.2ms
[2024-02-16T10:48:14.443+0900][gc,heap     ] GC(18) Eden regions: 46->0(46)
[2024-02-16T10:48:14.443+0900][gc,heap     ] GC(18) Survivor regions: 5->5(7)
[2024-02-16T10:48:14.443+0900][gc,heap     ] GC(18) Old regions: 25->28
[2024-02-16T10:48:14.443+0900][gc,heap     ] GC(18) Archive regions: 2->2
[2024-02-16T10:48:14.443+0900][gc,heap     ] GC(18) Humongous regions: 129->129
[2024-02-16T10:48:14.443+0900][gc,metaspace] GC(18) Metaspace: 43905K(44544K)->43905K(44544K) NonClass: 38993K(39360K)->38993K(39360K) Class: 4912K(5184K)->4912K(5184K)
[2024-02-16T10:48:14.443+0900][gc          ] GC(18) Pause Young (Normal) (G1 Evacuation Pause) 204M->161M(1024M) 19.617ms
[2024-02-16T10:48:14.443+0900][gc,cpu      ] GC(18) User=0.03s Sys=0.04s Real=0.02s
[2024-02-16T10:54:40.383+0900][gc,start    ] GC(19) Pause Young (Normal) (G1 Evacuation Pause)
[2024-02-16T10:54:40.384+0900][gc,task     ] GC(19) Using 8 workers of 8 for evacuation
[2024-02-16T10:54:40.394+0900][gc,phases   ] GC(19)   Pre Evacuate Collection Set: 1.8ms
[2024-02-16T10:54:40.394+0900][gc,phases   ] GC(19)   Merge Heap Roots: 0.5ms
[2024-02-16T10:54:40.394+0900][gc,phases   ] GC(19)   Evacuate Collection Set: 7.6ms
[2024-02-16T10:54:40.394+0900][gc,phases   ] GC(19)   Post Evacuate Collection Set: 0.5ms
[2024-02-16T10:54:40.394+0900][gc,phases   ] GC(19)   Other: 0.2ms
[2024-02-16T10:54:40.394+0900][gc,heap     ] GC(19) Eden regions: 46->0(66)
[2024-02-16T10:54:40.394+0900][gc,heap     ] GC(19) Survivor regions: 5->4(7)
[2024-02-16T10:54:40.394+0900][gc,heap     ] GC(19) Old regions: 28->31
[2024-02-16T10:54:40.394+0900][gc,heap     ] GC(19) Archive regions: 2->2
[2024-02-16T10:54:40.394+0900][gc,heap     ] GC(19) Humongous regions: 129->129
[2024-02-16T10:54:40.394+0900][gc,metaspace] GC(19) Metaspace: 43986K(44608K)->43986K(44608K) NonClass: 39074K(39424K)->39074K(39424K) Class: 4912K(5184K)->4912K(5184K)
[2024-02-16T10:54:40.394+0900][gc          ] GC(19) Pause Young (Normal) (G1 Evacuation Pause) 207M->164M(1024M) 11.328ms
[2024-02-16T10:54:40.394+0900][gc,cpu      ] GC(19) User=0.02s Sys=0.02s Real=0.01s
[2024-02-16T11:03:10.823+0900][gc,start    ] GC(20) Pause Young (Normal) (G1 Evacuation Pause)
[2024-02-16T11:03:10.825+0900][gc,task     ] GC(20) Using 8 workers of 8 for evacuation
[2024-02-16T11:03:10.849+0900][gc,mmu      ] GC(20) MMU target violated: 21.0ms (20.0ms/21.0ms)
[2024-02-16T11:03:10.849+0900][gc,phases   ] GC(20)   Pre Evacuate Collection Set: 2.3ms
[2024-02-16T11:03:10.849+0900][gc,phases   ] GC(20)   Merge Heap Roots: 0.9ms
[2024-02-16T11:03:10.849+0900][gc,phases   ] GC(20)   Evacuate Collection Set: 19.1ms
[2024-02-16T11:03:10.849+0900][gc,phases   ] GC(20)   Post Evacuate Collection Set: 0.8ms
[2024-02-16T11:03:10.849+0900][gc,phases   ] GC(20)   Other: 1.5ms
[2024-02-16T11:03:10.849+0900][gc,heap     ] GC(20) Eden regions: 62->0(44)
[2024-02-16T11:03:10.849+0900][gc,heap     ] GC(20) Survivor regions: 4->7(9)
[2024-02-16T11:03:10.849+0900][gc,heap     ] GC(20) Old regions: 31->31
[2024-02-16T11:03:10.849+0900][gc,heap     ] GC(20) Archive regions: 2->2
[2024-02-16T11:03:10.849+0900][gc,heap     ] GC(20) Humongous regions: 129->129
[2024-02-16T11:03:10.849+0900][gc,metaspace] GC(20) Metaspace: 44065K(44672K)->44065K(44672K) NonClass: 39153K(39488K)->39153K(39488K) Class: 4912K(5184K)->4912K(5184K)
[2024-02-16T11:03:10.849+0900][gc          ] GC(20) Pause Young (Normal) (G1 Evacuation Pause) 226M->167M(1024M) 25.577ms
[2024-02-16T11:03:10.849+0900][gc,cpu      ] GC(20) User=0.03s Sys=0.02s Real=0.02s
[2024-02-16T11:10:00.523+0900][gc,start    ] GC(21) Pause Young (Normal) (G1 Evacuation Pause)
[2024-02-16T11:10:00.525+0900][gc,task     ] GC(21) Using 8 workers of 8 for evacuation
[2024-02-16T11:10:00.565+0900][gc,mmu      ] GC(21) MMU target violated: 21.0ms (20.0ms/21.0ms)
[2024-02-16T11:10:00.565+0900][gc,phases   ] GC(21)   Pre Evacuate Collection Set: 1.0ms
[2024-02-16T11:10:00.565+0900][gc,phases   ] GC(21)   Merge Heap Roots: 0.9ms
[2024-02-16T11:10:00.565+0900][gc,phases   ] GC(21)   Evacuate Collection Set: 36.7ms
[2024-02-16T11:10:00.565+0900][gc,phases   ] GC(21)   Post Evacuate Collection Set: 1.1ms
[2024-02-16T11:10:00.565+0900][gc,phases   ] GC(21)   Other: 0.4ms
[2024-02-16T11:10:00.565+0900][gc,heap     ] GC(21) Eden regions: 44->0(46)
[2024-02-16T11:10:00.565+0900][gc,heap     ] GC(21) Survivor regions: 7->5(7)
[2024-02-16T11:10:00.565+0900][gc,heap     ] GC(21) Old regions: 31->37
[2024-02-16T11:10:00.565+0900][gc,heap     ] GC(21) Archive regions: 2->2
[2024-02-16T11:10:00.565+0900][gc,heap     ] GC(21) Humongous regions: 129->129
[2024-02-16T11:10:00.565+0900][gc,metaspace] GC(21) Metaspace: 44103K(44736K)->44103K(44736K) NonClass: 39191K(39552K)->39191K(39552K) Class: 4912K(5184K)->4912K(5184K)
[2024-02-16T11:10:00.565+0900][gc          ] GC(21) Pause Young (Normal) (G1 Evacuation Pause) 211M->170M(1024M) 41.621ms
[2024-02-16T11:10:00.565+0900][gc,cpu      ] GC(21) User=0.04s Sys=0.03s Real=0.04s
[2024-02-16T11:17:22.165+0900][gc,start    ] GC(22) Pause Young (Normal) (G1 Evacuation Pause)
[2024-02-16T11:17:22.173+0900][gc,task     ] GC(22) Using 8 workers of 8 for evacuation
[2024-02-16T11:17:22.195+0900][gc,mmu      ] GC(22) MMU target violated: 21.0ms (20.0ms/21.0ms)
[2024-02-16T11:17:22.195+0900][gc,phases   ] GC(22)   Pre Evacuate Collection Set: 0.5ms
[2024-02-16T11:17:22.195+0900][gc,phases   ] GC(22)   Merge Heap Roots: 0.1ms
[2024-02-16T11:17:22.195+0900][gc,phases   ] GC(22)   Evacuate Collection Set: 18.5ms
[2024-02-16T11:17:22.195+0900][gc,phases   ] GC(22)   Post Evacuate Collection Set: 3.1ms
[2024-02-16T11:17:22.195+0900][gc,phases   ] GC(22)   Other: 0.4ms
[2024-02-16T11:17:22.195+0900][gc,heap     ] GC(22) Eden regions: 46->0(56)
[2024-02-16T11:17:22.195+0900][gc,heap     ] GC(22) Survivor regions: 5->4(7)
[2024-02-16T11:17:22.195+0900][gc,heap     ] GC(22) Old regions: 37->40
[2024-02-16T11:17:22.195+0900][gc,heap     ] GC(22) Archive regions: 2->2
[2024-02-16T11:17:22.195+0900][gc,heap     ] GC(22) Humongous regions: 129->129
[2024-02-16T11:17:22.195+0900][gc,metaspace] GC(22) Metaspace: 44188K(44928K)->44188K(44928K) NonClass: 39258K(39680K)->39258K(39680K) Class: 4929K(5248K)->4929K(5248K)
[2024-02-16T11:17:22.195+0900][gc          ] GC(22) Pause Young (Normal) (G1 Evacuation Pause) 216M->173M(1024M) 29.816ms
[2024-02-16T11:17:22.195+0900][gc,cpu      ] GC(22) User=0.03s Sys=0.01s Real=0.03s
[2024-02-16T11:35:06.658+0900][gc,start    ] GC(23) Pause Young (Normal) (G1 Evacuation Pause)
[2024-02-16T11:35:06.659+0900][gc,task     ] GC(23) Using 8 workers of 8 for evacuation
[2024-02-16T11:35:06.699+0900][gc,mmu      ] GC(23) MMU target violated: 21.0ms (20.0ms/21.0ms)
[2024-02-16T11:35:06.699+0900][gc,phases   ] GC(23)   Pre Evacuate Collection Set: 1.9ms
[2024-02-16T11:35:06.699+0900][gc,phases   ] GC(23)   Merge Heap Roots: 0.7ms
[2024-02-16T11:35:06.699+0900][gc,phases   ] GC(23)   Evacuate Collection Set: 36.4ms
[2024-02-16T11:35:06.699+0900][gc,phases   ] GC(23)   Post Evacuate Collection Set: 0.9ms
[2024-02-16T11:35:06.700+0900][gc,phases   ] GC(23)   Other: 0.7ms
[2024-02-16T11:35:06.700+0900][gc,heap     ] GC(23) Eden regions: 56->0(46)
[2024-02-16T11:35:06.700+0900][gc,heap     ] GC(23) Survivor regions: 4->5(8)
[2024-02-16T11:35:06.700+0900][gc,heap     ] GC(23) Old regions: 40->40
[2024-02-16T11:35:06.700+0900][gc,heap     ] GC(23) Archive regions: 2->2
[2024-02-16T11:35:06.700+0900][gc,heap     ] GC(23) Humongous regions: 129->129
[2024-02-16T11:35:06.700+0900][gc,metaspace] GC(23) Metaspace: 44522K(45184K)->44522K(45184K) NonClass: 39550K(39936K)->39550K(39936K) Class: 4972K(5248K)->4972K(5248K)
[2024-02-16T11:35:06.700+0900][gc          ] GC(23) Pause Young (Normal) (G1 Evacuation Pause) 229M->173M(1024M) 41.957ms
[2024-02-16T11:35:06.700+0900][gc,cpu      ] GC(23) User=0.02s Sys=0.05s Real=0.05s
[2024-02-16T11:52:28.205+0900][gc,start    ] GC(24) Pause Young (Normal) (G1 Evacuation Pause)
[2024-02-16T11:52:28.209+0900][gc,task     ] GC(24) Using 8 workers of 8 for evacuation
[2024-02-16T11:52:28.241+0900][gc,mmu      ] GC(24) MMU target violated: 21.0ms (20.0ms/21.0ms)
[2024-02-16T11:52:28.241+0900][gc,phases   ] GC(24)   Pre Evacuate Collection Set: 4.5ms
[2024-02-16T11:52:28.241+0900][gc,phases   ] GC(24)   Merge Heap Roots: 2.7ms
[2024-02-16T11:52:28.241+0900][gc,phases   ] GC(24)   Evacuate Collection Set: 20.1ms
[2024-02-16T11:52:28.241+0900][gc,phases   ] GC(24)   Post Evacuate Collection Set: 2.8ms
[2024-02-16T11:52:28.241+0900][gc,phases   ] GC(24)   Other: 2.8ms
[2024-02-16T11:52:28.241+0900][gc,heap     ] GC(24) Eden regions: 46->0(50)
[2024-02-16T11:52:28.241+0900][gc,heap     ] GC(24) Survivor regions: 5->1(7)
[2024-02-16T11:52:28.241+0900][gc,heap     ] GC(24) Old regions: 40->44
[2024-02-16T11:52:28.241+0900][gc,heap     ] GC(24) Archive regions: 2->2
[2024-02-16T11:52:28.241+0900][gc,heap     ] GC(24) Humongous regions: 129->129
[2024-02-16T11:52:28.242+0900][gc,metaspace] GC(24) Metaspace: 44528K(45184K)->44528K(45184K) NonClass: 39555K(39936K)->39555K(39936K) Class: 4972K(5248K)->4972K(5248K)
[2024-02-16T11:52:28.245+0900][gc          ] GC(24) Pause Young (Normal) (G1 Evacuation Pause) 219M->173M(1024M) 40.695ms
[2024-02-16T11:52:28.245+0900][gc,cpu      ] GC(24) User=0.02s Sys=0.02s Real=0.04s
[2024-02-16T12:11:33.368+0900][gc,start    ] GC(25) Pause Young (Normal) (G1 Evacuation Pause)
[2024-02-16T12:11:33.369+0900][gc,task     ] GC(25) Using 8 workers of 8 for evacuation
[2024-02-16T12:11:33.373+0900][gc,phases   ] GC(25)   Pre Evacuate Collection Set: 0.4ms
[2024-02-16T12:11:33.373+0900][gc,phases   ] GC(25)   Merge Heap Roots: 0.1ms
[2024-02-16T12:11:33.373+0900][gc,phases   ] GC(25)   Evacuate Collection Set: 2.9ms
[2024-02-16T12:11:33.373+0900][gc,phases   ] GC(25)   Post Evacuate Collection Set: 0.6ms
[2024-02-16T12:11:33.373+0900][gc,phases   ] GC(25)   Other: 0.3ms
[2024-02-16T12:11:33.373+0900][gc,heap     ] GC(25) Eden regions: 50->0(58)
[2024-02-16T12:11:33.373+0900][gc,heap     ] GC(25) Survivor regions: 1->1(7)
[2024-02-16T12:11:33.373+0900][gc,heap     ] GC(25) Old regions: 44->44
[2024-02-16T12:11:33.373+0900][gc,heap     ] GC(25) Archive regions: 2->2
[2024-02-16T12:11:33.373+0900][gc,heap     ] GC(25) Humongous regions: 129->129
[2024-02-16T12:11:33.373+0900][gc,metaspace] GC(25) Metaspace: 44531K(45184K)->44531K(45184K) NonClass: 39559K(39936K)->39559K(39936K) Class: 4972K(5248K)->4972K(5248K)
[2024-02-16T12:11:33.373+0900][gc          ] GC(25) Pause Young (Normal) (G1 Evacuation Pause) 223M->173M(1024M) 5.315ms
[2024-02-16T12:11:33.374+0900][gc,cpu      ] GC(25) User=0.01s Sys=0.01s Real=0.01s
[2024-02-16T12:33:58.374+0900][gc,start    ] GC(26) Pause Young (Normal) (G1 Evacuation Pause)
[2024-02-16T12:33:58.375+0900][gc,task     ] GC(26) Using 8 workers of 8 for evacuation
[2024-02-16T12:33:58.382+0900][gc,phases   ] GC(26)   Pre Evacuate Collection Set: 0.4ms
[2024-02-16T12:33:58.382+0900][gc,phases   ] GC(26)   Merge Heap Roots: 0.2ms
[2024-02-16T12:33:58.382+0900][gc,phases   ] GC(26)   Evacuate Collection Set: 5.5ms
[2024-02-16T12:33:58.382+0900][gc,phases   ] GC(26)   Post Evacuate Collection Set: 0.8ms
[2024-02-16T12:33:58.382+0900][gc,phases   ] GC(26)   Other: 0.3ms
[2024-02-16T12:33:58.382+0900][gc,heap     ] GC(26) Eden regions: 58->0(72)
[2024-02-16T12:33:58.382+0900][gc,heap     ] GC(26) Survivor regions: 1->1(8)
[2024-02-16T12:33:58.382+0900][gc,heap     ] GC(26) Old regions: 44->44
[2024-02-16T12:33:58.382+0900][gc,heap     ] GC(26) Archive regions: 2->2
[2024-02-16T12:33:58.382+0900][gc,heap     ] GC(26) Humongous regions: 129->129
[2024-02-16T12:33:58.382+0900][gc,metaspace] GC(26) Metaspace: 44533K(45184K)->44533K(45184K) NonClass: 39560K(39936K)->39560K(39936K) Class: 4972K(5248K)->4972K(5248K)
[2024-02-16T12:33:58.382+0900][gc          ] GC(26) Pause Young (Normal) (G1 Evacuation Pause) 231M->173M(1024M) 8.127ms
[2024-02-16T12:33:58.382+0900][gc,cpu      ] GC(26) User=0.01s Sys=0.01s Real=0.01s
[2024-02-16T13:01:54.560+0900][gc,start    ] GC(27) Pause Young (Normal) (G1 Evacuation Pause)
[2024-02-16T13:01:54.562+0900][gc,task     ] GC(27) Using 8 workers of 8 for evacuation
[2024-02-16T13:01:54.569+0900][gc,phases   ] GC(27)   Pre Evacuate Collection Set: 0.4ms
[2024-02-16T13:01:54.569+0900][gc,phases   ] GC(27)   Merge Heap Roots: 0.7ms
[2024-02-16T13:01:54.569+0900][gc,phases   ] GC(27)   Evacuate Collection Set: 4.0ms
[2024-02-16T13:01:54.569+0900][gc,phases   ] GC(27)   Post Evacuate Collection Set: 1.2ms
[2024-02-16T13:01:54.569+0900][gc,phases   ] GC(27)   Other: 1.0ms
[2024-02-16T13:01:54.570+0900][gc,heap     ] GC(27) Eden regions: 72->0(613)
[2024-02-16T13:01:54.570+0900][gc,heap     ] GC(27) Survivor regions: 1->1(10)
[2024-02-16T13:01:54.570+0900][gc,heap     ] GC(27) Old regions: 44->44
[2024-02-16T13:01:54.570+0900][gc,heap     ] GC(27) Archive regions: 2->2
[2024-02-16T13:01:54.570+0900][gc,heap     ] GC(27) Humongous regions: 129->129
[2024-02-16T13:01:54.570+0900][gc,metaspace] GC(27) Metaspace: 44534K(45184K)->44534K(45184K) NonClass: 39561K(39936K)->39561K(39936K) Class: 4972K(5248K)->4972K(5248K)
[2024-02-16T13:01:54.570+0900][gc          ] GC(27) Pause Young (Normal) (G1 Evacuation Pause) 245M->173M(1024M) 10.532ms
[2024-02-16T13:01:54.570+0900][gc,cpu      ] GC(27) User=0.00s Sys=0.01s Real=0.01s
[2024-02-16T17:01:39.139+0900][gc,start    ] GC(28) Pause Young (Normal) (G1 Evacuation Pause)
[2024-02-16T17:01:39.143+0900][gc,task     ] GC(28) Using 8 workers of 8 for evacuation
[2024-02-16T17:01:39.175+0900][gc,mmu      ] GC(28) MMU target violated: 21.0ms (20.0ms/21.0ms)
[2024-02-16T17:01:39.175+0900][gc,phases   ] GC(28)   Pre Evacuate Collection Set: 4.7ms
[2024-02-16T17:01:39.175+0900][gc,phases   ] GC(28)   Merge Heap Roots: 1.2ms
[2024-02-16T17:01:39.175+0900][gc,phases   ] GC(28)   Evacuate Collection Set: 18.8ms
[2024-02-16T17:01:39.175+0900][gc,phases   ] GC(28)   Post Evacuate Collection Set: 4.7ms
[2024-02-16T17:01:39.176+0900][gc,phases   ] GC(28)   Other: 3.2ms
[2024-02-16T17:01:39.176+0900][gc,heap     ] GC(28) Eden regions: 613->0(282)
[2024-02-16T17:01:39.176+0900][gc,heap     ] GC(28) Survivor regions: 1->1(77)
[2024-02-16T17:01:39.176+0900][gc,heap     ] GC(28) Old regions: 44->44
[2024-02-16T17:01:39.176+0900][gc,heap     ] GC(28) Archive regions: 2->2
[2024-02-16T17:01:39.176+0900][gc,heap     ] GC(28) Humongous regions: 129->129
[2024-02-16T17:01:39.176+0900][gc,metaspace] GC(28) Metaspace: 44577K(45184K)->44577K(45184K) NonClass: 39604K(39936K)->39604K(39936K) Class: 4972K(5248K)->4972K(5248K)
[2024-02-16T17:01:39.176+0900][gc          ] GC(28) Pause Young (Normal) (G1 Evacuation Pause) 786M->173M(1024M) 37.619ms
[2024-02-16T17:01:39.177+0900][gc,cpu      ] GC(28) User=0.01s Sys=0.04s Real=0.04s
[2024-02-16T19:02:23.824+0900][gc,start    ] GC(29) Pause Young (Normal) (G1 Evacuation Pause)
[2024-02-16T19:02:23.828+0900][gc,task     ] GC(29) Using 8 workers of 8 for evacuation
[2024-02-16T19:02:23.847+0900][gc,phases   ] GC(29)   Pre Evacuate Collection Set: 2.7ms
[2024-02-16T19:02:23.847+0900][gc,phases   ] GC(29)   Merge Heap Roots: 0.8ms
[2024-02-16T19:02:23.847+0900][gc,phases   ] GC(29)   Evacuate Collection Set: 11.5ms
[2024-02-16T19:02:23.847+0900][gc,phases   ] GC(29)   Post Evacuate Collection Set: 2.1ms
[2024-02-16T19:02:23.847+0900][gc,phases   ] GC(29)   Other: 2.6ms
[2024-02-16T19:02:23.847+0900][gc,heap     ] GC(29) Eden regions: 282->0(415)
[2024-02-16T19:02:23.847+0900][gc,heap     ] GC(29) Survivor regions: 1->1(36)
[2024-02-16T19:02:23.847+0900][gc,heap     ] GC(29) Old regions: 44->44
[2024-02-16T19:02:23.847+0900][gc,heap     ] GC(29) Archive regions: 2->2
[2024-02-16T19:02:23.847+0900][gc,heap     ] GC(29) Humongous regions: 129->129
[2024-02-16T19:02:23.848+0900][gc,metaspace] GC(29) Metaspace: 44583K(45248K)->44583K(45248K) NonClass: 39610K(40000K)->39610K(40000K) Class: 4972K(5248K)->4972K(5248K)
[2024-02-16T19:02:23.848+0900][gc          ] GC(29) Pause Young (Normal) (G1 Evacuation Pause) 455M->173M(1024M) 25.837ms
[2024-02-16T19:02:23.848+0900][gc,cpu      ] GC(29) User=0.01s Sys=0.03s Real=0.02s
