[2024-02-16T09:26:53.212+0900][gc,init] CardTable entry size: 512
[2024-02-16T09:26:53.212+0900][gc     ] Using G1
[2024-02-16T09:26:53.214+0900][gc,init] Version: 19.0.2+7-44 (release)
[2024-02-16T09:26:53.214+0900][gc,init] CPUs: 8 total, 8 available
[2024-02-16T09:26:53.214+0900][gc,init] Memory: 8192M
[2024-02-16T09:26:53.214+0900][gc,init] Large Page Support: Disabled
[2024-02-16T09:26:53.214+0900][gc,init] NUMA Support: Disabled
[2024-02-16T09:26:53.214+0900][gc,init] Compressed Oops: Enabled (Zero based)
[2024-02-16T09:26:53.214+0900][gc,init] Heap Region Size: 1M
[2024-02-16T09:26:53.214+0900][gc,init] Heap Min Capacity: 512M
[2024-02-16T09:26:53.214+0900][gc,init] Heap Initial Capacity: 512M
[2024-02-16T09:26:53.214+0900][gc,init] Heap Max Capacity: 512M
[2024-02-16T09:26:53.214+0900][gc,init] Pre-touch: Disabled
[2024-02-16T09:26:53.214+0900][gc,init] Parallel Workers: 8
[2024-02-16T09:26:53.214+0900][gc,init] Concurrent Workers: 2
[2024-02-16T09:26:53.214+0900][gc,init] Concurrent Refinement Workers: 8
[2024-02-16T09:26:53.214+0900][gc,init] Periodic GC: Disabled
[2024-02-16T09:26:53.215+0900][gc,metaspace] CDS archive(s) mapped at: [0x0000000800000000-0x0000000800c48000-0x0000000800c48000), size 12877824, SharedBaseAddress: 0x0000000800000000, ArchiveRelocationMode: 0.
[2024-02-16T09:26:53.215+0900][gc,metaspace] Compressed class space mapped at: 0x0000000801000000-0x0000000841000000, reserved size: 1073741824
[2024-02-16T09:26:53.215+0900][gc,metaspace] Narrow klass base: 0x0000000800000000, Narrow klass shift: 0, Narrow klass range: 0x100000000
[2024-02-16T09:26:54.207+0900][gc,start    ] GC(0) Pause Young (Normal) (G1 Evacuation Pause)
[2024-02-16T09:26:54.207+0900][gc,task     ] GC(0) Using 8 workers of 8 for evacuation
[2024-02-16T09:26:54.214+0900][gc,phases   ] GC(0)   Pre Evacuate Collection Set: 0.1ms
[2024-02-16T09:26:54.214+0900][gc,phases   ] GC(0)   Merge Heap Roots: 0.1ms
[2024-02-16T09:26:54.214+0900][gc,phases   ] GC(0)   Evacuate Collection Set: 4.9ms
[2024-02-16T09:26:54.214+0900][gc,phases   ] GC(0)   Post Evacuate Collection Set: 1.5ms
[2024-02-16T09:26:54.214+0900][gc,phases   ] GC(0)   Other: 0.6ms
[2024-02-16T09:26:54.214+0900][gc,heap     ] GC(0) Eden regions: 25->0(21)
[2024-02-16T09:26:54.214+0900][gc,heap     ] GC(0) Survivor regions: 0->4(4)
[2024-02-16T09:26:54.214+0900][gc,heap     ] GC(0) Old regions: 0->4
[2024-02-16T09:26:54.214+0900][gc,heap     ] GC(0) Archive regions: 2->2
[2024-02-16T09:26:54.214+0900][gc,heap     ] GC(0) Humongous regions: 0->0
[2024-02-16T09:26:54.214+0900][gc,metaspace] GC(0) Metaspace: 8210K(8384K)->8210K(8384K) NonClass: 7341K(7424K)->7341K(7424K) Class: 868K(960K)->868K(960K)
[2024-02-16T09:26:54.214+0900][gc          ] GC(0) Pause Young (Normal) (G1 Evacuation Pause) 25M->8M(512M) 7.389ms
[2024-02-16T09:26:54.214+0900][gc,cpu      ] GC(0) User=0.01s Sys=0.01s Real=0.01s
[2024-02-16T10:27:55.854+0900][gc,start    ] GC(1) Pause Young (Normal) (G1 Evacuation Pause)
[2024-02-16T10:27:55.856+0900][gc,task     ] GC(1) Using 8 workers of 8 for evacuation
[2024-02-16T10:27:55.909+0900][gc,mmu      ] GC(1) MMU target violated: 21.0ms (20.0ms/21.0ms)
[2024-02-16T10:27:55.909+0900][gc,phases   ] GC(1)   Pre Evacuate Collection Set: 2.6ms
[2024-02-16T10:27:55.909+0900][gc,phases   ] GC(1)   Merge Heap Roots: 0.6ms
[2024-02-16T10:27:55.909+0900][gc,phases   ] GC(1)   Evacuate Collection Set: 48.2ms
[2024-02-16T10:27:55.909+0900][gc,phases   ] GC(1)   Post Evacuate Collection Set: 1.1ms
[2024-02-16T10:27:55.909+0900][gc,phases   ] GC(1)   Other: 0.5ms
[2024-02-16T10:27:55.909+0900][gc,heap     ] GC(1) Eden regions: 21->0(24)
[2024-02-16T10:27:55.909+0900][gc,heap     ] GC(1) Survivor regions: 4->1(4)
[2024-02-16T10:27:55.909+0900][gc,heap     ] GC(1) Old regions: 4->8
[2024-02-16T10:27:55.909+0900][gc,heap     ] GC(1) Archive regions: 2->2
[2024-02-16T10:27:55.909+0900][gc,heap     ] GC(1) Humongous regions: 0->0
[2024-02-16T10:27:55.909+0900][gc,metaspace] GC(1) Metaspace: 9498K(9728K)->9498K(9728K) NonClass: 8541K(8640K)->8541K(8640K) Class: 957K(1088K)->957K(1088K)
[2024-02-16T10:27:55.909+0900][gc          ] GC(1) Pause Young (Normal) (G1 Evacuation Pause) 29M->9M(512M) 54.927ms
[2024-02-16T10:27:55.909+0900][gc,cpu      ] GC(1) User=0.01s Sys=0.04s Real=0.05s
[2024-02-16T11:17:33.335+0900][gc,heap,exit] Heap
[2024-02-16T11:17:33.336+0900][gc,heap,exit]  garbage-first heap   total 524288K, used 22885K [0x00000007e0000000, 0x0000000800000000)
[2024-02-16T11:17:33.336+0900][gc,heap,exit]   region size 1024K, 14 young (14336K), 1 survivors (1024K)
[2024-02-16T11:17:33.336+0900][gc,heap,exit]  Metaspace       used 9522K, committed 9728K, reserved 1114112K
[2024-02-16T11:17:33.336+0900][gc,heap,exit]   class space    used 957K, committed 1088K, reserved 1048576K
